[  000000 Itializing cgroup subsys cpuset
[    0.000000] Initializing cgroup subsys cpu
[    0.000000] Initializing cgroup subsys cpuacct
[    0.000000] Linux version 4.4.0-36-generic (buildd@lcy01-01) (gcc version 5.4.0 20160609 (Ubuntu 5.4.0-6ubuntu1~16.04.2) ) #55-Ubuntu SMP Thu Aug 11 18:01:55 UTC 2016 (Ubtu 44.3655-ger 4.4.16)
[    0.00000]omand le:BOOT_IMAGE=/boot/vmlinuz-4.4.0-36-generic root=UUID=2e5517a9-12c7-464a-a343-9df3b428b47f ro console=tty1 console=ttyS0
[    0.000000] KERNEL supported cpus:
[    0.000000]   Intel GenuineIntel
[    0.000000]   AMD AuthenticAMD
[    0.000000]   Centaur CentaurHauls
[    0.000000] x/f: xsat_offset2]:  576, xstate_sizes[2]:  256
[    0.00000] x8/f: uppoinXSAVE feaure 0x01: 'x87 floating point registers'
[    0.000000] x86/fpu: Supporting XSAVE feature 0x02: 'SSE registers'
[    0.000000] x86/fpu: Supporting XSAVE feature 0x04: 'AVX registers'
[    0.000000] x86/fpu: Enabled xstate features 0x7, context size is 832 bytes, using 'standard' format.
[    0.000000] x86/fpu: Using 'lazy' FPU context switches.
[    0.000000] e820: BIOS-provided physical RAM map:
[    0.000000] BIOS-e820: [mem 0x0000000000000000-0x000000000009fbff] usable
[    0.000000] BIOS-e820: [mem 0x000000000009fc00-0x000000000009ffff] reserved
[    0.000000] BIOS-e820: [mem 0x00000000000f00-0x0000000ffffreerved
[  000000 BS-820:me 0x0000000100000-0x000003ffeffff ubl
[    .000] BIO-e0: [m 00000003f000-0x00003fffffff] ACPI data
[   .00000] OSe820: me0x0000000fc0000x00000fec00fff] reserved
[    0.000000] BIOS-e820: [mem 0x00000000fee00000-0x00000000fee00fff] reserved
[    0.000000] BIOS-e820: [mem 0x00000000fffc0000-0x00000000ffffffff] reserved
[    0.000000] NX (Execute Disable) protection: active
[    0.000000] SMBIOS 2.5 present.
[    0.000000] Hypervisor detected: KVM
[    0.000000] e820: last_pfn = 0x3fff0 mx_chpfn = 0000000
[  000000] 86AT Congution 0-: B  WC U U  B WC UC- T 
[    0.00000] RR: Disbl
    00000 CPUMTs ll blank  vtualzesytem
[   0000000] found SMPMPable at em0x000ff-00009ffff] maped at [ff8000009ff
    0.0000 Scannng aeas fr w memy rruption[    0000] RAMDISK: [mem 0x36b26000-0x3758afff]
[    0.000000] ACPI: Early table checksum verificationdisabld
   0.000000] ACPI: RSDP 0x00000000000E0000 000024 (v02 VBOX  )
[    0.000000] ACPI: XSDT 0x000000003FFF0030 00003C (v01 VBOX   VBOXXSDT 00000001 ASL  00000061)
[    0.000000] ACPI: FACP 0x000000003FFF00F0 0000F4 (v04 VBOX   VBOXFACP 00000001 ASL  00000061)
[    0.000000] ACPI: DSDT 0x00000003FFF0470 00210F (v01 VBOX   VBOIO0000002NT 20100528)
[    0.000000] ACPI: FACS 0x000000003FFF0200 000040
[    0.000000] ACPI: FACS 0x000000003FFF02000040
[   0.0000] ACI:PIC 0000003FFF0400005C 02VBX VBXAPIC 000000AS  000006
    0000] APISST 0x000003FF0A000CC (v0 VX  VBOXCPU 000002NT20100528)
[    0.000000] No NUMA configuration fond
[    0.0000 Fakig a node at [mem 0x000000000-00000003effff
[   000000 NE_DAT0)llocad em 0x3ffeb000-0x3ffeffff]
[    0.000000] kvm-clock: Using msrs 4b564d01 and 4b564d00
[    0.000000] kvm-clock: cpu 0, msr 0:3ffe00 pimarycpclck
[    00000] kvmclk:using ch ofset f 313217cyes
[   .00000] clockouce k-cock:mak: xfffffffffffff max_cycles: 0x1cd42e4dffb, max_idle_ns: 88159091483 ns
[    0.000000] Zone ranges:
[    0.000000]   DMA      [mem 0x0000000000001000-0x0000000000ffffff]
[    0.000000]   DMA32    [mem 0x0000000001000000-0x000000003ffeffff]
[   0.000]  Norml emty
[   00000]  Dic   ept
[   0.00000] Movable zone start for each node
[    0.000000] Early memory node ranges
[    0.000000]   node   0: [mem 0x0000000000001000-0x000000000009efff]
[    0.000000]   node   0: [mem 0x0000000000100000-0x000000003ffeffff]
[    0.000000] Initmem setup node 0 [mem 0x0000000000001000-0x000000003ffeffff]
[    0.000000] ACPI: PM-Timer IO Port: 0x4008
[    0.000000] IOAPIC[0]: apic_id 2, version 32, address 0xfec00000, GSI 0-23
[    0.000000] ACPI: INT_SRC_OVR (bus 0 bus_irq 0 global_irq 2 dfl dfl)
[    0.000000] ACPI: INT_SRC_OVR (bus 0 bus_irq 9 global_irq 9 high level)
[    0.0000] si API (MAT)orSMP configraon inrmion
  0.0000smboo: loing 2CP,  htpg PUs
  0.000000]PMReisteedosve memory: [mem 0x00000000-0x00000fff]
[    0.000000] PM: Registered nosave memory: [mem 0x0009f000-0x0009ffff]
[    0.000000] PM: Registered nosave memory: [mm x000a000x000effff]
[    0.000000] PM: Registered nosave memory: [mem 0x000f0000-0x000fffff]
[    0.000000] e820: [mem 0x40000000-0xfebfffff] available for PCI devices
[    0.000000] Bootingarirtualized kernel on KVM
[    0.000000] clocksource: refined-jiffies: mask: 0xffffffff max_cycles: 0xffffffff, max_idle_ns: 7645519600211568 ns
[  0.0000 suppercpu: NR_CPUS:256 nr_cpumask_bits:256 nr_cpu_ids:2 nr_node_ids:1
[    0.000000] PERCPU: Embedded 33 pages/cpu @ffff88003fc00000 s98008 r8192 d28968 u1048576
[    0.000000] PV qspinochah tabl eris: 256 (order: 0, 4096 bytes)
[    0.000000] Built 1 zonelists in Node order, mobility grouping on.  Total pages: 257913
[    0.000000] Policy zone: DMA32
[    0.000000] Kernel commanlie: BOOT_MA=/oot/vmlinuz-4.4.0-36-generic root=UUID=2e5517a9-12c7-464a-a343-9df3b428b47f ro console=tty1 console=ttyS0
[    0.000000] PID hash table entries: 4096 (order: 3, 32768 bytes)
[    0.000000] Memory: 1001996K/1048120K available (8394K kernel code, 1282K rwdata, 3944K rodata, 1480K init, 1292K bss, 46124K reserved, 0K cma-reserved)
[    0.000000] SLUB: HWalign=64, Order=0-3, MinObjects=0, CPUs=2, Nodes=1
[    0.000000] Hierarchical RCU implementation.
[    0.000000] 	Build-time adjustment of leaf fanout to 64.
[    0.000000] 	RCU restricting CPUs from NR_CPUS=256 to nr_cpu_ids=2.
[    0.000000] RCU: Adjusting geometry for rcu_fanout_leaf=64, nr_cpu_ids=2
[    0.000000] NR_IRQS:16640 nr_irqs:440 16
[    0.000000] Console: colour VGA+ 80x25
[    0.000000] console [tty1] ebld
[    0.000] cool[ttyS0] enabled
[    0.000000] tsc: Detected 2600.000 MHz processor
[    7.358934] Calibrating delay loop (skippe preset value.. 5200.00 BogoMIPS (lpj=10400000)
[    7.409521] pid_max: default: 32768 minimum: 301
[    7.410569] ACPI: Core revision 20150930
[    7.412323] ACPI: 2 ACPI AML tables successfully acquired and loaded
[    7.413790] Security Framework initialized
[    7.414769] Yama: becoming mindful.
[    7.415616] AppArmor: AppArmor initialized
[    7.416624] Dentry cache hash table entries: 131072 (order: 8, 1048576 bytes)
[    7.418227] Inode-cache hash table entries: 65536 (order: 7, 524288 bytes)
[    7.472532] Mount-cache hash table entries: 2048 (order: 2, 16384 bytes)
[    7.551274] Mountpoint-cache hash table entries: 2048 (order: 2, 16384 bytes)
[    7.651982] Initializing cgroup subsys io
[    7.723291] Initializing cgroup subsys memory
[    7.766662] Initializing cgroup subsys devices
[    7.767669] Initializing cgroup subsys freezer
[    7.768665] Initializing cgroup subsys net_cls
[    7.769661] Initializing cgroup subsys perf_event
[    7.776257] Initializing cgroup subsys net_prio
[    7.777433] Initializing cgroup subsys hugetlb
[    7.778722] Initializing cgroup subsys pids
[    7.779906] CPU: Physical Processor ID: 0
[    7.787430] CPU: Processor Core ID: 0
[    7.803995] mce: CPU supports 0 MCE banks
[    7.879068] Last level iTLB entries: 4KB 1024, 2MB 1024, 4MB 1024
[    7.903188] Last level dTLB entries: 4KB 1024, 2MB 1024, 4MB 1024, 1GB 4
[    7.921964] Freeing SMP alternatives memory: 28K (ffffffff820b4000 - ffffffff820bb000)
[    7.984465] ftrace: allocating 31996 entries in 125 pages
[    8.044662] smpboot: Max logical packages: 1
[    8.105696] smpboot: APIC(0) Converting physical 0 to logical package 0
[    8.134999] x2apic enabled
[    8.135917] Switched APIC routing to physical x2apic.
[    8.138074] ..TIMER: vector=0x30 apic1=0 pin1=2 apic2=-1 pin2=-1
[    8.250642] smpboot: CPU0: Intel(R) Core(TM) i5-4278U CPU @ 2.60GHz (family: 0x6, model: 0x45, stepping: 0x1)
[    8.286559] Performance Events: unsupported p6 CPU model 69 no PMU driver, software events only.
[    8.305682] KVM setup paravirtual spinlock
[    8.324245] x86: Booting SMP configuration:
[    8.325214] .... node  #0, CPUs:      #1
[    8.343898] kvm-clock: cpu 1, msr 0:3ffe7041, secondary cpu clock
[    8.362224] mce: CPU supports 0 MCE banks
[    8.381187] x86: Booted up 1 node, 2 CPUs
[    8.404261] smpboot: Total of 2 processors activated (10400.00 BogoMIPS)
[    8.443948] devtmpfs: initialized
[    8.484576] evm: security.selinux
[    8.500310] evm: security.SMACK64
[    8.547044] evm: security.SMACK64EXEC
[    8.547941] evm: security.SMACK64TRANSMUTE
[    8.548884] evm: security.SMACK64MMAP
[    8.563955] evm: security.ima
[    8.564708] evm: security.capability
[    8.600031] clocksource: jiffies: mask: 0xffffffff max_cycles: 0xffffffff, max_idle_ns: 7645041785100000 ns
[    8.679528] pinctrl core: initialized pinctrl subsystem
[    8.720196] RTC time:  4:13:36, date: 09/02/16
[    8.768520] NET: Registered protocol family 16
[    8.820191] cpuidle: using governor ladder
[    8.876435] cpuidle: using governor menu
[    8.910110] PCCT header not found.
[    8.914046] ACPI: bus type PCI registered
[    8.920435] acpiphp: ACPI Hot Plug PCI Controller Driver version: 0.5
[    8.931770] PCI: Using configuration type 1 for base access
[    9.014250] ACPI: Added _OSI(Module Device)
[    9.026156] ACPI: Added _OSI(Processor Device)
[    9.027580] ACPI: Added _OSI(3.0 _SCP Extensions)
[    9.028653] ACPI: Added _OSI(Processor Aggregator Device)
[    9.030490] ACPI: Executed 1 blocks of module-level executable AML code
[    9.060449] ACPI: Interpreter enabled
[    9.061335] ACPI Exception: AE_NOT_FOUND, While evaluating Sleep State [\_S1_] (20150930/hwxface-580)
[    9.118323] ACPI Exception: AE_NOT_FOUND, While evaluating Sleep State [\_S2_] (20150930/hwxface-580)
[    9.120460] ACPI Exception: AE_NOT_FOUND, While evaluating Sleep State [\_S3_] (20150930/hwxface-580)
[    9.131395] ACPI Exception: AE_NOT_FOUND, While evaluating Sleep State [\_S4_] (20150930/hwxface-580)
[    9.135722] ACPI: (supports S0 S5)
[    9.144744] ACPI: Using IOAPIC for interrupt routing
[    9.153047] PCI: Using host bridge windows from ACPI; if necessary, use "pci=nocrs" and report a bug
[    9.163432] ACPI: PCI Root Bridge [PCI0] (domain 0000 [bus 00-ff])
[    9.184494] acpi PNP0A03:00: _OSC: OS supports [ASPM ClockPM Segments MSI]
[    9.192868] acpi PNP0A03:00: _OSC failed (AE_NOT_FOUND); disabling ASPM
[    9.199719] acpi PNP0A03:00: fail to add MMCONFIG information, can't access extended PCI configuration space under this bridge.
[    9.217066] PCI host bridge to bus 0000:00
[    9.220265] pci_bus 0000:00: root bus resource [io  0x0000-0x0cf7 window]
[    9.272678] pci_bus 0000:00: root bus resource [io  0x0d00-0xffff window]
[    9.347723] pci_bus 0000:00: root bus resource [mem 0x000a0000-0x000bffff window]
[    9.420906] pci_bus 0000:00: root bus resource [mem 0x40000000-0xffdfffff window]
[    9.502445] pci_bus 0000:00: root bus resource [bus 00-ff]
[    9.534946] pci 0000:00:01.1: legacy IDE quirk: reg 0x10: [io  0x01f0-0x01f7]
[    9.610729] pci 0000:00:01.1: legacy IDE quirk: reg 0x14: [io  0x03f6]
[    9.675407] pci 0000:00:01.1: legacy IDE quirk: reg 0x18: [io  0x0170-0x0177]
[    9.752031] pci 0000:00:01.1: legacy IDE quirk: reg 0x1c: [io  0x0376]
[    9.838666] pci 0000:00:07.0: quirk: [io  0x4000-0x403f] claimed by PIIX4 ACPI
[    9.908115] pci 0000:00:07.0: quirk: [io  0x4100-0x410f] claimed by PIIX4 SMB
[    9.979293] ACPI: PCI Interrupt Link [LNKA] (IRQs 5 9 10 *11)
[   10.027276] ACPI: PCI Interrupt Link [LNKB] (IRQs 5 9 10 *11)
[   10.039999] ACPI: PCI Interrupt Link [LNKC] (IRQs 5 9 *10 11)
[   10.050869] ACPI: PCI Interrupt Link [LNKD] (IRQs 5 *9 10 11)
[   10.115226] ACPI: Enabled 2 GPEs in block 00 to 07
[   10.138540] vgaarb: setting as boot device: PCI:0000:00:02.0
[   10.171132] vgaarb: device added: PCI:0000:00:02.0,decodes=io+mem,owns=io+mem,locks=none
[   10.237972] vgaarb: loaded
[   10.252320] vgaarb: bridge control possible 0000:00:02.0
[   10.258560] SCSI subsystem initialized
[   10.261759] ACPI: bus type USB registered
[   10.293085] usbcore: registered new interface driver usbfs
[   10.340348] usbcore: registered new interface driver hub
[   10.383271] usbcore: registered new device driver usb
[   10.435288] PCI: Using ACPI for IRQ routing
[   10.474824] NetLabel: Initializing
[   10.512639] NetLabel:  domain hash size = 128
[   10.544666] NetLabel:  protocols = UNLABELED CIPSOv4
[   10.593893] NetLabel:  unlabeled traffic allowed by default
[   10.635649] amd_nb: Cannot enumerate AMD northbridges
[   10.685335] clocksource: Switched to clocksource kvm-clock
[ 10810]ppmo AArr lesyemnaed[ 11385854] pnp:Pn ACPI init
[ 11615]npPnAC: un3 vis
[   12.092087] clocksource: acpi_pm: mask: 0xffffff max_cycles: 0xffffff, max_idle_ns: 2085701024 ns
[   12.267891] NET: Registered protocol family 2
[   12.290449] TCP established hash table entries: 8192 (order: 4, 65536 bytes)
[   12.356402] TCP bind hash table entries: 8192 (order: 5, 131072 bytes)
[   12.390718] TCP: Hash tables configured (established 8192 bind 8192)
[   12.408990] UDP hash table entries: 512 (order: 2, 16384 bytes)
[   12.415467] UDP-Lite hash table entries: 512 (order: 2, 16384 bytes)
[   12.422633] NET: Registered protocol family 1
[   12.433407] pci 0000:00:00.0: Limiting direct PCI/PCI transfers
[   12.441604] pci 0000:00:01.0: Activating ISA DMA hang workarounds
[   12.450144] Trying to unpack rootfs image as initramfs...
[ 12067]rengnid mo: 64 (ff00b200 ff8038b00
   13.513497] RAPL PMU detected, API unit is 2^-32 Joules, 4 fixed counters 10737418240 ms ovfl timer
[   13.547737] hw unit of domain pp0-core 2^-0 Joules
[   13.548948] hw unit of domain package 2^-0 Joules

[   13.551906] hw unit of domain dram 2^-0 Joules
[   13.553804] hw unit of domain pp1-gpu 2^-0 Joules
[   13.554938] platform rtc_cmos: registered platform RTC device (no PNP device found)
[   13.567252] Scanning for low memory corruption every 60 seconds
[   13.569028] futex hash table entries: 512 (order: 3, 32768 bytes)
[   13.605578] audit: initializing netlink subsys (disabled)
[   13.606761] audit: type=2000 audit(1472789615.526:1): initialized
[   13.608299] Initialise system trusted keyring
[   13.609544] HugeTLB registered 2 MB page size, pre-allocated 0 pages
[   13.684291] zbud: loaded
[   13.685240] VFS: Disk quotas dquot_6.6.0
[   13.692439] VFS: Dquot-cache hash table entries: 512 (order 0, 4096 bytes)
[   13.702518] squashfs: version 4.0 (2009/01/31) Phillip Lougher
[   13.727259] fuse init (API version 7.23)
[   13.900052] Key type big_key registered
[   14.052010] Allocating IMA MOK and blacklist keyrings.
[   14.213905] Key type asymmetric registered
[   14.216180] Asymmetric key parser 'x509' registered
[   14.336523] Block layer SCSI generic (bsg) driver version 0.4 loaded (major 249)
[   14.467272] io scheduler noop registered
[   14.522058] io scheduler deadline registered (default)
[   14.555712] tsc: Refined TSC clocksource calibration: 2602.971 MHz
[   14.555713] clocksource: tsc: mask: 0xffffffffffffffff max_cycles: 0x258532b1664, max_idle_ns: 440795215971 ns
[   14.701202] io scheduler cfq registered
[   14.734309] pci_hotplug: PCI Hot Plug PCI Core version: 0.5
[   14.793530] pciehp: PCI Express Hot Plug Controller Driver version: 0.4
[   14.797301] ACPI: AC Adapter [AC] (on-line)
[   14.803365] input: Power Button as /devices/LNXSYSTM:00/LNXPWRBN:00/input/input0
[   14.886877] ACPI: Power Button [PWRF]
[   14.950361] input: Sleep Button as /devices/LNXSYSTM:00/LNXSLPBN:00/input/input1
[   15.058449] ACPI: Sleep Button [SLPF]
[   15.126362] GHES: HEST is not enabled!
[   15.127261] ACPI: Battery Slot [BAT0] (battery present)
[   15.217496] Serial: 8250/16550 driver, 32 ports, IRQ sharing enabled
[   15.309058] 00:02: ttyS0 at I/O 0x3f8 (irq = 4, base_baud = 115200) is a 16550A
[   15.353094] Linux agpgart interface v0.103
[   15.419428] brd: module loaded
[   15.473260] loop: module loaded
[   15.582866] scsi host0: ata_piix
[   15.650160] scsi host1: ata_piix
[   15.736411] ata1: PATA max UDMA/33 cmd 0x1f0 ctl 0x3f6 bmdma 0xd000 irq 14
[   15.827561] ata2: PATA max UDMA/33 cmd 0x170 ctl 0x376 bmdma 0xd008 irq 15
[   15.832122] libphy: Fixed MDIO Bus: probed
[   15.846354] tun: Universal TUN/TAP device driver, 1.6
[   15.917584] tun: (C) 1999-2004 Max Krasnyansky <maxk@qualcomm.com>
[   15.919018] PPP generic driver version 2.4.2
[   15.920075] ehci_hcd: USB 2.0 'Enhanced' Host Controller (EHCI) Driver
[   15.921460] ehci-pci: EHCI PCI platform driver
[   15.922571] ehci-platform: EHCI generic platform driver
[   15.923741] ohci_hcd: USB 1.1 'Open' Host Controller (OHCI) Driver
[   15.925054] ohci-pci: OHCI PCI platform driver
[   15.926294] ohci-platform: OHCI generic platform driver
[   15.927618] uhci_hcd: USB Universal Host Controller Interface driver
[   15.984259] i8042: PNP: PS/2 Controller [PNP0303:PS2K,PNP0f03:PS2M] at 0x60,0x64 irq 1,12
[   16.041415] serio: i8042 KBD port at 0x60,0x64 irq 1
[   16.042610] serio: i8042 AUX port at 0x60,0x64 irq 12
[   16.043874] mousedev: PS/2 mouse device common for all mice
[   16.045763] input: AT Translated Set 2 keyboard as /devices/platform/i8042/serio0/input/input2
[   16.057345] rtc_cmos rtc_cmos: rtc core: registered rtc_cmos as rtc0
[   16.058847] rtc_cmos rtc_cmos: alarms up to one day, 114 bytes nvram
[   16.060222] i2c /dev entries driver
[   16.061158] device-mapper: uevent: version 1.0.3
[   16.063521] device-mapper: ioctl: 4.34.0-ioctl (2015-10-28) initialised: dm-devel@redhat.com
[   16.069046] ledtrig-cpu: registered to indicate activity on CPUs
[   16.073479] NET: Registered protocol family 10
[   16.083423] NET: Registered protocol family 17
[   16.152389] Key type dns_resolver registered
[   16.205310] microcode: CPU0 sig=0x40651, pf=0x40, revision=0x0
[   16.226368] microcode: CPU1 sig=0x40651, pf=0x40, revision=0x0
[   16.227661] microcode: Microcode Update Driver: v2.01 <tigran@aivazian.fsnet.co.uk>, Peter Oruba
[   16.229716] registered taskstats version 1
[   16.293714] Loading compiled-in X.509 certificates
[   16.295394] Loaded X.509 cert 'Build time autogenerated kernel key: 181cd957879f68b474ab1d0c92722cd44e756f77'
[   16.326420] zswap: loaded using pool lzo/zbud
[   16.398229] Key type trusted registered
[   16.464024] Key type encrypted registered
[   16.491910] AppArmor: AppArmor sha1 policy hashing enabled
[   16.610577] ima: No TPM chip found, activating TPM-bypass!
[   16.747333] evm: HMAC attrs: 0x1
[   16.826100]   Magic number: 0:756:210
[   16.848087] rtc_cmos rtc_cmos: setting system clock to 2016-09-02 04:13:44 UTC (1472789624)
[   16.963674] BIOS EDD facility v0.16 2004-Jun-25, 0 devices found
[   17.046560] EDD information not available.
[   17.148710] Freeing unused kernel memory: 1480K (ffffffff81f42000 - ffffffff820b4000)
[   17.316450] Write protecting the kernel read-only data: 14336k
[   17.440317] Freeing unused kernel memory: 1832K (ffff880001836000 - ffff880001a00000)
[   17.558146] Freeing unused kernel memory: 152K (ffff880001dda000 - ffff880001e00000)
Loading, please [   17.868989] random: systemd-udevd urandom read with 3 bits of entropy available
wait...
starting version 229
[   17.896659] e1000: Intel(R) PRO/1000 Network Driver - version 7.3.21-k8-NAPI
[   17.923105] e1000: Copyright (c) 1999-2006 Intel Corporation.
[   17.929126] Fusion MPT base driver 3.04.20
[   17.944120] Copyright (c) 1999-2008 LSI Corporation
[   17.951977] Fusion MPT SPI Host driver 3.04.20
[   18.107865] AVX version of gcm_enc/dec engaged.
[   18.116614] AES CTR mode by8 optimization enabled
[   18.235571] input: ImExPS/2 Generic Explorer Mouse as /devices/platform/i8042/serio1/input/input4
[   18.462096] e1000 0000:00:03.0 eth0: (PCI:33MHz:32-bit) 02:50:1b:09:58:23
[   18.542953] e1000 0000:00:03.0 eth0: Intel(R) PRO/1000 Network Connection
[   18.565721] mptbase: ioc0: Initiating bringup
[   18.586786] e1000 0000:00:03.0 enp0s3: renamed from eth0
[   18.805914] ioc0: LSI53C1030 A0: Capabilities={Initiator}
[   18.983903] scsi host2: ioc0: LSI53C1030 A0, FwRev=00000000h, Ports=1, MaxQ=256, IRQ=20
[   19.280625] scsi 2:0:0:0: Direct-Access     VBOX     HARDDISK         1.0  PQ: 0 ANSI: 5
[   20.034620] scsi target2:0:0: Beginning Domain Validation
[   20.082804] scsi target2:0:0: Domain Validation skipping write tests
[   20.161092] scsi target2:0:0: Ending Domain Validation
[   20.216972] scsi target2:0:0: asynchronous
[   20.243497] scsi 2:0:1:0: Direct-Access     VBOX     HARDDISK         1.0  PQ: 0 ANSI: 5
[   20.245322] scsi target2:0:1: Beginning Domain Validation
[   20.348852] scsi target2:0:1: Domain Validation skipping write tests
[   20.361849] scsi target2:0:1: Ending Domain Validation
[   20.363169] scsi target2:0:1: asynchronous
[   20.382797] sd 2:0:0:0: Attached scsi generic sg0 type 0
[   20.383049] sd 2:0:0:0: [sda] 20971520 512-byte logical blocks: (10.7 GB/10.0 GiB)
[   20.383172] sd 2:0:0:0: [sda] Write Protect is off
[   20.383251] sd 2:0:0:0: [sda] Incomplete mode parameter data
[   20.383252] sd 2:0:0:0: [sda] Assuming drive cache: write through
[   20.385028]  sda: sda1
[   20.385572] sd 2:0:0:0: [sda] Attached SCSI disk
[   21.002285] sd 2:0:1:0: Attached scsi generic sg1 type 0
[   21.002513] sd 2:0:1:0: [sdb] 20480 512-byte logical blocks: (10.5 MB/10.0 MiB)
[   21.002642] sd 2:0:1:0: [sdb] Write Protect is off
[   21.002718] sd 2:0:1:0: [sdb] Incomplete mode parameter data
[   21.002719] sd 2:0:1:0: [sdb] Assuming drive cache: write through
[   21.012602] sd 2:0:1:0: [sdb] Attached SCSI disk
[   21.153884] floppy0: no floppy controllers found
[   21.153925] work still pending
Begin: Loading e[   22.833824] md: linear personality registered for level -1
ssential drivers[   22.892416] md: multipath personality registered for level -4
 ... [   22.941241] md: raid0 personality registered for level 0
[   23.003378] md: raid1 personality registered for level 1
[   23.117545] raid6: sse2x1   gen()  9663 MB/s
[   23.225626] raid6: sse2x1   xor()  7348 MB/s
[   23.333607] raid6: sse2x2   gen() 11675 MB/s
[   23.449583] raid6: sse2x2   xor()  8089 MB/s
[   23.549526] raid6: sse2x4   gen() 13856 MB/s
[   23.665412] raid6: sse2x4   xor()  7418 MB/s
[   23.697509] raid6: using algorithm sse2x4 gen() 13856 MB/s
[   23.701926] raid6: .... xor() 7418 MB/s, rmw enabled
[   23.708765] raid6: using ssse3x2 recovery algorithm
[   23.718342] xor: automatically using best checksumming function:
[   23.757398]    avx       : 18804.000 MB/sec
[   23.770546] async_tx: api initialized (async)
[   23.780806] md: raid6 personality registered for level 6
[   23.782684] md: raid5 personality registered for level 5
[   23.783834] md: raid4 personality registered for level 4
[   23.789908] md: raid10 personality registered for level 10
done.
Begin: Running /scripts/init-p[   23.825691] Btrfs loaded
remount ... done.
Begin: Mounting root file system ... Begin: Running /scripts/local-top ... done.
Begin: Running /scripts/local-premount ... Scanning for Btrfs filesystems
done.
Warning: fsck no[   23.893494] EXT4-fs (sda1): mounted filesystem with ordered data mode. Opts: (null)
t present, so skipping root file system
done.
Begin: Running /scripts/local-bottom ... done.
Begin: Running /scripts/init-bottom ... Warning: overlayroot: debug is busted
done.
[   24.082297] systemd[1]: systemd 229 running in system mode. (+PAM +AUDIT +SELINUX +IMA +APPARMOR +SMACK +SYSVINIT +UTMP +LIBCRYPTSETUP +GCRYPT +GNUTLS +ACL +XZ -LZ4 +SECCOMP +BLKID +ELFUTILS +KMOD -IDN)
[   24.097183] systemd[1]: Detected virtualization oracle.
[   24.115930] systemd[1]: Detected architecture x86-64.

Welcome to [1mUbuntu 16.04.1 LTS[0m!

[ 24061]ysmd]:ethostname to <ubutuenl>

[   55.086860] mptscsih: ioc0: attempting task abort! (sc=ffff880037292f00)
[   55.252447] sd 2:0:0:0: [sda] tag#2 CDB: Read(10) 28 00 00 04 1a b8 00 00 88 00
[   55.505843] mptscsih: ioc0: task abort: FAILED (rv=2003) (sc=ffff880037292f00)
[ 55687]ptsih: ioc0: attempting target reset! (sc=ffff880037292f00)
[ 56.01069]  2:0: data2 B:ea102800 0  1b80  800
[ 57166178]mpcs: c0taeteset: SUCCES c=ff00292f0)
[   58.215772] systemd[1]: Listening on Syslog Socket.
[[0;32m  OK  [0m] Listening on Syslog Socket.
[   58.249702] systemd[1]: Started Forward Password Requests to Wall Directory Watch.
[[0;32m  OK  [0m] Started Forward Password Requests to Wall Directory Watch.
[   58.256328] systemd[1]: Listening on LVM2 poll daemon socket.
[[0;32m  OK  [0m] Listening on LVM2 poll daemon socket.
[   58.262748] systemd[1]: Listening on Journal Socket.
[[0;32m  OK  [0m] Listening on Journal Socket.
[   58.266784] systemd[1]: Listening on Device-mapper event daemon FIFOs.
[[0;32m  OK  [0m] Listening on Device-mapper event daemon FIFOs.
[ 58466] stemd[1]: Listening on udev Control Socket.
[[0;32m  OK  [0m] Listening on udev Control Socket.
[   58.556249] systemd[1]: Listening on LVM2 metadata daemon socket.
[[0;32m  OK  [0m] Listening on LVM2 metadata daemon socket.
[   58.559052] systemd[1]: Reached target User and Group Name Lookups.
[[0;32m  OK  [0m] Reached target User and Group Name Lookups.
[ 58816]ysmd]:reedli Ur an Sessn ic
[[0;32m  OK  [0m] Created slice User and Session Slice.
[   59.281444] systemd[1]: Listening on /dev/initctl Compatibility Named Pipe.
[[0;32m  OK  [0m] Listening on /dev/initctl Compatibility Named Pipe.
[   .29790]syem1]Set up autou Aitryxetae leortsil System AtounPot.

[[0;32m  OK  [0m] Set up automount Arbitrary Executab...ats File System Automount Point.
[   60.394119] systemd[1]: Reached target Swap.
[[0;32m  OK  [0m] Reached target Swap.
[   60.406143] systemd[1]: Listening on Journal Audit Socket.
[[0;32m  OK  [0m] Listening on Journal Audit Socket.
[   60.493740] systemd[1]: Reached target Encrypted Volumes.
[[0;32m  OK  [0m] Reached target Encrypted Volumes.
[ 60164]ysmd]:istenng on JournalSoet/devlo.
[[0;32m  OK  [0m] Listening on Journal Socket (/dev/log).
[ 61546]ysmd]: Created sic Sstm ic
[[0;32m  OK  [0m] Created slice System Slice.
[   6.894 ste[1 Ceated slice systm-ri\xgey.lie.
[[0;32m  OK  [0m] Created slice system-serial\x2dgetty.slice.
[   62.493918] systemd[1]: Starting Remount Root and Kernel File Systems...
         Starting Remount[   62.577937] EXT4-fs (sda1): re-mounted. Opts: (null)
 Root and Kernel File Systems...
[   62.661903] systemd[1]: Starting Set console keymap...
[   62.722380] random: nonblocking pool is initialized
         Starting Set console keymap...
[   62.754798] systemd[1]: Mounting Huge Pages File System...
         Mounting Huge Pages File System...
[   62.870851] systemd[1]: Starting Journal Service...
         Starting Journal Service...
[   62.977858] systemd[1]: Mounting Debug File System...
         Mounting Debug File System...
[   63.065840] systemd[1]: Reached target Slices.
[[0;32m  OK  [0m] Reached target Slices.
[   63.273763] systemd[1]: Starting Uncomplicated firewall...
         Starting Uncomplicated firewall...
[   63.381592] systemd[1]: Starting Monitoring of LVM2 mirrors, snapshots etc. using dmeventd or progress polling...
         Starting Monitoring of LVM2 mirrors... dmeventd or progress polling...
[   63.445751] systemd[1]: Mounting POSIX Message Queue File System...
         Mounting POSIX Message Queue File System...
[   63.657845] systemd[1]: Starting Create list of required static device nodes for the current kernel...
         Starting Create list of required st... nodes for the current kernel...
[   63.890104] systemd[1]: Starting Load Kernel Modules...
         [   63.964992] Loading iSCSI transport class v2.0-870.
Starting Load Kernel Modules...
[   63.971147] systemd[1]: Listening on udev Kernel Socket.
[[0;32m  OK  [[   63.984443] iscsi: registered transport (tcp)
0m] Listening on udev Kernel Socket.
[   64.058900] iscsi: registered transport (iser)
[   64.105897] systemd[1]: Starting Nameserver information manager...
         Starting Nameserver information manager...
[   64.234880] systemd[1]: Mounted Huge Pages File System.
[[0;32m  OK  [0m] Mounted Huge Pages File System.
[   64.396412] systemd[1]: Mounted Debug File System.
[[0;32m  OK  [0m] Mounted Debug File System.
[   64.565846] systemd[1]: Mounted POSIX Message Queue File System.
[[0;32m  OK  [0m] Mounted POSIX Message Queue File System.
[   64.849925] systemd[1]: Started Journal Service.
[[0;32m  OK  [0m] Started Journal Service.
[[0;32m  OK  [0m] Started Remount Root and Kernel File Systems.
[[0;32m  OK  [0m] Started Uncomplicated firewall.
[[0;32m  OK  [0m] Started Create list of required sta...ce nodes for the current kernel.
[[0;32m  OK  [0m] Started Load Kernel Modules.
[[0;32m  OK  [0m] Started Nameserver information manager.
[[0;32m  OK  [0m] Started LVM2 metadata daemon.
         Mounting FUSE Control File System...
         Starting Apply Kernel Variables...
         Starting Create Static Device Nodes in /dev...
         Starting Load/Save Random Seed...
         Starting udev Coldplug all Devices...
         Starting Flush Journal to Persistent Storage...
[[0;32m  OK  [0m] Mounted FUSE Control File System.
[[0;32m  OK  [0m] Started Apply Kernel Variables.
[[0;32m  OK  [0m] Started Create Static Device Nodes in /dev.
[[0;32m  OK  [0m] Started Load/Save Random Seed.
[[0;32m  OK  [0m] Started Monitoring of LVM2 mirrors,...ng dmeventd or progress polling.
[[0;32m  OK  [0m] Started udev Coldplug all Devices.
         Starting udev Kernel Device Manager...
[[0;32m  OK  [0m] Started Flush Journal to Persistent Storage.
[[0;32m  OK  [0m] Started udev Kernel Device Manager.
[[0;32m  OK  [0m] Found device /dev/ttyS0.
[[0;32m  OK  [0m] Found device 82540EM Gigabit Ethern...r (PRO/1000 MT Desktop Adapter).
[[0;32m  OK  [0m] Listening on Load/Save RF Kill Switch Status /dev/rfkill Watch.
[[0m[0;31m*     [0m] A start job is running for Set console keymap (13s / no limit)[K[[0;1;31m*[0m[0;31m*    [0m] A start job is running for Set console keymap (13s / no limit)[K[[0;31m*[0;1;31m*[0m[0;31m*   [0m] A start job is running for Set console keymap (14s / no limit)[K[ [0;31m*[0;1;31m*[0m[0;31m*  [0m] A start job is running for Set console keymap (14s / no limit)[K[  [0;31m*[0;1;31m*[0m[0;31m* [0m] A start job is running for Set console keymap (15s / no limit)[K[   [0;31m*[0;1;31m*[0m[0;31m*[0m] A start job is running for Set console keymap (15s / no limit)[K[    [0;31m*[0;1;31m*[0m] A start job is running for Set console keymap (16s / no limit)[K[     [0;31m*[0m] A start job is running for Set console keymap (16s / no limit)[K[    [0;31m*[0;1;31m*[0m] A start job is running for Set console keymap (17s / no limit)[K[   [0;31m*[0;1;31m*[0m[0;31m*[0m] A start job is running for Set console keymap (17s / no limit)[K[  [0;31m*[0;1;31m*[0m[0;31m* [0m] A start job is running for Set console keymap (18s / no limit)[K[ [0;31m*[0;1;31m*[0m[0;31m*  [0m] A start job is running for Set console keymap (18s / no limit)[K[[0;31m*[0;1;31m*[0m[0;31m*   [0m] A start job is running for Set console keymap (19s / no limit)[K[[0;1;31m*[0m[0;31m*    [0m] A start job is running for Set console keymap (19s / no limit)[K[[0m[0;31m*     [0m] A start job is running for Set console keymap (20s / no limit)[K[[0;1;31m*[0m[0;31m*    [0m] A start job is running for Set console keymap (20s / no limit)[K[[0;31m*[0;1;31m*[0m[0;31m*   [0m] A start job is running for Set console keymap (21s / no limit)[K[ [0;31m*[0;1;31m*[0m[0;31m*  [0m] A start job is running for Set console keymap (21s / no limit)[K[  [0;31m*[0;1;31m*[0m[0;31m* [0m] A start job is running for Set console keymap (22s / no limit)[K[   [0;31m*[0;1;31m*[0m[0;31m*[0m] A start job is running for Set console keymap (22s / no limit)[K[    [0;31m*[0;1;31m*[0m] A start job is running for Set console keymap (23s / no limit)[K[     [0;31m*[0m] A start job is running for Set console keymap (23s / no limit)[K[    [0;31m*[0;1;31m*[0m] A start job is running for Set console keymap (24s / no limit)[K[   [0;31m*[0;1;31m*[0m[0;31m*[0m] A start job is running for Set console keymap (25s / no limit)[K[  [0;31m*[0;1;31m*[0m[0;31m* [0m] A start job is running for Set console keymap (25s / no limit)[K[ [0;31m*[0;1;31m*[0m[0;31m*  [0m] A start job is running for Set console keymap (26s / no limit)[K[[0;31m*[0;1;31m*[0m[0;31m*   [0m] A start job is running for Set console keymap (27s / no limit)[K[[0;1;31m*[0m[0;31m*    [0m] A start job is running for Set console keymap (27s / no limit)[K[[0m[0;31m*     [0m] A start job is running for Set console keymap (28s / no limit)[K[[0;1;31m*[0m[0;31m*    [0m] A start job is running for Set console keymap (28s / no limit)[K[[0;31m*[0;1;31m*[0m[0;31m*   [0m] A start job is running for Set console keymap (29s / no limit)[K[ [0;31m*[0;1;31m*[0m[0;31m*  [0m] A start job is running for Set console keymap (29s / no limit)[K[  [0;31m*[0;1;31m*[0m[0;31m* [0m] A start job is running for Set console keymap (30s / no limit)[K[   [0;31m*[0;1;31m*[0m[0;31m*[0m] A start job is running for Set console keymap (31s / no limit)[K[    [0;31m*[0;1;31m*[0m] A start job is running for Set console keymap (31s / no limit)[K[     [0;31m*[0m] A start job is running for Set console keymap (32s / no limit)[K[    [0;31m*[0;1;31m*[0m] A start job is running for Set console keymap (33s / no limit)[K[   [0;31m*[0;1;31m*[0m[0;31m*[0m] A start job is running for Set console keymap (33s / no limit)[K[  [0;31m*[0;1;31m*[0m[0;31m* [0m] A start job is running for Set console keymap (34s / no limit)[K[ [0;31m*[0;1;31m*[0m[0;31m*  [0m] A start job is running for Set console keymap (35s / no limit)[K[[0;32m  OK  [0m] Started Set console keymap.
[[0;32m  OK  [0m] Started Dispatch Password Requests to Console Directory Watch.
[[0;32m  OK  [0m] Reached target Local File Systems (Pre).
[[0;32m  OK  [0m] Reached target Local File Systems.
         Starting Initial cloud-init job (pre-networking)...
         Starting Create Volatile Files and Directories...
         Starting Tell Plymouth To Write Out Runtime Data...
         Starting LSB: AppArmor initialization...
         Starting Set console font and keymap...
         Starting Enable support for additional executable binary formats...
[[0;32m  OK  [0m] Started Create Volatile Files and Directories.
[[0;32m  OK  [0m] Started Tell Plymouth To Write Out Runtime Data.
         Mounting Arbitrary Executable File Formats File System...
         Starting Update UTMP about System Boot/Shutdown...
[[0;32m  OK  [0m] Reached target System Time Synchronized.
[[0;32m  OK  [0m] Mounted Arbitrary Executable File Formats File System.
[[0;32m  OK  [0m] Started LSB: AppArmor initialization.
[[0;32m  OK  [0m] Started Set console font and keymap.
[[0;32m  OK  [0m] Started Enable support for additional executable binary formats.
[[0;32m  OK  [0m] Started Update UTMP about System Boot/Shutdown.
[[0;32m  OK  [0m] Created slice system-getty.slice.
[[0;32m  OK  [0m] Reached target System Initialization.
         Starting LXD - unix socket.
[[0;32m  OK  [0m] Listening on D-Bus System Message Bus Socket.
[[0;32m  OK  [0m] Listening on RPCbind Server Activation Socket.
         Starting Socket activation for snappy daemon.
[[0;32m  OK  [0m] Started Daily apt activities.
[[0;32m  OK  [0m] Started Trigger resolvconf update for networkd DNS.
[[0;32m  OK  [0m] Started Timer to automatically refresh installed snaps.
[[0;32m  OK  [0m] Started ACPI Events Check.
[[0;32m  OK  [0m] Reached target Paths.
[[0;32m  OK  [0m] Listening on UUID daemon activation socket.
[[0;32m  OK  [0m] Listening on ACPID Listen Socket.
[[0;32m  OK  [0m] Started Daily Cleanup of Temporary Directories.
[[0;32m  OK  [0m] Reached target Timers.
[   85.278267] cloud-init[1719]: Cloud-init v. 0.7.7 running 'init-local' at Fri, 02 Sep 2016 04:15:02 +0000. Up 84.99 seconds.
[[0;32m  OK  [0m] Listening on LXD - unix socket.
[[0;32m  OK  [0m] Listening on Socket activation for snappy daemon.
[[0;32m  OK  [0m] Started Initial cloud-init job (pre-networking).
[[0;32m  OK  [0m] Reached target Network (Pre).
[[0;32m  OK  [0m] Started ifup for enp0s3.
         Starting Raise network interfaces...
[[0;32m  OK  [0m] Reached target Sockets.
[[0;32m  OK  [0m] Reached target Basic System.
[[0;32m  OK  [0m] Started D-Bus System Message Bus.
         Starting LSB: MD monitoring daemon...
         Starting vboxadd.service...
         Starting Accounts Service...
[[0;32m  OK  [0m] Started Snappy daemon.
         Starting vboxadd-x11.service...
[[0;32m  OK  [0m] Started Deferred execution scheduler.
         Starting Login Service...
         Starting LSB: Record successful boot for GRUB...
         Starting System Logging Service...
[[0;32m  OK  [0m] Started Regular background program processing daemon.
[[0;32m  OK  [0m] Started FUSE filesystem for LXC.
[[0;32m  OK  [0m] Started ACPI event daemon.
         Starting LXD - container startup/shutdown...
[[0;32m  OK  [0m] Started vboxadd.service.
[[0;32m  OK  [0m] Started vboxadd-x11.service.
[[0;32m  OK  [0m] Started LSB: MD monitoring daemon.
[[0;32m  OK  [0m] Started LXD - container startup/shutdown.
[[0;32m  OK  [0m] Started LSB: Record successful boot for GRUB.
         Starting Authenticate and Authorize Users to Run Privileged Tasks...
         Starting vboxadd-service.service...
[[0;32m  OK  [0m] Started vboxadd-service.service.
[[0;32m  OK  [0m] Started Login Service.
[[0;32m  OK  [0m] Started Authenticate and Authorize Users to Run Privileged Tasks.
[[0;32m  OK  [0m] Started Accounts Service.
[[0;32m  OK  [0m] Started Raise network interfaces.
[[0;32m  OK  [0m] Reached target Network.
         Starting Initial cloud-init job (metadata service crawler)...
[   87.709797] cloud-init[2200]: Cloud-init v. 0.7.7 running 'init' at Fri, 02 Sep 2016 04:15:05 +0000. Up 87.48 seconds.
[   87.716684] cloud-init[2200]: ci-info: +++++++++++++++++++++++++++++++++++++Net device info++++++++++++++++++++++++++++++++++++++
[   87.722112] cloud-init[2200]: ci-info: +--------+------+----------------------------+---------------+-------+-------------------+
[   87.746558] cloud-init[2200]: ci-info: | Device |  Up  |          Address           |      Mask     | Scope |     Hw-Address    |
[[0;32m  OK  [0m] Started Initial cloud-init job (metadata service crawler).
[   87.856185] cloud-init[2200]: ci-info: +--------+------+----------------------------+---------------+-------+-------------------+
[   88.013031] cloud-init[2200]: ci-info: |   lo   | True |         127.0.0.1          |   255.0.0.0   |   .   |         .         |
[   88.149465] cloud-init[2200]: ci-info: |   lo   | True |          ::1/128           |       .       |  host |         .         |
[   88.253229] cloud-init[2200]: ci-info: | enp0s3 | True |         10.0.2.15          | 255.255.255.0 |   .   | 02:50:1b:09:58:23 |
[   88.319459] cloud-init[2200]: ci-info: | enp0s3 | True | fe80::50:1bff:fe09:5823/64 |       .       |  link | 02:50:1b:09:58:23 |
[   88.412720] cloud-init[2200]: ci-info: +--------+------+----------------------------+---------------+-------+-------------------+
[   88.413032] cloud-init[2200]: ci-info: +++++++++++++++++++++++++++Route IPv4 info++++++++++++++++++++++++++++
[[0;32m  OK  [0m] Reached target Cloud-config availability.
[[   88.413222] cloud-init[2200]: ci-info: +-------+-------------+----------+---------------+-----------+-------+
[   88.432298] cloud-init[2200]: ci-info: | Route | Destination | Gateway  |    Genmask    | Interface | Flags |
[   88.432464] cloud-init[2200]: ci-info: +-------+-------------+----------+---------------+-----------+-------+
[   88.432680] cloud-init[2200]: ci-info: |   0   |   0.0.0.0   | 10.0.2.2 |    0.0.0.0    |   enp0s3  |   UG  |
[   88.432886] cloud-init[2200]: ci-info: |   1   |   10.0.2.0  | 0.0.0.0  | 255.255.255.0 |   enp0s3  |   U   |
[   88.433067] cloud-init[2200]: ci-info: +-------+-------------+----------+---------------+-----------+-------+
[0;32m  OK  [0m] Reached target Network is Online.
         Starting iSCSI initiator daemon (iscsid)...
         Starting Apply the settings specified in cloud-config...
         Starting /etc/rc.local Compatibility...
         Starting OpenBSD Secure Shell server...
[[0;32m  OK  [0m] Started /etc/rc.local Compatibility.
[[0;32m  OK  [0m] Started iSCSI initiator daemon (iscsid).
         Starting Login to default iSCSI targets...
[[0;32m  OK  [0m] Started OpenBSD Secure Shell server.
[[0;32m  OK  [0m] Started Login to default iSCSI targets.
[[0;32m  OK  [0m] Reached target Remote File Systems (Pre).
[[0;32m  OK  [0m] Reached target Remote File Systems.
         Starting LSB: automatic crash report generation...
         Starting Permit User Sessions...
         Starting LSB: daemon to balance interrupts for SMP systems...
[   89.313215] cloud-init[2247]: Cloud-init v. 0.7.7 running 'modules:config' at Fri, 02 Sep 2016 04:15:07 +0000. Up 89.21 seconds.
         Starting LSB: Set the CPU Frequency Scaling governor to "ondemand"...
[[0;32m  OK  [0m] Started Apply the settings specified in cloud-config.
[[0;32m  OK  [0m] Started Permit User Sessions.
[[0;32m  OK  [0m] Started LSB: automatic crash report generation.
[[0;32m  OK  [0m] Started LSB: daemon to balance interrupts for SMP systems.
[[0;32m  OK  [0m] Started LSB: Set the CPU Frequency Scaling governor to "ondemand".
         Starting Hold until boot process finishes up...
         Starting Terminate Plymouth Boot Screen...
         Starting Execute cloud user/final scripts...
[[0;32m  OK  [0m] Started Hold until boot process finishes up.
[[0;32m  OK  [0m] Started Terminate Plymouth Boot Screen.
[[0;32m  OK  [0m] Started Serial Getty on ttyS0.
[[0;32m  OK  [0m] Started Getty on tty1.
[[0;32m  OK  [0m] Reached target Login Prompts.
         Starting Set console scheme...
[[0;32m  OK  [0m] Started Set console scheme.
[   90.157521] cloud-init[2323]: Cloud-init v. 0.7.7 running 'modules:final' at Fri, 02 Sep 2016 04:15:07 +0000. Up 90.08 seconds.
[[0;32m  OK  [0m] Started Execute cloud user/final scripts.
[   90.211765] cloud-init[2323]: Cloud-init v. 0.7.7 finished at Fri, 02 Sep 2016 04:15:07 +0000. Datasource DataSourceNoCloud [seed=/dev/sdb][dsmode=net].  Up 90.15 seconds
[[0;32m  OK  [0m] Reached target Cloud-init target.
[[0;32m  OK  [0m] Created slice User Slice of ubuntu.
         Starting User Manager for UID 1000...
[[0;32m  OK  [0m] Started User Manager for UID 1000.
[[0;32m  OK  [0m] Started Session 1 of user ubuntu.

Ubuntu 16.04.1 LTS ubuntu-xenial ttyS0

ubuntu-xenial login: 