[  0.0000 Iitiaizg group ubs puset[  0.0000]nitializnggroupsuys cpu
[    0.0000] Iitialzi croup subs cuacct
[    0.000000] Linux version 4.4.0-36-generic (buildd@lcy01-01) (gcc version 5.4.0 20160609 (Ubuntu 5.4.0-6ubuntu1~16.04.2) ) #55-Ubuntu SMP Thu Aug 11 18:01:55 UTC 2016 (Ubuntu 4.4.0-36.55-generic 4.4.16)
[    0.000000] Command line: BOOT_IMAGE=/boot/vmlinuz-4.4.0-36-generic root=UUID=2e5517a9-12c7-464a-a343-9df3b428b47f ro conle=tt1 nsle=tyS
[    0.0000] RNL supoedcpus:
[    .000000]   Intel GenuineIntel
[   0.00000]  AMD AuthenticAMD
[    0.000000]   Centaur CentaurHuls
[    0.000000] x86/fpu: xstate_offse[2:  576 xtate_sizes[2]:  256
[    0.00000] x86/fpu: Supporting XSAVE feature 0x01: 'x87 floating point registers'
[  0000000] x86/fp: pportinXSVE feur 0x02:'S regite'
[  0000000] 86/fpu: Suortin XVEfeature x0 'AVresters
  0.0000x86/fu: Enabled xstate features 0x7, context size is 832 bytes, using 'standard' format.
[    0.000000] x86/fpu: Using 'lazy' FPU context switches.
[    .0000] 82 BOS-prvid hysic R map:
[   000000] BIOS-e820: [mem 0x0000000000000000-0x000000000009fbff] usable
[    0.000000] BIOS-e820: [mem 0x000000000009fc00-0x000000000009ffff] reserved
[    0.000000] BIOS-e820: [mem 0x00000000000f0000-0xx00000000000fffff] reserved
[    0.000000] BIOS-e820: [mem 0x0000000000100000-0x000000003ffeffff] usable
[    0.000000] BIOS-e820: [me 0x000000003fff0000-0x000000003fffffff] ACPI data
[    0.000000] BIOS-e820: [mem 0x00000000fec00000-0x00000000fec00fff] reserved
[    0.000000] BIOS-e820: [mem 0x0000000fee00000-0x00000000fee00fff] resered
[    0.000000] BIOS-e8200: [mem 0x00000000fffc0000-0x00000000ffffffff] reserved
[    0.000000] NX (Execute Disable) protection: active
[    0.000000] SMBIOS 2.5 present.
[    0.000000] Hypervisor detected: KVM
[    0.000000] e820: last_pfn = 0x3fff0 max_arch_pfn = 0x400000000
[    0.000000] x86/PAT: Configuration [0-7]: WB  WC  UC- UC  WB  WC  UC- WT  
[    0.000000] MTRR: Disabled
[    0.000000] CPU MTRRs all blank - virtualized system.
[    0.000000] found SMP MP-table a [m 0x0009fff0-0x0009ffff] mapped at [ffff88000009fff0]
[    0.000000] Scanning 1 areas for low memory corruption
[    0.000000] RAMDISK: [mem 0x36b26000-0x3758afff]
[    0.000000] ACPI: Early table checksum verification disabled
[    0.000000] ACPI: RSDP 0x00000000000E0000 000024 (v02 VBOX  )
[    0.000000] ACPI: XSDT 0x000000003FFF0030 00003C (v01 VBOX   VBOXXSDT 00000001 ASL  00000061)
[    0.000000] ACPI: FACP 0x000000003FF0F 0000F(v4 VX  VBOXFP 000001 A  00000)[    0.0000ACPI: DDTx00000003FFF0470 00210F (v01 VBOX   VBOXBIOS 000000002 NT200052
    0.00000ACPI: FACS 0x000000003FFF0200 000040
[    0.000000] ACPI: FACS 0x000000003FFF0200 000040
[    0.000000] ACPI: APIC 0x000000003FFF0240 0005Cv02 VBOX  BOAPIC000001 ASL  00000061)
[    0.000000] ACPI: SSDT 0x000000003FFF02A0 0001CC (v01 VBOX   VBOXCPUT 00000002 INTL 20100528)
[    0.00000 NNUA cofiraionfod
[  .00000] Faking a node at [mem 0x0000000000000000-0x000000003ffeffff]
[    0.000000] NODDATA0)alocted [emx3feb000-03fffff]
[   0.000000] kvm-clock: Using msrs 4b564d01 and 4b564d00
[    0.000000] kvm-clock: cpu 0, msr 0:3ffe7001, primary cpu clock
[    0.000000] kvm-clok: using schedofset of 3459204833 cycles
[    0.000000] clocksource: kvm-clock: mask: 0xffffffffffffffff max_cycles: 0x1cd42e4dffb, max_idle_ns: 881590591483 ns
[    0.000000] Zone ranges:
[    0.000000]   DMA      [mem 0x0000000000001000-0x0000000000ffffff]
[    0.000000]   DMA   [mem 0x000000100000-0000003ffff]
[   00000]  Noal  mp
    .000]   Dvi  empty
  0.00000] vable zoe ar for chode[  0.000000] Early memory node ranges
[    0.000000]   node   0: [mem 0x0000000000001000-0x000000000009efff]
[    0.000000]   node   0: [mem 0x0000000010000-000000003ffeffff]
[    0.000000] Initmem setup node 0 [mem 0x0000000000001000-0x000000003ffeffff]
[    0.000000] ACPI: PM-Timer IO Port: 0x4008
[    0.000000] IOAPIC[0]: apic_id 2, version 32, address 0xfec00000, GSI 0-23
[    0.000000] ACPI: INT_SRC_OVR (bus 0 bus_irq 0 global_irq 2 dfl dfl)
[    0000000] ACPI IT_SRC_OVRbus 0usrq 9 globa_i 9 hig lel
[    0.000000] Using ACPI (MADT) for SMP configuration information
[    0.000000] smpboot: Allowing 2 CPUs, 0 hotplug CPUs
[    0.000000] PM: Registered nosave memory: [mem 0x00000000-0x00000fff]
[    0.000000] PM: Registered nosave memory: [mem 0x0009f000-0x0009ffff]
[    0.000000] PM: Registered nosave memory: [mem 0x000a0000-0x000effff]
[    0.000000] PM: Registered nosave memory: [mem 0x000f0000-0x000fffff]
[  0.00000] e820: [mem 0x40000000-0xfebfffff] available for PCI devices
[    0.000000] Booting paravirtualized kernel on KV
[   0.00000]locksrc refnejifie mk: 0xffff maxycles: 0xffffff, max_dlns: 755600215 n
[  000000] et_prcpu: NR_PUS:256 ncpmask_bits:256 nr_cpu_ids:nrnoe_ids:1
[  0000000] PERCPU: Embdd 33 paespu@ffff88003fc00 s9808812 d288 10485
   0.0000PV qspnlock hash table entries: 256 orer: 0 46 byes
[   0.00000Bult 1zonelists in Node order, mobility grouping on.  Total pages: 257913
[    0.000000] Policy zone: DMA32
[    0.000000] Kernel command line: BOOT_IMAGE=/boot/vmlinuz-4.4.0-36-generic root=UUID=2e5517a9-12c7-464a-a343-9df3b428b47f ro console=tty1 console=ttyS0
[    0.000000] PID hash table entries: 46 orde:  32768 te)
[  0000000] Memry100196K04120K available (8394K kernel code, 1282K rwdata, 3944K rodata, 1480K init, 1292K bss, 46124K reserved, 0K cma-reserved)
[    0.000000] SLUB: HWalign=64, Order=0-3, MinObjects=0, CPUs=2, Nodes=1
[   0.0000] ierarchical RCUimlementtin.
[   0000] uild-time ajumet of eaf fanout to 64.
[    0.000000] 	RCU restricting CPUs from NR_CPUS=256 to nr_cpu_ids=2.
[    0.000000]RC: Ajuin geometry r cu_fanout_leaf64nr_cu_s=
[  000000NRRQS:16640 nr_irqs:440 16
[    0.000000] Console: colour VGA+ 80x25
[    0.000000] console [tty1] enabled
[    0.000000] console [ttyS0] enabled
[    0.000000] tsc: Detected 2599.998 MHz processor
[    7.429893] Calibrating delay loop (skipped) preset value.. 5199.99 BogoMIPS (lpj=10399992)
[    7.431812] pid_max: default: 32768 minimum: 301
[    7.432847] ACPI: Core revision 20150930
[    7.434633] ACPI: 2 ACPI AML tables sccsfully acquired and loaded
[    7.505639] Security Framework initialized
[    7.566713] Yama: becoming mindful.
[    7.606155] AppArmor: AppArmor initialized
[    7.658030] Dentry cache hash table entries: 131072 (order: 8, 1048576 bytes)
[    7.757568] Inode-cache hash table entries: 65536 (order: 7, 524288 bytes)
[    7.763826] Mount-cache hash table entries: 2048 (order: 2, 16384 bytes)
[    7.842944] Mountpoint-cache hash table entries: 2048 (order: 2, 16384 bytes)
[    7.844595] Initializing cgroup subsys io
[    7.855346] Initializing cgroup subsys memory
[    7.866503] Initializing cgroup subsys devices
[    7.923047] Initializing cgroup subsys freezer
[    7.973574] Initializing cgroup subsys net_cls
[    8.033998] Initializing cgroup subsys perf_event
[    8.077090] Initializing cgroup subsys net_prio
[    8.147175] Initializing cgroup subsys hugetlb
[    8.186364] Initializing cgroup subsys pids
[    8.246579] CPU: Physical Processor ID: 0
[    8.278054] CPU: Processor Core ID: 0
[    8.280019] mce: CPU supports 0 MCE banks
[    8.281156] Last level iTLB entries: 4KB 1024, 2MB 1024, 4MB 1024
[    8.325524] Last level dTLB entries: 4KB 1024, 2MB 1024, 4MB 1024, 1GB 4
[    8.419078] Freeing SMP alternatives memory: 28K (ffffffff820b4000 - ffffffff820bb000)
[    8.525979] ftrace: allocating 31996 entries in 125 pages
[    8.629875] smpboot: Max logical packages: 1
[    8.682143] smpboot: APIC(0) Converting physical 0 to logical package 0
[    8.748102] x2apic enabled
[    8.779784] Switched APIC routing to physical x2apic.
[    8.855229] ..TIMER: vector=0x30 apic1=0 pin1=2 apic2=-1 pin2=-1
[    8.985502] smpboot: CPU0: Intel(R) Core(TM) i5-4278U CPU @ 2.60GHz (family: 0x6, model: 0x45, stepping: 0x1)
[    9.126308] Performance Events: unsupported p6 CPU model 69 no PMU driver, software events only.
[    9.207430] KVM setup paravirtual spinlock
[    9.266245] x86: Booting SMP configuration:
[    9.287815] .... node  #0, CPUs:      #1
[    9.343391] kvm-clock: cpu 1, msr 0:3ffe7041, secondary cpu clock
[    9.346282] mce: CPU supports 0 MCE banks
[    9.358929] x86: Booted up 1 node, 2 CPUs
[    9.386345] smpboot: Total of 2 processors activated (10399.99 BogoMIPS)
[    9.438225] devtmpfs: initialized
[    9.474127] evm: security.selinux
[    9.505320] evm: security.SMACK64
[    9.506237] evm: security.SMACK64EXEC
[    9.517143] evm: security.SMACK64TRANSMUTE
[    9.535989] evm: security.SMACK64MMAP
[    9.536912] evm: security.ima
[    9.559665] evm: security.capability
[    9.599715] clocksource: jiffies: mask: 0xffffffff max_cycles: 0xffffffff, max_idle_ns: 7645041785100000 ns
[    9.621421] pinctrl core: initialized pinctrl subsystem
[    9.669778] RTC time: 16:20:12, date: 09/06/16
[    9.725118] NET: Registered protocol family 16
[    9.785809] cpuidle: using governor ladder
[    9.833776] cpuidle: using governor menu
[    9.867064] PCCT header not found.
[    9.884641] ACPI: bus type PCI registered
[    9.929037] acpiphp: ACPI Hot Plug PCI Controller Driver version: 0.5
[    9.984674] PCI: Using configuration type 1 for base access
[   10.006019] ACPI: Added _OSI(Module Device)
[   10.069131] ACPI: Added _OSI(Processor Device)
[   10.085204] ACPI: Added _OSI(3.0 _SCP Extensions)
[   10.086259] ACPI: Added _OSI(Processor Aggregator Device)
[   10.095345] ACPI: Executed 1 blocks of module-level executable AML code
[   10.135610] ACPI: Interpreter enabled
[   10.176929] ACPI Exception: AE_NOT_FOUND, While evaluating Sleep State [\_S1_] (20150930/hwxface-580)
[   10.258750] ACPI Exception: AE_NOT_FOUND, While evaluating Sleep State [\_S2_] (20150930/hwxface-580)
[   10.312423] ACPI Exception: AE_NOT_FOUND, While evaluating Sleep State [\_S3_] (20150930/hwxface-580)
[   10.392325] ACPI Exception: AE_NOT_FOUND, While evaluating Sleep State [\_S4_] (20150930/hwxface-580)
[   10.477197] ACPI: (supports S0 S5)
[   10.508542] ACPI: Using IOAPIC for interrupt routing
[   10.560115] PCI: Using host bridge windows from ACPI; if necessary, use "pci=nocrs" and report a bug
[   10.597276] ACPI: PCI Root Bridge [PCI0] (domain 0000 [bus 00-ff])
[   10.623617] acpi PNP0A03:00: _OSC: OS supports [ASPM ClockPM Segments MSI]
[   10.668042] acpi PNP0A03:00: _OSC failed (AE_NOT_FOUND); disabling ASPM
[   10.736716] acpi PNP0A03:00: fail to add MMCONFIG information, can't access extended PCI configuration space under this bridge.
[   10.840551] PCI host bridge to bus 0000:00
[   10.887920] pci_bus 0000:00: root bus resource [io  0x0000-0x0cf7 window]
[   10.938745] pci_bus 0000:00: root bus resource [io  0x0d00-0xffff window]
[   10.940274] pci_bus 0000:00: root bus resource [mem 0x000a0000-0x000bffff window]
[   10.980280] pci_bus 0000:00: root bus resource [mem 0x40000000-0xffdfffff window]
[   11.005956] pci_bus 0000:00: root bus resource [bus 00-ff]
[   11.052219] pci 0000:00:01.1: legacy IDE quirk: reg 0x10: [io  0x01f0-0x01f7]
[   11.109476] pci 0000:00:01.1: legacy IDE quirk: reg 0x14: [io  0x03f6]
[   11.120007] pci 0000:00:01.1: legacy IDE quirk: reg 0x18: [io  0x0170-0x0177]
[   11.213023] pci 0000:00:01.1: legacy IDE quirk: reg 0x1c: [io  0x0376]
[   11.244355] pci 0000:00:07.0: quirk: [io  0x4000-0x403f] claimed by PIIX4 ACPI
[   11.300018] pci 0000:00:07.0: quirk: [io  0x4100-0x410f] claimed by PIIX4 SMB
[   11.358494] ACPI: PCI Interrupt Link [LNKA] (IRQs 5 9 10 *11)
[   11.413339] ACPI: PCI Interrupt Link [LNKB] (IRQs 5 9 10 *11)
[   11.457049] ACPI: PCI Interrupt Link [LNKC] (IRQs 5 9 *10 11)
[   11.506947] ACPI: PCI Interrupt Link [LNKD] (IRQs 5 *9 10 11)
[   11.553359] ACPI: Enabled 2 GPEs in block 00 to 07
[   11.600385] vgaarb: setting as boot device: PCI:0000:00:02.0
[   11.651766] vgaarb: device added: PCI:0000:00:02.0,decodes=io+mem,owns=io+mem,locks=none
[   11.727453] vgaarb: loaded
[   11.748480] vgaarb: bridge control possible 0000:00:02.0
[   11.795712] SCSI subsystem initialized
[   11.837376] ACPI: bus type USB registered
[   11.860935] usbcore: registered new interface driver usbfs
[   11.895098] usbcore: registered new interface driver hub
[   11.960209] usbcore: registered new device driver usb
[   12.010401] PCI: Using ACPI for IRQ routing
[   12.046058] NetLabel: Initializing
[   12.078885] NetLabel:  domain hash size = 128
[   12.115090] NetLabel:  protocols = UNLABELED CIPSOv4
[   12.246725] NetLabel:  unlabeled traffic allowed by default
[   12.279571] amd_nb: Cannot enumerate AMD northbridges
[   12.283589] clocksource: Switched to clocksource kvm-clock
[   12.299067] AppArmor: AppArmor Filesystem Enabled
[   1.301650] pnp: PnP ACPI init
[   12.338347] pnp: PnP ACPI: found 3 devices

[   12.362313] clckource: acpi_pm: mask: 0xfffff max_cycles: 0xffffff, max_idle_ns: 2085701024 ns
[   12.466545] NET: Registered protocol family 2

[   12.469191] TCP established hash table entries: 8192 (order: 4, 65536 bytes)
[   12.476998] TCP bind hash table entries: 8192 (order: 5, 131072 bytes)
[   12.479789] TCP: Hash tables configured (established 8192 bind 8192)
[   12.482654] UDP hash table entries: 512 (order: 2, 16384 bytes)
[   12.485202] UDP-Lite hash table entries: 512 (order: 2, 16384 bytes)
[   12.494159] NET: Registered protocol family 1
[   12.496164] pci 0000:00:00.0: Limiting direct PCI/PCI transfers
[   12.498711] pci 0000:00:01.0: Activating ISA DMA hang workarounds
[   12.508325] Trying to unpack rootfs image as initramfs...
[   12.749158] Freeing initrd memory: 10644K (ffff880036b26000 - ffff88003758b000)
[   12.756725] RAPL PMU detected, API unit is 2^-32 Joules, 4 fixed counters 10737418240 ms ovfl timer
[   12.761408] hw unit of domain pp0-core 2^-0 Joules
[   12.769279] hw unit of domain package 2^-0 Joules
[   12.770376] hw unit of domain dram 2^-0 Joules
[   12.815992] hw unit of domain pp1-gpu 2^-0 Joules
[   12.836564] platform rtc_cmos: registered platform RTC device (no PNP device found)
[   12.873861] Scanning for low memory corruption every 60 seconds
[   12.891245] futex hash table entries: 512 (order: 3, 32768 bytes)
[   12.920563] audit: initializing netlink subsys (disabled)
[   12.921782] audit: type=2000 audit(1473178808.828:1): initialized
[   12.923446] Initialise system trusted keyring
[   12.924922] HugeTLB registered 2 MB page size, pre-allocated 0 pages
[   12.957279] zbud: loaded
[   12.9824] VFS: Dk ot dot.6
[   13153]FSDqotcae ash table entries: 512 (orer 0,4096yts)
[   13.811405] squashfs: version 4.0 (2009/01/31) Phillip Lougher
[   13.836097] tsc: Refined TSC clocksource calibration: 2599.315 MHz
[   13.836100] clocksource: tsc: mask: 0xffffffffffffffff max_cycles: 0x2577b4f39b8, max_idle_ns: 440795251899 ns
[   13.842837] fuse init (API version 7.23)
[   13.874648] Key type big_key registered
[   13.989276] Allocating IMA MOK and blacklist keyrings.
[   14.110529] Key type asymmetric registered
[   14.207701] Asymmetric key parser 'x509' registered
[   14.289822] Block layer SCSI generic (bsg) driver version 0.4 loaded (major 249)
[   14.379723] io scheduler noop registered
[   14.464974] io scheduler deadline registered (default)
[   14.560170] io scheduler cfq registered
[   14.611981] pci_hotplug: PCI Hot Plug PCI Core version: 0.5
[   14.746667] pciehp: PCI Express Hot Plug Controller Driver version: 0.4
[   14.777442] ACPI: AC Adapter [AC] (off-line)
[   14.839217] input: Power Button as /devices/LNXSYSTM:00/LNXPWRBN:00/input/input0
[   14.882399] ACPI: Power Button [PWRF]
[   14.883464] input: Sleep Button as /devices/LNXSYSTM:00/LNXSLPBN:00/input/input1
[   14.969373] ACPI: Sleep Button [SLPF]
[   14.986962] GHES: HEST is not enabled!
[   14.987896] ACPI: Battery Slot [BAT0] (battery present)
[   15.083757] Serial: 8250/16550 driver, 32 ports, IRQ sharing enabled
[   15.168984] 00:02: ttyS0 at I/O 0x3f8 (irq = 4, base_baud = 115200) is a 16550A
[   15.207994] Linux agpgart interface v0.103
[   15.293392] brd: module loaded
[   15.378665] loop: module loaded
[   15.467934] scsi host0: ata_piix
[   15.510085] scsi host1: ata_piix
[   15.616917] ata1: PATA max UDMA/33 cmd 0x1f0 ctl 0x3f6 bmdma 0xd000 irq 14
[   15.677674] ata2: PATA max UDMA/33 cmd 0x170 ctl 0x376 bmdma 0xd008 irq 15
[   15.679500] libphy: Fixed MDIO Bus: probed
[   15.756775] tun: Universal TUN/TAP device driver, 1.6
[   15.806840] tun: (C) 1999-2004 Max Krasnyansky <maxk@qualcomm.com>
[   15.860227] PPP generic driver version 2.4.2
[   15.861306] ehci_hcd: USB 2.0 'Enhanced' Host Controller (EHCI) Driver
[   15.862741] ehci-pci: EHCI PCI platform driver
[   15.863780] ehci-platform: EHCI generic platform driver
[   15.871994] ohci_hcd: USB 1.1 'Open' Host Controller (OHCI) Driver
[   15.975681] ohci-pci: OHCI PCI platform driver
[   16.039725] ohci-platform: OHCI generic platform driver
[   16.077452] uhci_hcd: USB Universal Host Controller Interface driver
[   16.097133] i8042: PNP: PS/2 Controller [PNP0303:PS2K,PNP0f03:PS2M] at 0x60,0x64 irq 1,12
[   16.190005] serio: i8042 KBD port at 0x60,0x64 irq 1
[   16.267003] serio: i8042 AUX port at 0x60,0x64 irq 12
[   16.310465] mousedev: PS/2 mouse device common for all mice
[   16.312060] rtc_cmos rtc_cmos: rtc core: registered rtc_cmos as rtc0
[   16.313485] rtc_cmos rtc_cmos: alarms up to one day, 114 bytes nvram
[   16.413293] i2c /dev entries driver
[   16.440404] input: AT Translated Set 2 keyboard as /devices/platform/i8042/serio0/input/input2
[   16.553408] device-mapper: uevent: version 1.0.3
[   16.649402] device-mapper: ioctl: 4.34.0-ioctl (2015-10-28) initialised: dm-devel@redhat.com
[   16.859564] ledtrig-cpu: registered to indicate activity on CPUs
[   6.81] N: Registered protocol family 10

[   17.080992] NET: Registered protocol family 17
[   17.082254] Key tpensesolver registered

[   171910mirodeCP s=0x40651,pfx4 risn=0
[   17.810037] microcode: CPU1 sig=0x40651, pf=0x40, revision=0x0
[   17.814464] microcode: Microcode Update Driver: v2.01 <tigran@aivazian.fsnet.co.uk>, Peter Oruba
[   18.009869] registered taskstats version 1
[   18.079502] Loading compiled-in X.509 certificates
[   18.152200] Loaded X.509 cert 'Build time autogenerated kernel key: 181cd957879f68b474ab1d0c92722cd44e756f77'
[   18.181186] zswap: loaded using pool lzo/zbud
[   18.183908] Key type trusted registered
[   18.200433] Key type encrypted registered
[   18.210980] AppArmor: AppArmor sha1 policy hashing enabled
[   18.212241] ima: No TPM chip found, activating TPM-bypass!
[   18.299436] evm: HMAC attrs: 0x1
[   18.349801]   Magic number: 0:437:337
[   18.410218] tty tty58: hash matches
[   18.480128] rtc_cmos rtc_cmos: setting system clock to 2016-09-06 16:20:20 UTC (1473178820)
[   18.608111] BIOS EDD facility v0.16 2004-Jun-25, 0 devices found
[   18.708610] EDD information not available.
[   18.759843] Freeing unused kernel memory: 1480K (ffffffff81f42000 - ffffffff820b4000)
[   18.880357] Write protecting the kernel read-only data: 14336k
[   18.882288] Freeing unused kernel memory: 1832K (ffff880001836000 - ffff880001a00000)
[   19.007464] Freeing unused kernel memory: 152K (ffff880001dda000 - ffff880001e00000)
Loading, please wait...
[   19.112512] random: systemd-udevd urandom read with 3 bits of entropy available
starting version 229
[   19.137841] e1000: Intel(R) PRO/1000 Network Driver - version 7.3.21-k8-NAPI
[   19.141002] e1000: Copyright (c) 1999-2006 Intel Corporation.
[   19.148599] Fusion MPT base driver 3.04.20
[   19.175857] Copyright (c) 1999-2008 LSI Corporation
[   19.227686] Fusion MPT SPI Host driver 3.04.20
[   19.379820] AVX version of gcm_enc/dec engaged.
[   19.387134] AES CTR mode by8 optimization enabled
[   19.413063] input: ImExPS/2 Generic Explorer Mouse as /devices/platform/i8042/serio1/input/input4
[   19.732626] e1000 0000:00:03.0 eth0: (PCI:33MHz:32-bit) 02:50:1b:09:58:23
[   19.807035] e1000 0000:00:03.0 eth0: Intel(R) PRO/1000 Network Connection
[   19.903034] e1000 0000:00:03.0 enp0s3: renamed from eth0
[   19.904140] mptbase: ioc0: Initiating bringup
[   20.084540] ioc0: LSI53C1030 A0: Capabilities={Initiator}
[   21.170613] scsi host2: ioc0: LSI53C1030 A0, FwRev=00000000h, Ports=1, MaxQ=256, IRQ=20
[   21.606590] scsi 2:0:0:0: Direct-Access     VBOX     HARDDISK         1.0  PQ: 0 ANSI: 5
[   22.211779] scsi target2:0:0: Beginning Domain Validation
[   22.214404] scsi target2:0:0: Domain Validation skipping write tests
[   22.233214] scsi target2:0:0: Ending Domain Validation
[   22.234429] scsi target2:0:0: asynchronous
[   22.258309] scsi 2:0:1:0: Direct-Access     VBOX     HARDDISK         1.0  PQ: 0 ANSI: 5
[   22.325358] scsi target2:0:1: Beginning Domain Validation
[   22.328023] scsi target2:0:1: Domain Validation skipping write tests
[   22.398455] scsi target2:0:1: Ending Domain Validation
[   22.417959] scsi target2:0:1: asynchronous
[   22.430983] sd 2:0:0:0: [sda] 20971520 512-byte logical blocks: (10.7 GB/10.0 GiB)
[   22.432915] sd 2:0:0:0: [sda] Write Protect is off
[   22.433899] sd 2:0:0:0: [sda] Incomplete mode parameter data
[   22.477115] sd 2:0:0:0: [sda] Assuming drive cache: write through
[   22.477226] floppy0: no floppy controllers found
[   22.477268] work still pending
[   22.477320] sd 2:0:0:0: Attached scsi generic sg0 type 0
[   22.477531] sd 2:0:1:0: Attached scsi generic sg1 type 0
[   22.545994] sd 2:0:1:0: [sdb] 20480 512-byte logical blocks: (10.5 MB/10.0 MiB)
[   22.648542] sd 2:0:1:0: [sdb] Write Protect is off
[   22.656047] sd 2:0:1:0: [sdb] Incomplete mode parameter data
[   22.682796] sd 2:0:1:0: [sdb] Assuming drive cache: write through
[   22.698500]  sda: sda1
[   22.700070] sd 2:0:1:0: [sdb] Attached SCSI disk
[   22.704096] sd 2:0:0:0: [sda] Attached SCSI disk
Begin: Loading e[   24.079617] md: linear personality registered for level -1
ssential drivers[   24.186371] md: multipath personality registered for level -4
 ... [   24.289194] md: raid0 personality registered for level 0
[   24.480318] md: raid1 personality registered for level 1
[   24.607603] raid6: sse2x1   gen()  9337 MB/s
[   24.719777] raid6: sse2x1   xor()  7426 MB/s
[   24.827595] raid6: sse2x2   gen() 12239 MB/s
[   24.924164] raid6: sse2x2   xor()  5081 MB/s
[   25.011769] raid6: sse2x4   gen() 13674 MB/s
[   25.115800] raid6: sse2x4   xor()  9309 MB/s
[   25.177604] raid6: using algorithm sse2x4 gen() 13674 MB/s
[   25.236177] raid6: .... xor() 9309 MB/s, rmw enabled
[   25.296042] raid6: using ssse3x2 recovery algorithm
[   25.345605] xor: automatically using best checksumming function:
[   25.506956]    avx       : 33793.000 MB/sec
[   25.557277] async_tx: api initialized (async)
[   25.605942] md: raid6 personality registered for level 6
[   25.661548] md: raid5 personality registered for level 5
[   25.697691] md: raid4 personality registered for level 4
[   25.704000] md: raid10 personality registered for level 10
done.
Begin: Running /scripts/init-premount ... done.
Begin: Mounting root file system ... Begin: Running /scripts/local-top ... done.
Begin: Running /scripts/local-[   25.795375] Btrfs loaded
premount ... Scanning for Btrfs filesystems
done.
Warning: fsck no[   25.902036] EXT4-fs (sda1): mounted filesystem with ordered data mode. Opts: (null)
t present, so skipping root file system
done.
Begin: Running /scripts/local-bottom ... done.
Begin: Running /scripts/init-bottom ... Warning: overlayroot: debug is busted
done.
[   26.202331] systemd[1]: systemd 229 running in system mode. (+PAM +AUDIT +SELINUX +IMA +APPARMOR +SMACK +SYSVINIT +UTMP +LIBCRYPTSETUP +GCRYPT +GNUTLS +ACL +XZ -LZ4 +SECCOM +KI+EUTS KMOD -IDN
[   26.01495] systemd[1]: etteviuazaonoracle.[ 26620]ysmd[1]: Detected architecture x86-64.

Welcome to [1mUbuntu 16.04.1 LTS[0m!

[ 27648]ystemd1] Set hostname to <ubntxeal
[ 27766]ysmd[1]: Set upautomount Arbitrary Execuable FileoratFi Sstem AuomuntPot.
[[0;32m  OK  [0m] Set up automount Arbitrary Executab...ats File System Automount Point.
[ 28748383] syem1]Lieng  L2 ll damosoet

[[0;32m  OK  [0m] Listening on LVM2 poll daemon socket.
[   29.402254] systemd[1]: Reached target User and Group Name Lookups.
[[0;32m  OK  [0m] Reached target User and Group Name Lookups.
[  29.4870 ste[1 Lteng onLV mada em ske
[[0;32m  OK  [0m] Listening on LVM2 metadata daemon socket.
[ 30805]systemd[1] Startd Forward Password Requests to Wall Directory Watch.
[[0;32m  OK  [0m] Started Forward Password Requests to Wall Directory Watch.
[ 30083]ysmd[1: ead ic Ur d ssn Slce
[[0;32m  OK  [0m] Created slice User and Session Slice.
[   31.485669] systemd[1]: Listening ondev/initctl Compatibility Named Pipe.
[[0;32m  OK  [0m] Listening on /dev/initctl Compatibility Named Pipe.
[   31606483] systemd[1]: Reached target Encrypted Volumes.
[[0;32m  OK  [0m] Reached target Encrypted Volumes.
[   31.832098] systemd[1]: Listening on Journal Socket.
[[0;32m  OK  [0m] Listening on Journal Socket.
[   31.834876] systemd[1]: Listening on udev Control Socket.
[[0;32m  OK  [0m] Listening on udev Control Socket.
[   31.854935] systemd[1]: Litengn sl Sket.
[[0;32m  OK  [0m] Listening on Syslog Socket.
[   32.107294] systemd[1]: Listening on Journal Audit Socket.
[[0;32m  OK  [0m] Listening on Journal Audit Socket.
[ 32194]ysmd[1]:Litening o Dicmaer event daemon FIFOs.

[[0;32m  OK  [0m] Listening on Device-mapper event daemon FIFOs.
[   32.776811] systemd[1]: Listening on udev KerelSocket. [[0;32m  OK  [0m] Listening on udev Kernel Socket.
[ 3377758] systemd[1]: Created slice System Slice.

[[0;32m  OK  [0m] Created slice System Slice.
[   33.376256] systemd[1]: Created slice system-serial\x2dgetty.slice.
[[0;32m  OK  [0m] Created slice system-serial\x2dgetty.slice.
[   33.388385] systemd[1]: Mounting Debug File System...
         Mounting Debug File System...
[   33.456380] systemd[1]: Mounting POSIX Message Queue File System...
         Mounting POSIX Message Queue File System...
[   33.559974] systemd[1]: Starting Uncomplicated firewall...
         Starting Uncomplicated firewall...
[   33.668046] systemd[1]: Starting Create list of required static device nodes for the current kernel...
[   33.772852] random: nonblocking pool is initialized
         Starting Create list of required st... nodes for the current kernel...
[   33.823960] systemd[1]: Starting Load Kernel Modules...
         Starting Load Ke[   33.869069] Loading iSCSI transport class v2.0-870.
rnel Modules...
[   33.890143] systemd[1]: Mounting Huge Pages File System...
         Mounting Huge Pages File System...
[   33.907752] systemd[1]: Starting Nameserver information manager...
         Starting Nameser[   33.914840] iscsi: registered transport (tcp)
ver information manager...
[   33.966848] systemd[1]: Starting Set console keymap...
         Starting Set console keymap...
[   34.007053] iscsi: registered transport (iser)
[   34.060318] systemd[1]: Starting Monitoring of LVM2 mirrors, snapshots etc. using dmeventd or progress polling...
         Starting Monitoring of LVM2 mirrors... dmeventd or progress polling...
[ 34132315 ste[1 Racd arget Slics.
[[0;32m  OK  [0m] Reached target Slices.
[   34.612250] systemd[1]: Starting Remount Root and Kernel File Systems...
         [   34.693495] EXT4-fs (sda1): re-mounted. Opts: (null)
Starting Remount Root and Kernel File Systems...
[   34.773284] systemd[1]: Reached target Swap.
[[0;32m  OK  [0m] Reached target Swap.
[   4.5248]ysem1]Lieng on url ck (ev/log.
[[0;32m  OK  [0m] Listening on Journal Socket (/dev/log).
[   35.584514] systemd[1]: Starting Journal Service...
         Starting Journal Service...
[   35.636974] systemd[1]: Mounted Huge Pages File System.
[[0;32m  OK  [0m] Mounted Huge Pages File System.
[   35.661206] systemd[1]: Mounted Debug File System.
[[0;32m  OK  [0m] Mounted Debug File System.
[   35.671900] systemd[1]: Mounted POSIX Message Queue File System.
[[0;32m  OK  [0m] Mounted POSIX Message Queue File System.
[   35.703115] systemd[1]: Started Journal Service.
[[0;32m  OK  [0m] Started Journal Service.
[[0;32m  OK  [0m] Started Uncomplicated firewall.
[[0;32m  OK  [0m] Started Create list of required sta...ce nodes for the current kernel.
[[0;32m  OK  [0m] Started Load Kernel Modules.
[[0;32m  OK  [0m] Started Set console keymap.
[[0;32m  OK  [0m] Started Remount Root and Kernel File Systems.
[[0;32m  OK  [0m] Started Nameserver information manager.
[[0;32m  OK  [0m] Started LVM2 metadata daemon.
         Starting udev Coldplug all Devices...
         Starting Load/Save Random Seed...
         Mounting FUSE Control File System...
         Starting Apply Kernel Variables...
         Starting Create Static Device Nodes in /dev...
         Starting Flush Journal to Persistent Storage...
[[0;32m  OK  [0m] Mounted FUSE Control File System.
[[0;32m  OK  [0m] Started Load/Save Random Seed.
[[0;32m  OK  [0m] Started Apply Kernel Variables.
[[0;32m  OK  [0m] Started Create Static Device Nodes in /dev.
[[0;32m  OK  [0m] Started udev Coldplug all Devices.
[[0;32m  OK  [0m] Started Monitoring of LVM2 mirrors,...ng dmeventd or progress polling.
         Starting udev Kernel Device Manager...
[[0;32m  OK  [0m] Started Flush Journal to Persistent Storage.
[[0;32m  OK  [0m] Started udev Kernel Device Manager.
[[0;32m  OK  [0m] Reached target Local File Systems (Pre).
[[0;32m  OK  [0m] Reached target Local File Systems.
         Starting Set console font and keymap...
         Starting Initial cloud-init job (pre-networking)...
         Starting Tell Plymouth To Write Out Runtime Data...
         Starting LSB: AppArmor initialization...
         Starting Enable support for additional executable binary formats...
[[0;32m  OK  [0m] Started Dispatch Password Requests to Console Directory Watch.
         Starting Create Volatile Files and Directories...
[[0;32m  OK  [0m] Started Tell Plymouth To Write Out Runtime Data.
[[0;32m  OK  [0m] Started Create Volatile Files and Directories.
[[0;32m  OK  [0m] Started Set console font and keymap.
[[0;32m  OK  [0m] Created slice system-getty.slice.
         Mounting Arbitrary Executable File Formats File System...
[[0;32m  OK  [0m] Reached target System Time Synchronized.
         Starting Update UTMP about System Boot/Shutdown...
[[0;32m  OK  [0m] Mounted Arbitrary Executable File Formats File System.
[[0;32m  OK  [0m] Started Enable support for additional executable binary formats.
[[0;32m  OK  [0m] Started LSB: AppArmor initialization.
[[0;32m  OK  [0m] Started Update UTMP about System Boot/Shutdown.
[[0;32m  OK  [0m] Reached target System Initialization.
[[0;32m  OK  [0m] Listening on UUID daemon activation socket.
[[0;32m  OK  [0m] Started ACPI Events Check.
[[0;32m  OK  [0m] Listening on D-Bus System Message Bus Socket.
[[0;32m  OK  [0m] Started Daily apt activities.
[[0;32m  OK  [0m] Listening on ACPID Listen Socket.
[[0;32m  OK  [0m] Started Trigger resolvconf update for networkd DNS.
[[0;32m  OK  [0m] Reached target Paths.
[[0;32m  OK  [0m] Started Timer to automatically refresh installed snaps.
[[0;32m  OK  [0m] Listening on RPCbind Server Activation Socket.
[[0;32m  OK  [0m] Started Daily Cleanup of Temporary Directories.
[[0;32m  OK  [0m] Reached target Timers.
         Starting LXD - unix socket.
         Starting Socket activation for snappy daemon.
[[0;32m  OK  [0m] Listening on LXD - unix socket.
[[0;32m  OK  [0m] Listening on Socket activation for snappy daemon.
[[0;32m  OK  [0m] Found device /dev/ttyS0.
[[0;32m  OK  [0m] Listening on Load/Save RF Kill Switch Status /dev/rfkill Watch.
[[0;32m  OK  [0m] Reached target Sockets.
[[0;32m  OK  [0m] Reached target Basic System.
         Starting LSB: MD monitoring daemon...
         Starting Daily apt activities...
[[0;32m  OK  [0m] Started Snappy daemon.
         Starting System Logging Service...
         Starting Login Service...
[[0;32m  OK  [0m] Started Deferred execution scheduler.
         Starting vboxadd.service...
         Starting LSB: Record successful boot for GRUB...
[[0;32m  OK  [0m] Started D-Bus System Message Bus.
[[0;32m  OK  [0m] Started Regular background program processing daemon.
[[0;32m  OK  [0m] Started ACPI event daemon.
         Starting Accounts Service...
[[0;32m  OK  [0m] Started FUSE filesystem for LXC.
         Starting vboxadd-x11.service...
         Starting LXD - container startup/shutdown...
[[0;32m  OK  [0m] Started System Logging Service.
[[0;32m  OK  [0m] Started Daily apt activities.
[[0;32m  OK  [0m] Started vboxadd.service.
[[0;32m  OK  [0m] Started vboxadd-x11.service.
[[0;32m  OK  [0m] Started LXD - container startup/shutdown.
[[0;32m  OK  [0m] Found device 82540EM Gigabit Ethern...r (PRO/1000 MT Desktop Adapter).
[[0;32m  OK  [0m] Started LSB: Record successful boot for GRUB.
[[0;32m  OK  [0m] Started LSB: MD monitoring daemon.
[[0;32m  OK  [0m] Started Login Service.
         Starting Authenticate and Authorize Users to Run Privileged Tasks...
         Starting vboxadd-service.service...
[[0;32m  OK  [0m] Started Authenticate and Authorize Users to Run Privileged Tasks.
[[0;32m  OK  [0m] Started vboxadd-service.service.
[[0;32m  OK  [0m] Started Accounts Service.
[   57.438220] cloud-init[960]: Cloud-init v. 0.7.7 running 'init-local' at Tue, 06 Sep 2016 16:20:39 +0000. Up 25.92 seconds.
[[0;32m  OK  [0m] Started Initial cloud-init job (pre-networking).
[[0;32m  OK  [0m] Reached target Network (Pre).
[[0;32m  OK  [0m] Started ifup for enp0s3.
         Starting Raise network interfaces...
[[0;32m  OK  [0m] Started Raise network interfaces.
[[0;32m  OK  [0m] Reached target Network.
         Starting Automatically refresh installed snaps...
         Starting Initial cloud-init job (metadata service crawler)...
[   58.467467] cloud-init[2223]: Cloud-init v. 0.7.7 running 'init' at Tue, 06 Sep 2016 16:21:11 +0000. Up 58.22 seconds.
[   58.544977] [cloud-init[0;32m  OK  [0m[2223]: ] ci-info: +++++++++++++++++++++++++++++++++++++Net device info++++++++++++++++++++++++++++++++++++++Started Initial cloud-init job (metadata service crawler).

[   58.545895] cloud-init[2223]: ci-info: +--------+------+----------------------------+---------------+-------+-------------------+
[   58.840821] [cloud-init[0;32m  OK  [0m[2223]: ] ci-info: | Device |  Up  |          Address           |      Mask     | Scope |     Hw-Address    |Reached target Cloud-config availability.

[[0;32m  OK  [0m] Reached target Network is Online.
[   58.841330] cloud-init[2223]: ci-info: +--------+------+----------------------------+---------------+-------+-------------------+
[   59.152616]          cloud-initStarting /etc/rc.local Compatibility...[2223]: 
ci-info: | enp0s3 | True |         10.0.2.15          | 255.255.255.0 |   .   | 02:50:1b:09:58:23 |
[   59.268744]          cloud-initStarting Apply the settings specified in cloud-config...[2223]: 
ci-info: | enp0s3 | True | fe80::50:1bff:fe09:5823/64 |       .       |  link | 02:50:1b:09:58:23 |
[   59.406851]          cloud-initStarting iSCSI initiator daemon (iscsid)...[2223]: 
ci-info: |   lo   | True |         127.0.0.1          |   255.0.0.0   |   .   |         .         |
[   59.452282]          cloud-initStarting OpenBSD Secure Shell server...[2223]: 
ci-info: |   lo   | True |          ::1/128           |       .       |  host |         .         |
[   59.568604] [cloud-init[0;32m  OK  [0m[2223]: ] ci-info: +--------+------+----------------------------+---------------+-------+-------------------+Started Automatically refresh installed snaps.

[   59.569159] cloud-init[2223]: ci-info: +++++++++++++++++++++++++++Route IPv4 info++++++++++++++++++++++++++++
[   59.801264] [cloud-init[0;32m  OK  [0m[2223]: ] ci-info: +-------+-------------+----------+---------------+-----------+-------+Started /etc/rc.local Compatibility.

[   59.801743] cloud-init[2223]: ci-info: | Route | Destination | Gateway  |    Genmask    | Interface | Flags |
[[0;32m  OK  [0m] Started Apply the settings specified in cloud-config.
[   59.902010] cloud-init[2223]: ci-info: +-------+-------------+----------+---------------+-----------+-------+
[[0;32m  OK  [0m] Started OpenBSD Secure Shell server.
[[0;32m  OK  [0m] Started iSCSI initiator daemon (iscsid).
[   60.114719] cloud-init[2223]: ci-info: |   0   |   0.0.0.0   | 10.0.2.2 |    0.0.0.0    |   enp0s3  |   UG  |
[   60.160521] cloud-init[2223]: ci-info: |   1   |   10.0.2.0  | 0.0.0.0  | 255.255.255.0 |   enp0s3  |   U   |
[   60.237420]          cloud-initStarting Login to default iSCSI targets...[2223]: 
ci-info: +-------+-------------+----------+---------------+-----------+-------+
         Starting Execute cloud user/final scripts...
[   60.451401] cloud-init[2271]: Cloud-init v. 0.7.7 running 'modules:config' at Tue, 06 Sep 2016 16:21:13 +0000. Up 59.50 seconds.
[[0;32m  OK  [0m] Started Login to default iSCSI targets.
[[0;32m  OK  [0m] Reached target Remote File Systems (Pre).
[[0;32m  OK  [0m] Reached target Remote File Systems.
         Starting LSB: daemon to balance interrupts for SMP systems...
         Starting LSB: automatic crash report generation...
         Starting LSB: Set the CPU Frequency Scaling governor to "ondemand"...
         Starting Permit User Sessions...
[[0;32m  OK  [0m] Started Permit User Sessions.
         Starting Terminate Plymouth Boot Screen...
         Starting Hold until boot process finishes up...
[[0;32m  OK  [0m] Started LSB: daemon to balance interrupts for SMP systems.
[[0;32m  OK  [0m] Started LSB: automatic crash report generation.
[[0;32m  OK  [0m] Started LSB: Set the CPU Frequency Scaling governor to "ondemand".
[[0;32m  OK  [0m] Started Terminate Plymouth Boot Screen.
[[0;32m  OK  [0m] Started Hold until boot process finishes up.
[   60.825447] cloud-init[2297]: Cloud-init v. 0.7.7 running 'modules:final' at Tue, 06 Sep 2016 16:21:14 +0000. Up 60.64 seconds.
[[0;32m  OK  [0m] Started Getty on tty1.
[   60.932735] cloud-init[2297]: Cloud-init v. 0.7.7 finished at Tue, 06 Sep 2016 16:21:14 +0000. Datasource DataSourceNoCloud [seed=/dev/sdb][dsmode=net].  Up 60.77 seconds
         Starting Set console scheme...
[[0;32m  OK  [0m] Started Serial Getty on ttyS0.
[[0;32m  OK  [0m] Reached target Login Prompts.
[[0;32m  OK  [0m] Started Execute cloud user/final scripts.
[[0;32m  OK  [0m] Started Set console scheme.
[[0;32m  OK  [0m] Reached target Cloud-init target.
[[0;32m  OK  [0m] Reached target Multi-User System.
[[0;32m  OK  [0m] Reached target Graphical Interface.
         Starting Update UTMP about System Runlevel Changes...
[[0;32m  OK  [0m] Started Update UTMP about System Runlevel Changes.

Ubuntu 16.04.1 LTS ubuntu-xenial ttyS0

ubuntu-xenial login: 