[    0.0000] nitializing cgroup subsys cpuset
[    0.000000] Initializing cgroup subsys cpu
[    0.000000] Initializing cgroup subsys cpuacct
[    0.000000] Linux version 4.4.0-36-generic (buildd@lcy01-01) (gcc version 5.4.0 20160609 (Ubuntu 5.4.0-6ubuntu1~16.04.2) ) #55-Ubuntu SMP Thu Aug 11 18:01:55 UTC 2016 (Ubuntu 4.4.0-36.55-generic 4.4.16)
[    0.000000] Command line: BOOT_IMAGE=/boot/vmlinuz-4.4.0-36-generic root=UUID=e57a9-12c7-4a-343-9df3b428b47f ro console=tty1 console=tty
    000000]KERNEL supported cpus:
[    0.000000]   Intel GenuineIntel
[    0.000000]   AMD AuthenticAMD
[    0.000000]   Centaur CentaurHauls
[    0.000000] x86/fpu: xstate_offset[: 576, xstat_ses[2]:  256
[    0.000000] x86/fpu: Supporting XSAVE feature 0x01: 'x87 floating point registers'
[    0.000000]86/fpu: Supporting XSAVE feature 0x02: 'SSE registers'
[    0.000000] x86/fpu: Supporting XSAVE feature 0x04: 'AVX registers'
[    0.000000] x86/fpu: Enabed xstate features 0x7, context size is 83 bes, using 'standard' format.
[    0.000000] x86/fpu: Using 'lazy' FPU context switches.
[    0.000000] e820: BIOS-provided physical RAM map:
[    0.000000] BIOS-e820: [mem 0x0000000000000000-0x000000000009fbff] usable
[    0.000000] BIOS-e820: [mem 0x000000000009fc00-0x00000000009ff] serve
  0.00000]IOS-82 [em 0000000f00-0x0000000fff] eservd[    00000] BOS820: [m x000000001000-0x000000003ffeffff] usable
[    0.000] IOS-e820: [me0x0000003ff000-0x000000003fffffff] ACPI dta
[   0.000]BI-e20: [mm 000000fe000-0x0000000c0fff]rerved[  0.000000 BS-e80:me 0x00000000fee00000-0x00000fee00ff] reserved
[    0.000000] BIOS-e820: [mem 0x00000000fffc0000-0x00000000ffffffff] reserved
[    0.000000] NX (Execute Disable) protection: active
[    0.000000] SMBIOS 2.5 present.
[    0.000000] Hypervisor detected: KVM
[    0.00000] e820: last_pfn =x3fff0 max_arch_pfn = 0x400000000
[    0.000000] x86/PAT: Configuration [0-7]: WB  WC  UC- UC  WB  WC  UC- WT  
[    0.000000] MTRR: Disable
[    0.000000] CPU MTRRs all blank - virtualized system.
[    0.000000] found SMP MP-table at [mem 0x0009fff0-0x0009ffff] mapped at [ffff88000009fff0]
[    0.00000] caing 1 areas for low memory coruion
[    0.000000] RAMDISK: [mem 0x36b26000-0x3758afff]
[    0.000000] ACPI: Early table checksum verification disabled
[    0.000000] ACPI: RSDP 0x00000000000E0000 000024 (v02 VBOX  )
[    0.000000] ACPI: XSDT 0x000000003FFF0030 00003C (v01 VBOX   VBOXXSDT 00000001 ASL  00000061)
[    0.000000] ACPI: FACP 0x000000003FFF00F0 0000F4 (v04 VBOX   VBOXFACP 00000001 ASL  00000061)
[    0.000000] ACPI: DSDT 0x000000003FFF0470 00210F (v01 VBOX   VBOXBIOS 00000002 INTL 20100528)
[    0.000000] ACPI: FACS 0x000000003FFF0200 000040
[    0.000000] ACPI: FACS 0x000000003FFF0200 000040
[    0.000000] ACPI: APIC 0x000000003FFF0240 00005C (v02 VBOX   VBOXAPIC 00000001 ASL  00000061)
[    0.000000] ACPI: SSDT 0x000000003FFF02A0 0001CC (v01 VBOX   VBOXCPUT 00000002 INTL 20100528)
[    0.000000] No NUMA configuration found
[    0.000000] Faking a node at [mem 0xx0000000000000000-0x000000003ffeffff]
[    0.000000] NODE_DATA(0) allocated [mem 0x3ffeb000-0x3ffeffff]
[    0.000000] kvm-clock: Using msrs 4b564d01 and 4b564d00
  0.00000]vmclock: cu 0, msr 0:3ffe700 primary cpu clock
[    0.000000] kvm-clock: using sched offset of 3462045545 cycles
[    0.000000] clocksource: kvm-clock: mask: 0xffffffffffffffff max_cycles: 0x1cd42e4dffb, max_idle_ns: 881590591483 ns
[    0.000000] Zone ranges:
[    0.000000]   DMA      [mem 0x0000000000001000-0x0000000000ffffff]
[    0.000000]   DM2   [m 000000000100000x00000003efff][    0.000000]   Normal   empty
[    0.000000]   Device   empty
[    0.000000] Movable zone start for each od
[    0.000000] Early memory node ranges
[    0.000000]   node   0: [mem 0x0000000000001000-0x000000000009efff]
[    0.000000]   node   0: [mem 0x0000000000100000-0x000000003ffeffff]
[    0.000000] Initmem setup node 0 [mem 0x0000000000001000-0x000000003ffeffff]
[    0.000000] ACPI: PM-Timer IO Port: 0x4008
[    0.000000] IOAPIC[0]: piid 2, veio 32,adre 0xfe000,GSI 23
[    0.00000 ACPI I_SC_OVR (bu 0us_iq 0 global_irq 2dfl dfl)
[    0.000000] ACPI: INT_SRC_OVR (bus 0 bus_irq 9 global_irq 9 high level)
[    0.000000] Using ACPI (MADT) for SMP configuration infoation
[    0.000000] smpboot: Allowing 2 CPUs, 0 hotplug CPUs
[    0.000000] PM: Registered nosave memory: [mem 0x00000000-0x00000fff]
[    0.000000] PM: Registered nosave memory: [mem 0x0009f000-0x0009ffff]
[    0.000000] PM: Registered nosave memory: [mem 0x000a0000-0x000effff]
[    0.000000] PM: Registered nosave memory: [mem 0x000f0000-0x000fffff]
[    0.000000] e820: [mem 0x4000000-0xfebfffff] available for PCI deces
[    0.000000] Booting paravirtualized keernel on KVM
[    0.000000] clocksource: refined-jiffies: mask: 0xffffffff max_cycles: 0xffffffff, max_idle_ns: 7645519600211568 ns
[    0.000000] setup_percpu: NR_CPUS:256 nr_cpumask_bits:256 nr_cpu_ids:2 nr_node_ids:1
[    0.000000] PERCPU: Embedded 33 pages/cpu @ffff88003fc00000 s98008 r8192 d28968 u1048576
[    0.000000] PV qspinlock hash table entries: 256 (order: 0, 4096 bytes)
[    0.000000] Built 1 zonelists in Node order, mobility grouping on.  Total pages: 257913
[    0.000000] Policy zone: DMA32
[    0.000000] Kernel command line: BOOT_IMAGE=/boot/vmlinuz-4.4.0-36-generic root=UUID=2e5517a9-12c7-464a-a343-9df3b428b47f ro consle=tty1 console=ttyS0
[    0.000000] PID hash table entries: 4096 (order: 3, 32768 bytes)
[    0.000000] Memory: 1001996K/10480K available 8394K kernel code, 1282K rwdata, 3944K rodata, 1480K init, 129 bss, 46124K reserved, 0K cma-served)
[    0.000000] SLUB: HWalign=64, Order=0-3, MinObjects=0, CPUs=2, Noddes=1
[    0.000000] Hierarchical RCU implementation.
[    0.000000] 	Build-time adjusent of leaf fanout to 64.
[    0.000000] 	RCU restricting CPUsfrom NR_CPUS=256 to nr_cpu_ids=2.
[    0.000000] RCU: Adjusting geometry for rcu_fanout_leaf=64, nr_cpu_ids=2
[    0.000000] NR_IRQS:16640 nr_irqs:440 16
[    0.000000] Console: colour VGA+ 80x25
[    0.000000] console [tty1] enabled
[    0.000000] console [ttyS0] enabled
[    0.000000] tsc: Detected 2599.998 MHz processor
[    3.740336] Calibrating delay loop (skipped) preset value.. 5199.99 BogoMIPS (lpj=10399992)
[    3.742251] pid_max: default: 32768 minimum: 301
[    3.743284] ACPI: Core revision 20150930
[    3.745117] ACPI: 2 ACPI AML tables successfully acquired and loaded
[    3.748069] Security Framework initialized
[    3.749011] Yama: becoming mindful.
[    3.749861] AppArmor: AppArmor initialized
[    3.751107] Dentry cache hash table entries: 131072 (order: 8, 1048576 bytes)
[   3.752837] Inode-cache hash table entries: 65536 (order: 7, 524288 bytes)
[   3.768950] Mount-cache hash table entries: 2048 (order: 2, 16384 bytes)
[    3.789582] Mountpoint-cache hash table entries: 2048 (order: 2, 16384 bytes)
[    3.791165] Initializing cgroup subsys io
[    3.797624] Initializing cgroup subsys memory
[    3.798613] Initializing cgroup subsys devices
[    3.800262] Initializing cgroup subsys freezer
[    3.801289] Initializing cgroup subsys net_cls
[    3.802286] Initializing cgroup subsys perf_event
[    3.803395] Initializing cgroup subsys net_prio
[    3.804404] Initializing cgroup subsys hugetlb
[    3.805407] Initializing cgroup subsys pids
[    3.806432] CPU: Physical Processor ID: 0
[    3.807386] CPU: Processor Core ID: 0
[    3.809091] mce: CPU supports 0 MCE banks
[    3.810026] Last level iTLB entries: 4KB 1024, 2MB 1024, 4MB 1024
[    3.811372] Last level dTLB entries: 4KB 1024, 2MB 1024, 4MB 1024, 1GB 4
[    3.820476] Freeing SMP alternatives memory: 28K (ffffffff820b4000 - ffffffff820bb000)
[    3.835873] ftrace: allocating 31996 entries in 125 pages
[    3.936972] smpboot: Max logical packages: 1
[    3.976150] smpboot: APIC(0) Converting physical 0 to logical package 0
[    3.984707] x2apic enabled
[    3.985627] Switched APIC routing to physical x2apic.
[    3.987788] ..TIMER: vector=0x30 apic1=0 pin1=2 apic2=-1 pin2=-1
[    4.095785] smpboot: CPU0: Intel(R) Core(TM) i5-4278U CPU @ 2.60GHz (family: 0x6, model: 0x45, stepping: 0x1)
[    4.116803] Performance Events: unsupported p6 CPU model 69 no PMU driver, software events only.
[    4.127354] KVM setup paravirtual spinlock
[    4.134434] x86: Booting SMP configuration:
[    4.138283] .... node  #0, CPUs:      #1
[    4.151422] kvm-clock: cpu 1, msr 0:3ffe7041, secondary cpu clock
[    4.162711] mce: CPU supports 0 MCE banks
[    4.173716] x86: Booted up 1 node, 2 CPUs
[    4.182092] smpboot: Total of 2 processors activated (10399.99 BogoMIPS)
[    4.187756] devtmpfs: initialized
[    4.191289] evm: security.selinux
[    4.198646] evm: security.SMACK64
[    4.199473] evm: security.SMACK64EXEC
[    4.200382] evm: security.SMACK64TRANSMUTE
[    4.201317] evm: security.SMACK64MMAP
[    4.202178] evm: security.ima
[    4.210502] evm: security.capability
[    4.211738] clocksource: jiffies: mask: 0xffffffff max_cycles: 0xffffffff, max_idle_ns: 7645041785100000 ns
[    4.215608] pinctrl core: initialized pinctrl subsystem
[    4.216849] RTC time:  0:15:32, date: 09/17/16
[    4.219299] NET: Registered protocol family 16
[    4.231999] cpuidle: using governor ladder
[    4.252189] cpuidle: using governor menu
[    4.268602] PCCT header not found.
[    4.269659] ACPI: bus type PCI registered
[    4.270602] acpiphp: ACPI Hot Plug PCI Controller Driver version: 0.5
[    4.272713] PCI: Using configuration type 1 for base access
[    4.297091] ACPI: Added _OSI(Module Device)
[    4.299261] ACPI: Added _OSI(Processor Device)
[    4.306782] ACPI: Added _OSI(3.0 _SCP Extensions)
[    4.307858] ACPI: Added _OSI(Processor Aggregator Device)
[    4.309652] ACPI: Executed 1 blocks of module-level executable AML code
[    4.313108] ACPI: Interpreter enabled
[    4.326838] ACPI Exception: AE_NOT_FOUND, While evaluating Sleep State [\_S1_] (20150930/hwxface-580)
[    4.332127] ACPI Exception: AE_NOT_FOUND, While evaluating Sleep State [\_S2_] (20150930/hwxface-580)
[    4.337183] ACPI Exception: AE_NOT_FOUND, While evaluating Sleep State [\_S3_] (20150930/hwxface-580)
[    4.339334] ACPI Exception: AE_NOT_FOUND, While evaluating Sleep State [\_S4_] (20150930/hwxface-580)
[    4.341493] ACPI: (supports S0 S5)
[    4.342314] ACPI: Using IOAPIC for interrupt routing
[    4.347846] PCI: Using host bridge windows from ACPI; if necessary, use "pci=nocrs" and report a bug
[    4.362614] ACPI: PCI Root Bridge [PCI0] (domain 0000 [bus 00-ff])
[    4.365688] acpi PNP0A03:00: _OSC: OS supports [ASPM ClockPM Segments MSI]
[    4.367373] acpi PNP0A03:00: _OSC failed (AE_NOT_FOUND); disabling ASPM
[    4.368985] acpi PNP0A03:00: fail to add MMCONFIG information, can't access extended PCI configuration space under this bridge.
[    4.377163] PCI host bridge to bus 0000:00
[    4.378107] pci_bus 0000:00: root bus resource [io  0x0000-0x0cf7 window]
[    4.379540] pci_bus 0000:00: root bus resource [io  0x0d00-0xffff window]
[    4.380962] pci_bus 0000:00: root bus resource [mem 0x000a0000-0x000bffff window]
[    4.382907] pci_bus 0000:00: root bus resource [mem 0x40000000-0xffdfffff window]
[    4.390170] pci_bus 0000:00: root bus resource [bus 00-ff]
[    4.392953] pci 0000:00:01.1: legacy IDE quirk: reg 0x10: [io  0x01f0-0x01f7]
[    4.395804] pci 0000:00:01.1: legacy IDE quirk: reg 0x14: [io  0x03f6]
[    4.407316] pci 0000:00:01.1: legacy IDE quirk: reg 0x18: [io  0x0170-0x0177]
[    4.410199] pci 0000:00:01.1: legacy IDE quirk: reg 0x1c: [io  0x0376]
[    4.433449] pci 0000:00:07.0: quirk: [io  0x4000-0x403f] claimed by PIIX4 ACPI
[    4.436700] pci 0000:00:07.0: quirk: [io  0x4100-0x410f] claimed by PIIX4 SMB
[    4.448070] ACPI: PCI Interrupt Link [LNKA] (IRQs 5 9 10 *11)
[    4.449974] ACPI: PCI Interrupt Link [LNKB] (IRQs 5 9 10 *11)
[    4.451703] ACPI: PCI Interrupt Link [LNKC] (IRQs 5 9 *10 11)
[    4.454149] ACPI: PCI Interrupt Link [LNKD] (IRQs 5 *9 10 11)
[    4.456660] ACPI: Enabled 2 GPEs in block 00 to 07
[    4.458575] vgaarb: setting as boot device: PCI:0000:00:02.0
[    4.462499] vgaarb: device added: PCI:0000:00:02.0,decodes=io+mem,owns=io+mem,locks=none
[    4.468392] vgaarb: loaded
[    4.476444] vgaarb: bridge control possible 0000:00:02.0
[    4.558029] SCSI subsystem initialized
[    4.603370] ACPI: bus type USB registered
[    4.606167] usbcore: registered new interface driver usbfs
[    4.624596] usbcore: registered new interface driver hub
[    4.632970] usbcore: registered new device driver usb
[    4.637463] PCI: Using ACPI for IRQ routing
[    4.644772] NetLabel: Initializing
[    4.650458] NetLabel:  domain hash size = 128
[    4.654512] NetLabel:  protocols = UNLABELED CIPSOv4
[    4.662088] NetLabel:  unlabeled traffic allowed by default
[    4.667119] amd_nb: Cannot enumerate AMD northbridges
[    4.682006] clocksource: Switched to clocksource kvm-clock
[    4.717415] AppArmor: AppArmor Filesystem Enabled
[    4.720767] pnp: PnP ACPI int
[    4.931] pn PnP ACI: found 3 devices

[    4.921041] clocksource: acpi_pm: mask: 0xffffff max_cycles: 0xffffff, max_idle_ns: 2085701024 ns
[    4.923135] NET: Registered protocol family 2
[    4.924335] TCP established hash table entries:8192 (order: 4, 65536 bytes)
[  4958079] TCP bind hash table entries: 8192 (order: 5, 131072 bytes)
[    5.028728] TCP: Hash tables configured (established 8192 bind 8192)
[    5.030281] UDP hash table entries: 512 (order: 2, 16384 bytes)
[    5.032657] UDP-Lite hash table entries: 512 (order: 2, 16384 bytes)
[   5.034602] NET: Registered protocol family 1
[    5.066895] pci 0000:00:00.0: Limiting direct PCI/PCI transfers
[    5.068167] pci 0000:00:01.0: Activating ISA DMA hang workarounds

[    5.071030] Trying to unpack rootfs image as initramfs...
[    5.241517] Freeing initrd memory: 10644K (ffff880036b26000 - ffff88003758b000)
[    5.253510] RAPL PMU detected, API unit is 2^-32 Joules, 4 fixed counters 10737418240 ms ovfl timer
[    5.273738] hw unit of domain pp0-core 2^-0 Joules
[    5.280599] hw unit of domain package 2^-0 Joules
[    5.322065] hw unit of domain dram 2^-0 Joules
[    5.374889] hw unit of domain pp1-gpu 2^-0 Joules
[    5.380360] platform rtc_cmos: registered platform RTC device (no PNP device found)
[    5.383033] Scanning for low memory corruption every 60 seconds
[    5.395866] futex hash table entries: 512 (order: 3, 32768 bytes)
[    5.402168] audit: initializing netlink subsys (disabled)
[    5.415156] audit: type=2000 audit(1474071334.566:1): initialized
[    5.417075] Initialise system trusted keyring
[    5.433171] HugeTLB registered 2 MB page size, pre-allocated 0 pages
[    5.437302] zbud: loaded
[    5.448658] VFS: Disk quotas dquot_6.6.0
[    5.452420] VFS: Dquot-cache hash table entries: 512 (order 0, 4096 bytes)
[    5.453754] squashfs: version 4.0 (2009/01/31) Phillip Lougher
[    5.455567] fuse init (API version 7.23)
[    5.464557] Key type big_key registered
[    5.471077] Allocating IMA MOK and blacklist keyrings.
[    5.473241] Key type asymmetric registered
[    5.481096] Asymmetric key parser 'x509' registered
[    5.505008] Block layer SCSI generic (bsg) driver version 0.4 loaded (major 249)
[    5.516315] io scheduler noop registered
[    5.531465] io scheduler deadline registered (default)
[    5.532598] io scheduler cfq registered
[    5.537030] pci_hotplug: PCI Hot Plug PCI Core version: 0.5
[    5.540147] pciehp: PCI Express Hot Plug Controller Driver version: 0.4
[    5.541880] ACPI: AC Adapter [AC] (off-line)
[    5.546960] input: Power Button as /devices/LNXSYSTM:00/LNXPWRBN:00/input/input0
[    5.573928] ACPI: Power Button [PWRF]
[    5.576316] input: Sleep Button as /devices/LNXSYSTM:00/LNXSLPBN:00/input/input1
[    5.578717] ACPI: Sleep Button [SLPF]
[    5.580943] ACPI: Battery Slot [BAT0] (battery present)
[    5.591459] GHES: HEST is not enabled!
[    5.592508] Serial: 8250/16550 driver, 32 ports, IRQ sharing enabled
[    5.616969] 00:02: ttyS0 at I/O 0x3f8 (irq = 4, base_baud = 115200) is a 16550A
[    5.619751] Linux agpgart interface v0.103
[    5.625535] brd: module loaded
[    5.635232] loop: module loaded
[    5.652963] scsi host0: ata_piix
[    5.655976] scsi host1: ata_piix
[    5.656811] ata1: PATA max UDMA/33 cmd 0x1f0 ctl 0x3f6 bmdma 0xd000 irq 14
[    5.658277] ata2: PATA max UDMA/33 cmd 0x170 ctl 0x376 bmdma 0xd008 irq 15
[    5.660337] libphy: Fixed MDIO Bus: probed
[    5.661290] tun: Universal TUN/TAP device driver, 1.6
[    5.662463] tun: (C) 1999-2004 Max Krasnyansky <maxk@qualcomm.com>
[    5.663826] PPP generic driver version 2.4.2
[    5.665436] ehci_hcd: USB 2.0 'Enhanced' Host Controller (EHCI) Driver
[    5.666852] ehci-pci: EHCI PCI platform driver
[    5.667918] ehci-platform: EHCI generic platform driver
[    5.669063] ohci_hcd: USB 1.1 'Open' Host Controller (OHCI) Driver
[    5.670758] ohci-pci: OHCI PCI platform driver
[    5.678407] ohci-platform: OHCI generic platform driver
[    5.679782] uhci_hcd: USB Universal Host Controller Interface driver
[    5.683501] i8042: PNP: PS/2 Controller [PNP0303:PS2K,PNP0f03:PS2M] at 0x60,0x64 irq 1,12
[    5.688504] serio: i8042 KBD port at 0x60,0x64 irq 1
[    5.690798] serio: i8042 AUX port at 0x60,0x64 irq 12
[    5.693138] mousedev: PS/2 mouse device common for all mice
[    5.698710] input: AT Translated Set 2 keyboard as /devices/platform/i8042/serio0/input/input2
[    5.702445] rtc_cmos rtc_cmos: rtc core: registered rtc_cmos as rtc0
[    5.702528] rtc_cmos rtc_cmos: alarms up to one day, 114 bytes nvram
[    5.702541] i2c /dev entries driver
[    5.702623] device-mapper: uevent: version 1.0.3
[    5.702715] device-mapper: ioctl: 4.34.0-ioctl (2015-10-28) initialised: dm-devel@redhat.com
[    5.702739] ledtrig-cpu: registered to indicate activity on CPUs
[    5.703108] NET: Registered protocol family 10
[    5.703306] NET: Registered protocol family 17
[    5.703318] Key type dns_resolver registered
[    5.703510] microcode: CPU0 sig=0x40651, pf=0x40, revision=0x0
[    5.742343] microcode: CPU1 sig=0x40651, pf=0x40, revision=0x0
[    5.742469] microcode: Microcode Update Driver: v2.01 <tigran@aivazian.fsnet.co.uk>, Peter Oruba
[    5.742655] registered taskstats version 1
[    5.742670] Loading compiled-in X.509 certificates
[    5.743609] Loaded X.509 cert 'Build time autogenerated kernel key: 181cd957879f68b474ab1d0c92722cd44e756f77'
[    5.743643] zswap: loaded using pool lzo/zbud
[    5.745832] Key type trusted registered
[    5.750407] Key type encrypted registered
[    5.750421] AppArmor: AppArmor sha1 policy hashing enabled
[    5.750426] ima: No TPM chip found, activating TPM-bypass!
[    5.750455] evm: HMAC attrs: 0x1
[    5.750956]   Magic number: 0:13:254
[    5.755387] rtc_cmos rtc_cmos: setting system clock to 2016-09-17 00:15:34 UTC (1474071334)
[    5.755563] BIOS EDD facility v0.16 2004-Jun-25, 0 devices found
[    5.755564] EDD information not available.
[    5.892896] Freeing unused kernel memory: 1480K (ffffffff81f42000 - ffffffff820b4000)
[    5.900489] Write protecting the kernel read-only data: 14336k
[    5.905824] Freeing unused kernel memory: 1832K (ffff880001836000 - ffff880001a00000)
[    6.378991] tsc: Refined TSC clocksource calibration: 2598.921 MHz
[    6.378993] clocksource: tsc: mask: 0xffffffffffffffff max_cycles: 0x2576412561e, max_idle_ns: 440795332069 ns
[    7.324717] Freeing unused kernel memory: 152K (ffff880001dda000 - ffff880001e00000)
Loading, please [    7.450133] random: systemd-udevd urandom read with 3 bits of entropy available
wait...
starting version 229
[    7.479711] e1000: Intel(R) PRO/1000 Network Driver - version 7.3.21-k8-NAPI
[    7.493252] e1000: Copyright (c) 1999-2006 Intel Corporation.
[    7.515713] Fusion MPT base driver 3.04.20
[    7.523853] Copyright (c) 1999-2008 LSI Corporation
[    7.535049] Fusion MPT SPI Host driver 3.04.20
[    7.619135] AVX version of gcm_enc/dec engaged.
[    7.653347] AES CTR mode by8 optimization enabled
[    7.781710] input: ImExPS/2 Generic Explorer Mouse as /devices/platform/i8042/serio1/input/input4
[    7.917624] e1000 0000:00:03.0 eth0: (PCI:33MHz:32-bit) 02:50:1b:09:58:23
[    7.975788] e1000 0000:00:03.0 eth0: Intel(R) PRO/1000 Network Connection
[    8.033013] mptbase: ioc0: Initiating bringup
[    8.119840] e1000 0000:00:03.0 enp0s3: renamed from eth0
[    8.206913] ioc0: LSI53C1030 A0: Capabilities={Initiator}
[    8.414140] scsi host2: ioc0: LSI53C1030 A0, FwRev=00000000h, Ports=1, MaxQ=256, IRQ=20
[    8.550688] scsi 2:0:0:0: Direct-Access     VBOX     HARDDISK         1.0  PQ: 0 ANSI: 5
[    8.596143] scsi target2:0:0: Beginning Domain Validation
[    8.634962] scsi target2:0:0: Domain Validation skipping write tests
[    8.749235] scsi target2:0:0: Ending Domain Validation
[    8.820165] scsi target2:0:0: asynchronous
[    8.873512] scsi 2:0:1:0: Direct-Access     VBOX     HARDDISK         1.0  PQ: 0 ANSI: 5
[    8.925373] scsi target2:0:1: Beginning Domain Validation
[    9.110658] scsi target2:0:1: Domain Validation skipping write tests
[    9.113064] scsi target2:0:1: Ending Domain Validation
[    9.114040] scsi target2:0:1: asynchronous
[    9.187571] sd 2:0:0:0: Attached scsi generic sg0 type 0
[    9.188108] sd 2:0:0:0: [sda] 20971520 512-byte logical blocks: (10.7 GB/10.0 GiB)
[    9.188349] sd 2:0:0:0: [sda] Write Protect is off
[    9.188518] sd 2:0:0:0: [sda] Incomplete mode parameter data
[    9.188519] sd 2:0:0:0: [sda] Assuming drive cache: write through
[    9.198642]  sda: sda1
[    9.199750] sd 2:0:0:0: [sda] Attached SCSI disk
[    9.377672] sd 2:0:1:0: [sdb] 20480 512-byte logical blocks: (10.5 MB/10.0 MiB)
[    9.420706] sd 2:0:1:0: Attached scsi generic sg1 type 0
[    9.420864] sd 2:0:1:0: [sdb] Write Protect is off
[    9.420963] sd 2:0:1:0: [sdb] Incomplete mode parameter data
[    9.420964] sd 2:0:1:0: [sdb] Assuming drive cache: write through
[    9.423839] sd 2:0:1:0: [sdb] Attached SCSI disk
[   10.531140] floppy0: no floppy controllers found
Begin: Loading e[   11.968547] md: linear personality registered for level -1
ssential drivers[   12.068434] md: multipath personality registered for level -4
 ... [   12.115182] md: raid0 personality registered for level 0
[   12.155735] md: raid1 personality registered for level 1
[   12.258056] raid6: sse2x1   gen()  5487 MB/s
[   12.346391] raid6: sse2x1   xor()  4445 MB/s
[   12.482104] raid6: sse2x2   gen() 12411 MB/s
[   12.554059] raid6: sse2x2   xor()  5429 MB/s
[   12.646332] raid6: sse2x4   gen() 11146 MB/s
[   12.770284] raid6: sse2x4   xor()  8485 MB/s
[   12.782909] raid6: using algorithm sse2x2 gen() 12411 MB/s
[   12.793981] raid6: .... xor() 5429 MB/s, rmw enabled
[   12.819447] raid6: using ssse3x2 recovery algorithm
[   12.822374] xor: automatically using best checksumming function:
[   12.906258]    avx       : 19591.000 MB/sec
[   12.936699] async_tx: api initialized (async)
[   12.986224] md: raid6 personality registered for level 6
[   13.021671] md: raid5 personality registered for level 5
[   13.028683] md: raid4 personality registered for level 4
[   13.053720] md: raid10 personality registered for level 10
done.
Begin: Running /scripts/init-premount ... done.
Begin: M[   13.086827] Btrfs loaded
ounting root file system ... Begin: Running /scripts/local-top ... done.
Begin: Running /scripts/local-premount ... Scanning for Btrfs filesystems
done.
Warning: fsck no[   13.187832] EXT4-fs (sda1): mounted filesystem with ordered data mode. Opts: (null)
t present, so skipping root file system
done.
Begin: Running /scripts/local-bottom ... done.
Begin: Running /scripts/init-bottom ... Warning: overlayroot: debug is busted
done.
[   13.381094] systemd[1]: systemd 229 running in system mode. (+PAM +AUDIT +SELINUX +IMA +APPARMOR +SMACK +SYSVINIT +UTMP +LIBCRYPTSETUP +GCRYPT +GNUTLS +ACL +XZ -LZ4 +SECCOMP +BLKID +ELFUTILS +KMOD -IDN)
[   13.491881] systemd[1]: Detected virtualization oracle.
[   13.493148] systemd[1]: Detected architecture x86-64.

Welcome to [1mUbuntu 16.04.1 LTS[0m!

[   13.551422] systemd[1]: Set hostname to <ubuntu-xenial>.
[   13.768293] systemd[1]: Listening on Device-mapper event daemon FIFOs.
[[0;32m  OK  [0m] Listening on Device-mapper event daemon FIFOs.
[   13.811251] systemd[1]: Listening on Journal Socket (/dev/log).
[[0;32m  OK  [0m] Listening on Journal Socket (/dev/log).
[   13.881006] systemd[1]: Listening on Journal Audit Socket.
[[0;32m  OK  [0m] Listening on Journal Audit Socket.
[   13.938595] systemd[1]: Listening on LVM2 poll daemon socket.
[[0;32m  OK  [0m] Listening on LVM2 poll daemon socket.
[   14.091542] systemd[1]: Listening on udev Control Socket.
[[0;32m  OK  [0m] Listening on udev Control Socket.
[   14.258488] systemd[1]: Listening on LVM2 metadata daemon socket.
[[0;32m  OK  [0m] Listening on LVM2 metadata daemon socket.
[   14.358361] systemd[1]: Listening on /dev/initctl Compatibility Named Pipe.
[[0;32m  OK  [0m] Listening on /dev/initctl Compatibility Named Pipe.
[   14.543232] systemd[1]: Created slice System Slice.
[[0;32m  OK  [0m] Created slice System Slice.
[   44.669314] systemd[1]: Created slice system-serial\x2dgetty.slice.
[[0;32m  OK  [0m] Created slice system-serial\x2dgetty.slice.
[   14.767734] systemd[1]: Started Forward Password Requests to Wall Directory Watch.
[[0;32m  OK  [0m] Started Forward Password Requests to Wall Directory Watch.
[   14.931335] systemd[1]: Listening on Syslog Socket.
[[0;32m  OK  [0m] Listening on Syslog Socket.
[   14.981085] systemd[1]: Reached target Encrypted Volumes.
[[0;32m  OK  [0m] Reached target Encrypted Volumes.
[   14.995545] systemd[1]: Reached target Swap.
[[0;32m  OK  [0m] Reached target Swap.
[   15.023325] systemd[1]: Set up automount Arbitrary Executable File Formats File System Automount Point.
[[0;32m  OK  [0m] Set up automount Arbitrary Executab...ats File System Automount Point.
[   15.126495] systemd[1]: Reached target User and Group Name Lookups.
[[0;32m  OK  [0m] Reached target User and Group Name Lookups.
[   15.316681] systemd[1]: Listening on udev Kernel Socket.
[[0;32m  OK  [0m] Listening on udev Kernel Socket.
[   15.418751] systemd[1]: Listening on Journal Socket.
[[0;32m  OK  [0m] Listening on Journal Socket.
[   15.526283] systemd[1]: Mounting Huge Pages File System...
         Mounting Huge Pages File System...
[   15.654910] systemd[1]: Starting Create list of required static device nodes for the current kernel...
         Starting Create list of required st... nodes for the current kernel...
[   15.766927] systemd[1]: Mounting Debug File System...
         Mounting Debug File System...
[   15.850922] systemd[1]: Starting Set console keymap...
         Starting Set console keymap...
[   15.991460] systemd[1]: Starting Load Kernel Modules...
         Starting Load Ke[   16.023030] Loading iSCSI transport class v2.0-870.
rnel Modules...
[   16.056958] systemd[1]: Starting Uncomplicated firewall...
         Starting Uncomplicated firewall.[   16.074208] iscsi: registered transport (tcp)
..
[   16.146401] systemd[1]: Mounting POSIX Message Queue File System...
         Mountin[   16.168197] iscsi: registered transport (iser)
g POSIX Message Queue File System...
[   16.203403] systemd[1]: Starting Monitoring of LVM2 mirrors, snapshots etc. using dmeventd or progress polling...
[   16.206825] random: nonblocking pool is initialized
         Starting Monitoring of LVM2 mirrors... dmeventd or progress polling...
[   16.338232] systemd[1]: Starting Nameserver information manager...
         Starting Nameserver information manager...
[   16.359809] systemd[1]: Starting Remount Root and Kernel File Systems...
[   16.363062] EXT4-fs (sda1): re-mounted. Opts: (null)
         Starting Remount Root and Kernel File Systems...
[   16.434570] systemd[1]: Starting Journal Service...
         Starting Journal Service...
[   16.475660] systemd[1]: Created slice User and Session Slice.
[[0;32m  OK  [0m] Created slice User and Session Slice.
[   16.542253] systemd[1]: Reached target Slices.
[[0;32m  OK  [0m] Reached target Slices.
[   16.619542] systemd[1]: Mounted Huge Pages File System.
[[0;32m  OK  [0m] Mounted Huge Pages File System.
[   16.748975] systemd[1]: Mounted Debug File System.
[[0;32m  OK  [0m] Mounted Debug File System.
[   16.807233] systemd[1]: Mounted POSIX Message Queue File System.
[[0;32m  OK  [0m] Mounted POSIX Message Queue File System.
[   16.914927] systemd[1]: Started Journal Service.
[[0;32m  OK  [0m] Started Journal Service.
[[0;32m  OK  [0m] Started Create list of required sta...ce nodes for the current kernel.
[[0;32m  OK  [0m] Started Set console keymap.
[[0;32m  OK  [0m] Started Load Kernel Modules.
[[0;32m  OK  [0m] Started Uncomplicated firewall.
[[0;32m  OK  [0m] Started Remount Root and Kernel File Systems.
[[0;32m  OK  [0m] Started Nameserver information manager.
[[0;32m  OK  [0m] Started LVM2 metadata daemon.
         Starting Load/Save Random Seed...
         Starting udev Coldplug all Devices...
         Mounting FUSE Control File System...
         Starting Apply Kernel Variables...
         Starting Create Static Device Nodes in /dev...
         Starting Flush Journal to Persistent Storage...
[[0;32m  OK  [0m] Mounted FUSE Control File System.
[[0;32m  OK  [0m] Started Monitoring of LVM2 mirrors,...ng dmeventd or progress polling.
[[0;32m  OK  [0m] Started Load/Save Random Seed.
[[0;32m  OK  [0m] Started Apply Kernel Variables.
[[0;32m  OK  [0m] Started Create Static Device Nodes in /dev.
[[0;32m  OK  [0m] Started udev Coldplug all Devices.
         Starting udev Kernel Device Manager...
[[0;32m  OK  [0m] Started Flush Journal to Persistent Storage.
[[0;32m  OK  [0m] Started udev Kernel Device Manager.
[[0;32m  OK  [0m] Started Dispatch Password Requests to Console Directory Watch.
[[0;32m  OK  [0m] Reached target Local File Systems (Pre).
[[0;32m  OK  [0m] Reached target Local File Systems.
         Starting Tell Plymouth To Write Out Runtime Data...
         Starting Enable support for additional executable binary formats...
         Starting Initial cloud-init job (pre-networking)...
         Starting Set console font and keymap...
         Starting LSB: AppArmor initialization...
         Starting Create Volatile Files and Directories...
[[0;32m  OK  [0m] Started Tell Plymouth To Write Out Runtime Data.
[[0;32m  OK  [0m] Started Create Volatile Files and Directories.
         Mounting Arbitrary Executable File Formats File System...
         Starting Update UTMP about System Boot/Shutdown...
[[0;32m  OK  [0m] Reached target System Time Synchronized.
[[0;32m  OK  [0m] Mounted Arbitrary Executable File Formats File System.
[[0;32m  OK  [0m] Started Set console font and keymap.
[[0;32m  OK  [0m] Started LSB: AppArmor initialization.
[[0;32m  OK  [0m] Started Enable support for additional executable binary formats.
[[0;32m  OK  [0m] Found device /dev/ttyS0.
[[0;32m  OK  [0m] Started Update UTMP about System Boot/Shutdown.
[[0;32m  OK  [0m] Listening on Load/Save RF Kill Switch Status /dev/rfkill Watch.
[   15.131862] cloud-init[1143]: Cloud-init v. 0.7.7 running 'init-local' at Sat, 17 Sep 2016 00:15:47 +0000. Up 14.78 seconds.
[[0;32m  OK  [0m] Reached target System Initialization.
[[0;32m  OK  [0m] Started Timer to automatically refresh installed snaps.
[[0;32m  OK  [0m] Started Daily Cleanup of Temporary Directories.
[[0;32m  OK  [0m] Listening on D-Bus System Message Bus Socket.
[[0;32m  OK  [0m] Started Daily apt activities.
[[0;32m  OK  [0m] Reached target Timers.
[[0;32m  OK  [0m] Listening on ACPID Listen Socket.
[[0;32m  OK  [0m] Started ACPI Events Check.
         Starting Socket activation for snappy daemon.
[[0;32m  OK  [0m] Listening on UUID daemon activation socket.
         Starting LXD - unix socket.
[[0;32m  OK  [0m] Started Trigger resolvconf update for networkd DNS.
[[0;32m  OK  [0m] Reached target Paths.
[[0;32m  OK  [0m] Listening on RPCbind Server Activation Socket.
[[0;32m  OK  [0m] Created slice system-getty.slice.
[[0;32m  OK  [0m] Listening on Socket activation for snappy daemon.
[[0;32m  OK  [0m] Listening on LXD - unix socket.
[[0;32m  OK  [0m] Started Initial cloud-init job (pre-networking).
[[0;32m  OK  [0m] Found device 82540EM Gigabit Ethern...r (PRO/1000 MT Desktop Adapter).
[[0;32m  OK  [0m] Reached target Network (Pre).
         Starting Raise network interfaces...
[[0;32m  OK  [0m] Started ifup for enp0s3.
[[0;32m  OK  [0m] Reached target Sockets.
[[0;32m  OK  [0m] Reached target Basic System.
[[0;32m  OK  [0m] Started Snappy daemon.
         Starting LSB: MD monitoring daemon...
[[0;32m  OK  [0m] Started D-Bus System Message Bus.
[[0;32m  OK  [0m] Started Deferred execution scheduler.
         Starting Accounts Service...
[[0;32m  OK  [0m] Started ACPI event daemon.
         Starting LSB: Record successful boot for GRUB...
         Starting vboxadd.service...
[[0;32m  OK  [0m] Started FUSE filesystem for LXC.
         Starting Login Service...
         Starting vboxadd-x11.service...
[[0;32m  OK  [0m] Started Regular background program processing daemon.
         Starting System Logging Service...
         Starting LXD - container startup/shutdown...
[[0;32m  OK  [0m] Started vboxadd-x11.service.
[[0;32m  OK  [0m] Started vboxadd.service.
[[0;32m  OK  [0m] Started System Logging Service.
[[0;32m  OK  [0m] Started LSB: MD monitoring daemon.
[[0;32m  OK  [0m] Started LSB: Record successful boot for GRUB.
[[0;32m  OK  [0m] Started LXD - container startup/shutdown.
         Starting Authenticate and Authorize Users to Run Privileged Tasks...
         Starting vboxadd-service.service...
[[0;32m  OK  [0m] Started vboxadd-service.service.
[[0;32m  OK  [0m] Started Login Service.
[[0;32m  OK  [0m] Started Authenticate and Authorize Users to Run Privileged Tasks.
[[0;32m  OK  [0m] Started Accounts Service.
[[0;32m  OK  [0m] Started Raise network interfaces.
         Starting Initial cloud-init job (metadata service crawler)...
[[0;32m  OK  [0m] Reached target Network.
[   18.045158] cloud-init[2204]: Cloud-init v. 0.7.7 running 'init' at Sat, 17 Sep 2016 00:15:50 +0000. Up 17.78 seconds.
[[0;32m  OK  [0m] Started Initial cloud-init job (metadata service crawler).
[   18.115135] cloud-init[2204]: ci-info: +++++++++++++++++++++++++++++++++++++Net device info++++++++++++++++++++++++++++++++++++++
[[0;32m  OK  [0m] Reached target Cloud-config availability.
[[0;32m  OK  [0m] Reached target Network is Online.
[   18.220718] cloud-init[2204]: ci-info: +--------+------+----------------------------+---------------+-------+-------------------+
         Starting iSCSI initiator daemon (iscsid)...
[   18.363478] cloud-init[2204]: ci-info: | Device |  Up  |          Address           |      Mask     | Scope |     Hw-Address    |
[   18.453050] cloud-init[2204]: ci-info: +--------+------+----------------------------+---------------+-------+-------------------+
         Starting Apply the settings specified in cloud-config...
[   18.525078] cloud-init[2204]: ci-info: | enp0s3 | True |         10.0.2.15          | 255.255.255.0 |   .   | 02:50:1b:09:58:23 |
[   18.658941] cloud-init[2204]: ci-info: | enp0s3 | True | fe80::50:1bff:fe09:5823/64 |       .       |  link | 02:50:1b:09:58:23 |
         Starting /etc/rc.local Compatibility...
[   18.677004] cloud-init[2204]: ci-info: |   lo   | True |         127.0.0.1          |   255.0.0.0   |   .   |         .         |
[   18.704544] cloud-init[2204]: ci-info: |   lo   | True |          ::1/128           |       .       |  host |         .         |
         Starting OpenBSD Secure Shell server...
[   18.731150] cloud-init[2204]: ci-info: +--------+------+----------------------------+---------------+-------+-------------------+
[   18.750061] cloud-init[2204]: ci-info: +++++++++++++++++++++++++++Route IPv4 info++++++++++++++++++++++++++++
[[0;32m  OK  [0m] Started /etc/rc.local Compatibility.
[[0;32m  OK  [0m] Started iSCSI initiator daemon (iscsid).
[[0;32m  OK  [0m] Started OpenBSD Secure Shell server.
[   18.786996] cloud-init[2204]: ci-info: +-------+-------------+----------+---------------+-----------+-------+
[   18.948426]          cloud-initStarting Login to default iSCSI targets...[2204]: 
ci-info: | Route | Destination | Gateway  |    Genmask    | Interface | Flags |
[   18.992486] cloud-init[[0;32m  OK  [0m] Started Login to default iSCSI targets.
[2204]: ci-info: +-------+-------------+----------+---------------+-----------+-------+
[[0;32m  OK  [0m] Started Apply the settings specified in cloud-config.
[   18.997283] cloud-init[2204]: ci-info: |   0   |   0.0.0.0   | 10.0.2.2 |    0.0.0.0    |   enp0s3  |   UG  |
[   19.085707]          cloud-initStarting Execute cloud user/final scripts...[2204]: 
ci-info: |   1   |   10.0.2.0  | 0.0.0.0  | 255.255.255.0 |   enp0s3  |   U   |
[   19.102566] [[0;32m  OK  [0m] Reached target Remote File Systems (Pre).
[[0;32m  OK  [0m] Reached target Remote File Systems.
cloud-init[2204]: ci-info: +-------+-------------+----------+---------------+-----------+-------+
         Starting LSB: daemon to balance interrupts for SMP systems...
[   19.122501] cloud-init[2250]: Cloud-init v. 0.7.7 running 'modules:config' at Sat, 17 Sep 2016 00:15:51 +0000. Up 18.80 seconds.
         Starting LSB: Set the CPU Frequency Scaling governor to "ondemand"...
         Starting Permit User Sessions...
         Starting LSB: automatic crash report generation...
[[0;32m  OK  [0m] Started Permit User Sessions.
         Starting Hold until boot process finishes up...
         Starting Terminate Plymouth Boot Screen...
[[0;32m  OK  [0m] Started LSB: daemon to balance interrupts for SMP systems.
[[0;32m  OK  [0m] Started LSB: Set the CPU Frequency Scaling governor to "ondemand".
[[0;32m  OK  [0m] Started LSB: automatic crash report generation.
[[0;32m  OK  [0m] Started Hold until boot process finishes up.
[[0;32m  OK  [0m] Started Terminate Plymouth Boot Screen.
         Starting Set console scheme...
[   19.481425] [[0;32m  OK  [0m] Started Serial Getty on ttyS0.
cloud-init[2282]: Cloud-init v. 0.7.7 running 'modules:final' at Sat, 17 Sep 2016 00:15:52 +0000. Up 19.39 seconds.
[   19.557233] cloud-init[2282]: Cloud-init v. 0.7.7 finished at Sat, 17 Sep 2016 00:15:52 +0000. Datasource DataSourceNoCloud [seed=/dev/sdb][dsmode=net].  Up 19.47 seconds
[[0;32m  OK  [0m] Started Getty on tty1.
[[0;32m  OK  [0m] Reached target Login Prompts.
[[0;32m  OK  [0m] Started Execute cloud user/final scripts.
[[0;32m  OK  [0m] Started Set console scheme.
[[0;32m  OK  [0m] Reached target Cloud-init target.
[[0;32m  OK  [0m] Reached target Multi-User System.
[[0;32m  OK  [0m] Reached target Graphical Interface.
         Starting Update UTMP about System Runlevel Changes...
[[0;32m  OK  [0m] Started Update UTMP about System Runlevel Changes.

Ubuntu 16.04.1 LTS ubuntu-xenial ttyS0

ubuntu-xenial login: [[0;32m  OK  [0m] Closed LoaS[[0;32m  OK  [0m] Stopped Apply the settings specified in cloud-config.
[[0;32m  OK  [0m] Stopped target Cloud-config availability.
         Stopping Authenticate and Authorize Users to Run Privileged Tasks...
         Starting Unattended Upgrades Shutdown...
         Stopping Accounts Service...
         Stopping Deferred execution scheduler...
         Stopping vboxadd-service.service...
         Stopping LXD - container startup/shutdown...
[[0;32m  OK  [0m] Unmounted /var/lib/lxcfs.
[[0;32m  OK  [0m] Stopped Snappy daemon.
[[0;32m  OK  [0m] Stopped Deferred execution scheduler.
[[0;32m  OK  [0m] Stopped Accounts Service.
[[0;32m  OK  [0m] Stopped ACPI event daemon.
[[0;32m  OK  [0m] Stopped Regular background program processing daemon.
[[0;32m  OK  [0m] Stopped System Logging Service.
[[0;32m  OK  [0m] Stopped Authenticate and Authorize Users to Run Privileged Tasks.
[[0;32m  OK  [0m] Stopped OpenBSD Secure Shell server.
[[0;32m  OK  [0m] Stopped Serial Getty on ttyS0.
[[0;32m  OK  [0m] Stopped Getty on tty1.
[[0;32m  OK  [0m] Stopped User Manager for UID 1000.
[[0;32m  OK  [0m] Stopped D-Bus System Message Bus.
[[0;32m  OK  [0m] Stopped vboxadd-x11.service.
[[0;32m  OK  [0m] Stopped Session 3 of user ubuntu.
[[0;32m  OK  [0m] Started Unattended Upgrades Shutdown.
[[0;32m  OK  [0m] Stopped vboxadd-service.service.
[[0;32m  OK  [0m] Stopped FUSE filesystem for LXC.
[[0;32m  OK  [0m] Stopped LSB: MD monitoring daemon.
[[0;32m  OK  [0m] Stopped LSB: Record successful boot for GRUB.
[[0;32m  OK  [0m] Stopped LSB: automatic crash report generation.
[[0;32m  OK  [0m] Stopped LSB: Set the CPU Frequency Scaling governor to "ondemand".
[[0;32m  OK  [0m] Stopped LSB: daemon to balance interrupts for SMP systems.
[[0;32m  OK  [0m] Stopped LXD - container startup/shutdown.
         Stopping vboxadd.service...
[[0;32m  OK  [0m] Removed slice User Slice of ubuntu.
         Stopping Login Service...
[[0;32m  OK  [0m] Removed slice system-getty.slice.
[[0;32m  OK  [0m] Stopped /etc/rc.local Compatibility.
[[0;32m  OK  [0m] Removed slice system-serial\x2dgetty.slice.
         Stopping Permit User Sessions...
[[0;32m  OK  [0m] Unmounted /vagrant.
[[0;32m  OK  [0m] Stopped Login Service.
[[0;32m  OK  [0m] Stopped vboxadd.service.
[[0;32m  OK  [0m] Stopped Permit User Sessions.
[[0;32m  OK  [0m] Stopped target Remote File Systems.
[[0;32m  OK  [0m] Stopped target Remote File Systems (Pre).
         Stopping Login to default iSCSI targets...
[[0;32m  OK  [0m] Stopped target User and Group Name Lookups.
[[0;32m  OK  [0m] Stopped Login to default iSCSI targets.
         Stopping iSCSI initiator daemon (iscsid)...
[[0;32m  OK  [0m] Stopped iSCSI initiator daemon (iscsid).
[[0;32m  OK  [0m] Stopped target Network is Online.
[[0;32m  OK  [0m] Stopped Initial cloud-init job (metadata service crawler).
[[0;32m  OK  [0m] Stopped target Basic System.
[[0;32m  OK  [0m] Stopped target Slices.
[[0;32m  OK  [0m] Removed slice User and Session Slice.
[[0;32m  OK  [0m] Stopped target Paths.
[[0;32m  OK  [0m] Stopped Forward Password Requests to Wall Directory Watch.
[[0;32m  OK  [0m] Stopped Trigger resolvconf update for networkd DNS.
[[0;32m  OK  [0m] Stopped Dispatch Password Requests to Console Directory Watch.
[[0;32m  OK  [0m] Stopped ACPI Events Check.
[[0;32m  OK  [0m] Stopped target Sockets.
[[0;32m  OK  [0m] Closed ACPID Listen Socket.
[[0;32m  OK  [0m] Closed UUID daemon activation socket.
[[0;32m  OK  [0m] Closed RPCbind Server Activation Socket.
[[0;32m  OK  [0m] Closed Syslog Socket.
[[0;32m  OK  [0m] Closed D-Bus System Message Bus Socket.
[[0;32m  OK  [0m] Closed LXD - unix socket.
[[0;32m  OK  [0m] Closed Socket activation for snappy daemon.
[[0;32m  OK  [0m] Stopped target System Initialization.
[[0;32m  OK  [0m] Stopped target Swap.
         Stopping Update UTMP about System Boot/Shutdown...
[[0;32m  OK  [0m] Stopped target Encrypted Volumes.
         Stopping Load/Save Random Seed...
[[0;32m  OK  [0m] Stopped target Network.
         Stopping Raise network interfaces...
[[0;32m  OK  [0m] Stopped Load/Save Random Seed.
[[0;32m  OK  [0m] Stopped Update UTMP about System Boot/Shutdown.
[[0;32m  OK  [0m] Stopped Create Volatile Files and Directories.
[[0;32m  OK  [0m] Stopped Raise network interfaces.
[[0;32m  OK  [0m] Stopped Apply Kernel Variables.
[[0;32m  OK  [0m] Stopped Load Kernel Modules.
[[0;32m  OK  [0m] Stopped target Network (Pre).
[[0;32m  OK  [0m] Stopped Initial cloud-init job (pre-networking).
[[0;32m  OK  [0m] Stopped target Local File Systems.
         Unmounting /run/lxcfs/controllers/cpu,cpuacct...
         Unmounting /run/lxcfs/controllers/cpuset...
         Unmounting /run/lxcfs/controllers/freezer...
         Unmounting /run/lxcfs/controllers/blkio...
         Unmounting /run/lxcfs/controllers/pids...
         Unmounting /run/lxcfs/controllers/perf_event...
         Unmounting /run/lxcfs/controllers/devices...
         Unmounting /run/lxcfs/controllers/net_cls,net_prio...
         Unmounting /run/lxcfs/controllers/name=systemd...
         Unmounting /run/user/1000...
         Unmounting /run/lxcfs/controllers/memory...
         Unmounting /run/lxcfs/controllers/hugetlb...
[[0;32m  OK  [0m] Unmounted /run/lxcfs/controllers/cpu,cpuacct.
[[0;32m  OK  [0m] Unmounted /run/lxcfs/controllers/cpuset.
[[0;32m  OK  [0m] Unmounted /run/lxcfs/controllers/freezer.
[[0;32m  OK  [0m] Unmounted /run/lxcfs/controllers/blkio.
[[0;32m  OK  [0m] Unmounted /run/lxcfs/controllers/pids.
[[0;32m  OK  [0m] Unmounted /run/lxcfs/controllers/perf_event.
[[0;32m  OK  [0m] Unmounted /run/lxcfs/controllers/devices.
[[0;32m  OK  [0m] Unmounted /run/lxcfs/controllers/net_cls,net_prio.
[[0;32m  OK  [0m] Unmounted /run/lxcfs/controllers/name=systemd.
[[0;32m  OK  [0m] Unmounted /run/user/1000.
[[0;32m  OK  [0m] Unmounted /run/lxcfs/controllers/memory.
[[0;32m  OK  [0m] Unmounted /run/lxcfs/controllers/hugetlb.
         Unmounting /run/lxcfs/controllers...
[[0;32m  OK  [0m] Unmounted /run/lxcfs/controllers.
[[0;32m  OK  [0m] Reached target Unmount All Filesystems.
[[0;32m  OK  [0m] Stopped target Local File Systems (Pre).
[[0;32m  OK  [0m] Stopped Create Static Device Nodes in /dev.
         Stopping Monitoring of LVM2 mirrors... dmeventd or progress polling...
[[0;32m  OK  [0m] Stopped Remount Root and Kernel File Systems.
[[0;32m  OK  [0m] Reached target Shutdown.
[  479.841831] reboot: Power down
