[    0.00000] Initializing cgroup subsys cpet
[    0.000000] nitializing cgroup subsys cpu
[    0.000000] Initializing cgroup subsys cpuacct
[    0.000000] Linux version 4.4.0-36-generic (buildd@lcy01-01) (gcc version 5.4.0 20160609 (Ubuntu 5.4.0-6ubuntu1~16.04.2) ) #55-Ubuntu SMP Thu Aug 11 18:1:55 UTC 2016 (Ubuntu 4.4.0-36.55-generic 4.4.16)
[    0.000000] Comand lne: BOOT_IMAGE=/boot/vmlinuz-4.4.0-36-generic root=UUID=2e5517a9-12c7-464a-a343-9df3b428b47f ro console=tty1 console=ttyS0
[    0.000000] KERNEL supported cpus:
[    0.000000]   Intel GenuineIntel
[    0.000000]   AMD AuthenticAMD
[    0.000000]   Centaur CentaurHauls
[    0.000000] x86/fpu: xstate_offset[2]:  576, xstate_sizes[2]:  256
[    0.000000] x86/fpu: Supporting XSAVE feature 0x01: 'x87 floating point registers'
[    0.000000] x86/fpu: SpporinXSAV feature 0x02: 'SSE registers'
[    0.00000] x86/fpu: Supporting XSAVE feature 0x04: 'AVX registers'
[    0.000000] x86/fpu: Eabledxstefeatures 0x7, context size i83 bytes, using 'standard' format.
[    0.000000] x86/fpu: Using 'lazy' FPU context switches.
[    0.000]e820:BI-provided phyic RM map:[    000000] BIOS820: [em 0x00000000000000-0x000000000009fbff] usable
[   0.000000] BIOS-e820: [mem 0x000000000009fc00-0x000000000009ffff] reserved
[    0.000000] BIOS-e820: [mem 0x00000000000f0000-0x00000000000fffff] reserved
[    0.000000] BIOSe8: [me0x000000100000-0x000000003ffeffff] usabe
[    0.000000] BIOS-e820: [mem 000000000fff0000-0x000000003fffffff] ACPI data
[    0.000000] BIOS-e820: [mem 0x00000000fec00000-0x00000000fec00fff] reserved
[    0.000000] BIOS-e820: [mem 0x00000000fee00000-0x00000000fee00fff] reserved
[    0.000000] BIOS-e820: [mem 0x00000000fffc0000-0x00000000ffffffff] reserved
[    0.000000] NX (Execute Disable) protection: active
[    0.000000] SMBIOS 2.5 present

[    0.000000] Hypervior dtected: KVM
[    0.000000] e820: last_pfn = 0x3fff0 max_rc_pfn = 0x400000000
[   0.000000] x86/PAT: Configuration [0-7]: WB  WC  UC- UC  WB  WC  UC- WT  
[    0.000000] MTRR: Disabled
[    0.000000] CPUMTRRs all blank - virtualized syste.
[   0.000000] foun SMP MP-table at [mem 0x0009fff0-0x0009ffff] mapped at [ffff88000009fff0]
[    0.000000] Scnning 1 areas for low memory corruption
[    0.000000] RAMDIK: [mem 0x36b26000-0x3758afff]
[    0.000000] ACPI: Early table cecsum verification disabled
[    0.00000] ACPI: RSDP 0x00000000000E0000 000024 (v02 VBOX  )
[    0.000000] ACPI: XSDT 0x00000000FF0030 00003C (v01 VBOX   VBOXXSDT 00000001 ASL  00000061)
[    0.000000] ACPI: FACP 0x000000003FFF0F0 0000F4 (v04 VBOX   VBOXFACP 00000001 ASL  00000061)
[    0.000000] ACPI: DSDT 0x000000003FFF0470 00210F (v01 VBOX   VBOXBIOS 00000002 INTL 20100528)
[    0.000000] ACPI: FACS 0x000000003FFF0200 000040
[    0.00000]ACPI: FACS 0x000000003FFF0200 000040
[    0.00000] ACPI: APIC 0x000000003FFF0240 00005C (v02 VBOX   VBOXAPIC 00000001 ASL  00000061)
[    0.000000]CPI: SSDT 0x000000003FFF02A0 0001CC (v01 VBOX   VBOXPU 0000002 INTL 20100528)
[    0.000000]o UMA configuration found
[    0.000000] Faking a node at [mem 0x0000000000000000-0x000000003ffeffff]
[    0.000000] NODE_DATA(0) allocated [mem 0x3ffeb000-0x3ffeffff]
[    0.000000] kvm-clock: Using msrs 4b564d01 and 4b56d0
[    0.000000] kvm-clock: cpu 0, msr 0:3ffe7001, primary cpu clock
[   0.0000] kvm-clock: using sched offset of 3762284675 cycles
[    0.000000] clocksource: kvm-clock: mas 0ffffffffffffffff max_cycles: 0x1cd42e4dfb,ax_idle_: 881590591483 ns
[    0.000000] Zone ranges:
[    0.000000]   DMA      [mem 0x0000000000001000-0x0000000000fffff]
[    0.000000]   DMA32    [mem 0x0000000001000000-0x000000003ffeffff]
[    0.000000]   Normal   empty
[    0.000000]   Device   empty
[    0.00000] Movab zone start for each node
[    0.000000] Early memory node ranges
[    0.000000]   node   0: [mem 0x0000000000001000-0x000000000009efff]
[    0.000000]   node   0: [mem 0x00000000001000-0x000000003ffeffff]
[    0.000000] Initmem setup node 0 [mem 0x0000000000001000-0x000000003feffff]
[    0.000000] ACPI: P-Timer IO Port: 0x4008
[    0.000000] IOPI[0: apic_id 2, version 32, address 0xfec00000, GSI 0-23[   0.000000] ACPI: INT_SRC_OVR (bus 0 bus_irq 0 global_irq 2 dfl dfl)
[    0.000000] ACPI: INT_SRC_OVR (bus 0 bus_irq 9 global_irq 9 high level)
[    0.000000] Using ACPI (MADT) for SMP configuration information
[    0.000000] smpboot: Allowing 2 CPUs, 0 hotplug CPUs
[    0.000000] PM: Registered nosave memory: [mem 0x00000000-0x00000fff]
[    0.00000] PM: Registered nosave memory: [mem 0x0009f000-0x0009ffff]
[    0.000000] PM: Registered nosave memory: [mem 0x000a0000-0x000effff]
[    0.000000] PM: Registered nosave memory: [mem 0x000f0000-0x000fffff]
[    0.000000] e820: [mem 0x40000000-0xfebfffff] avalaleforCIdevices
[    0.000000] Booting paravirtualized kernel on KVM
[    0.000000] clocksource: refined-jiffie mkk: 0xffffffff max_cycles: 0xffffffff, max_idle_ns: 7645519600211568 ns
[    0.000000]sep_peru:R_CPS:6 nr_umsk_bit:2 nr_cpu_ids:2 nr_node_ids:1
[   0.00000]PERCPU: beded 33pas/cpu @ffff803fc00000 s98008 r8192 d28681048576
[   0.0000] V qspinlock hash table entries: 256 (order: 0, 4096 bytes)
[    0.000000] Built 1 zonelists in Node order, mobility grouping on.  Total pages: 257913
[    0.000000] Policy zone: DMA32
[    0.000000] Kernel command line: BOOT_IMAGE=/boot/vmlinuz-4.4.0-36-generic root=UUID=2e5517a9-12c7-464a-a343-9df3b428b47f ro console=tty1 console=ttyS0
[    0.000000] PID hash table entries: 4096 (order: 3, 32768 bytes)
[    0.000000] Memory: 1001996K/1048120K available (8394K kernel code, 1282K rwdata, 3944K rodata, 1480K init, 1292K bss, 46124K reserved, 0K cma-reserved)
[    0.000000] SLUB: HWalign=64, Order=0-3, MinObjects=0, CPUs=2, Nodes=1
[    0.000000] Hierarchical RCU imlentation.
[    0.000000] 	Build-time adjustment of leaf fanout to 64.
[    0.000000] 	RCU restricting CPUs from NR_CPUS=256 to nr_cpuid=2
[  0.00000] RCU: Adjusting geomry for rcu_faout_leaf=64, nr_cp_ids=2
[    .00000] NR_IRQS:16640 nrirqs:440 16
[    0.000000] Console: colour VGA+ 80x25
[    0.000000] console [tty1] enabled
[    0.000000] console [ttyS0] enabled
[   0.000000] tsc: Detected 2600.000 MHz procesor
[    3.940199] Calibrating delay loop (skipped) preset value.. 5200.00 BogoMIPS (lpj=10400000)
[    3.951290] pid_max: default: 32768 minimum: 301
[    3.984206] ACPI: Core revision 20150930
[    3.985999] ACPI: 2 ACPI AML tables successfully acquired and loaded
[    3.998365] Security Framework initialized
[    3.999449] Yama: becoming mindful.
[    4.002846] AppArmor: AppArmor initialized
[    4.003899] Dentry cache hash table entries: 131072 (order: 8, 1048576 bytes)
[    4.005667] Inode-cache hash table entries: 65536 (order: 7, 524288 bytes)
[    4.019027] Mount-cache hash table entries: 2048 (order: 2, 16384 bytes)
[    4.032437] Mountpoint-cache hash table entries: 2048 (order: 2, 16384 bytes)
[    4.044026] Initializing cgroup subsys io
[    4.051344] Initializing cgroup subsys memory
[    4.064642] Initializing cgroup subsys devices
[    4.067828] Initializing cgroup subsys freezer
[    4.073068] Initializing cgroup subsys net_cls
[    4.081109] Initializing cgroup subsys perf_event
[    4.090473] Initializing cgroup subsys net_prio
[    4.107346] Initializing cgroup subsys hugetlb
[    4.127792] Initializing cgroup subsys pids
[    4.147383] CPU: Physical Processor ID: 0
[    4.164042] CPU: Processor Core ID: 0
[    4.168204] mce: CPU supports 0 MCE banks
[    4.170789] Last level iTLB entries: 4KB 1024, 2MB 1024, 4MB 1024
[    4.189479] Last level dTLB entries: 4KB 1024, 2MB 1024, 4MB 1024, 1GB 4
[    4.200592] Freeing SMP alternatives memory: 28K (ffffffff820b4000 - ffffffff820bb000)
[    4.237568] ftrace: allocating 31996 entries in 125 pages
[    4.290234] smpboot: Max logical packages: 1
[    4.299388] smpboot: APIC(0) Converting physical 0 to logical package 0
[    4.308241] x2apic enabled
[    4.309215] Switched APIC routing to physical x2apic.
[    4.324686] ..TIMER: vector=0x30 apic1=0 pin1=2 apic2=-1 pin2=-1
[    4.442345] smpboot: CPU0: Intel(R) Core(TM) i5-4278U CPU @ 2.60GHz (family: 0x6, model: 0x45, stepping: 0x1)
[    4.459769] Performance Events: unsupported p6 CPU model 69 no PMU driver, software events only.
[    4.468248] KVM setup paravirtual spinlock
[    4.472698] x86: Booting SMP configuration:
[    4.483340] .... node  #0, CPUs:      #1
[    4.486196] kvm-clock: cpu 1, msr 0:3ffe7041, secondary cpu clock
[    4.490950] mce: CPU supports 0 MCE banks
[    4.493718] x86: Booted up 1 node, 2 CPUs
[    4.506708] smpboot: Total of 2 processors activated (10400.00 BogoMIPS)
[    4.511717] devtmpfs: initialized
[    4.520577] evm: security.selinux
[    4.530216] evm: security.SMACK64
[    4.531342] evm: security.SMACK64EXEC
[    4.532230] evm: security.SMACK64TRANSMUTE
[    4.535250] evm: security.SMACK64MMAP
[    4.536122] evm: security.ima
[    4.536870] evm: security.capability
[    4.538105] clocksource: jiffies: mask: 0xffffffff max_cycles: 0xffffffff, max_idle_ns: 7645041785100000 ns
[    4.549570] pinctrl core: initialized pinctrl subsystem
[    4.551949] RTC time:  3:37:18, date: 09/14/16
[    4.554315] NET: Registered protocol family 16
[    4.571097] cpuidle: using governor ladder
[    4.594858] cpuidle: using governor menu
[    4.600226] PCCT header not found.
[    4.604576] ACPI: bus type PCI registered
[    4.611092] acpiphp: ACPI Hot Plug PCI Controller Driver version: 0.5
[    4.612703] PCI: Using configuration type 1 for base access
[    4.639898] ACPI: Added _OSI(Module Device)
[    4.648899] ACPI: Added _OSI(Processor Device)
[    4.672950] ACPI: Added _OSI(3.0 _SCP Extensions)
[    4.684598] ACPI: Added _OSI(Processor Aggregator Device)
[    4.704154] ACPI: Executed 1 blocks of module-level executable AML code
[    4.784783] ACPI: Interpreter enabled
[    4.825818] ACPI Exception: AE_NOT_FOUND, While evaluating Sleep State [\_S1_] (20150930/hwxface-580)
[    4.833008] ACPI Exception: AE_NOT_FOUND, While evaluating Sleep State [\_S2_] (20150930/hwxface-580)
[    4.860379] ACPI Exception: AE_NOT_FOUND, While evaluating Sleep State [\_S3_] (20150930/hwxface-580)
[    4.870772] ACPI Exception: AE_NOT_FOUND, While evaluating Sleep State [\_S4_] (20150930/hwxface-580)
[    4.902947] ACPI: (supports S0 S5)
[    4.912328] ACPI: Using IOAPIC for interrupt routing
[    4.921391] PCI: Using host bridge windows from ACPI; if necessary, use "pci=nocrs" and report a bug
[    4.951068] ACPI: PCI Root Bridge [PCI0] (domain 0000 [bus 00-ff])
[    4.955241] acpi PNP0A03:00: _OSC: OS supports [ASPM ClockPM Segments MSI]
[    4.959087] acpi PNP0A03:00: _OSC failed (AE_NOT_FOUND); disabling ASPM
[    4.963044] acpi PNP0A03:00: fail to add MMCONFIG information, can't access extended PCI configuration space under this bridge.
[    4.982976] PCI host bridge to bus 0000:00
[    4.987982] pci_bus 0000:00: root bus resource [io  0x0000-0x0cf7 window]
[    5.002213] pci_bus 0000:00: root bus resource [io  0x0d00-0xffff window]
[    5.007600] pci_bus 0000:00: root bus resource [mem 0x000a0000-0x000bffff window]
[    5.025854] pci_bus 0000:00: root bus resource [mem 0x40000000-0xffdfffff window]
[    5.047671] pci_bus 0000:00: root bus resource [bus 00-ff]
[    5.062708] pci 0000:00:01.1: legacy IDE quirk: reg 0x10: [io  0x01f0-0x01f7]
[    5.157653] pci 0000:00:01.1: legacy IDE quirk: reg 0x14: [io  0x03f6]
[    5.215719] pci 0000:00:01.1: legacy IDE quirk: reg 0x18: [io  0x0170-0x0177]
[    5.227916] pci 0000:00:01.1: legacy IDE quirk: reg 0x1c: [io  0x0376]
[    5.260557] pci 0000:00:07.0: quirk: [io  0x4000-0x403f] claimed by PIIX4 ACPI
[    5.272362] pci 0000:00:07.0: quirk: [io  0x4100-0x410f] claimed by PIIX4 SMB
[    5.296540] ACPI: PCI Interrupt Link [LNKA] (IRQs 5 9 10 *11)
[    5.322712] ACPI: PCI Interrupt Link [LNKB] (IRQs 5 9 10 *11)
[    5.340483] ACPI: PCI Interrupt Link [LNKC] (IRQs 5 9 *10 11)
[    5.343479] ACPI: PCI Interrupt Link [LNKD] (IRQs 5 *9 10 11)
[    5.358781] ACPI: Enabled 2 GPEs in block 00 to 07
[    5.368134] vgaarb: setting as boot device: PCI:0000:00:02.0
[    5.388114] vgaarb: device added: PCI:0000:00:02.0,decodes=io+mem,owns=io+mem,locks=none
[    5.403550] vgaarb: loaded
[    5.411053] vgaarb: bridge control possible 0000:00:02.0
[    5.415529] SCSI subsystem initialized
[    5.434901] ACPI: bus type USB registered
[    5.443579] usbcore: registered new interface driver usbfs
[    5.445453] usbcore: registered new interface driver hub
[    5.494365] usbcore: registered new device driver usb
[    5.501413] PCI: Using ACPI for IRQ routing
[    5.539717] NetLabel: Initializing
[    5.582381] NetLabel:  domain hash size = 128
[    5.583486] NetLabel:  protocols = UNLABELED CIPSOv4
[    5.584647] NetLabel:  unlabeled traffic allowed by default
[    5.607982] amd_nb: Cannot enumerate AMD northbridges
[    5.632177] clocksource: Switched to clocksource kvm-clock
[    5.662297] AppArmor: AppArmor Filesystem Enabled
[  5729]np: PnP ACPI int
[   59766] np PnP ACPI: fond 3 devices

[    6.312494] clocksource: acpi_pm: mask: 0xffffff max_cycles: 0xffffff, max_idle_ns: 2085701024 ns
[    6.339619] NET: Registered protocol family 2
[    6.363514] TCP established hash table entries: 8192 (order: 4, 65536 bytes)
[    6.436691] TCP bind hash table entries: 8192 (order: 5, 131072 bytes)
[    6.441613] TCP: Hash tables configured (established 8192 bind 8192)
[    6.443384] UDP hash table entries: 512 (order: 2, 16384 bytes)
[    6.445284] UDP-Lite hash table entries: 512 (order: 2, 16384 bytes)
[    6.446680] NET: Registered protocol family 1
[    6.451722] pci 0000:00:00.0: Limiting direct PCI/PCI transfers
[    6.455908] pci 0000:00:01.0: Activating ISA DMA hang workarounds
[    6.459308] Trying to unpack rootfs image as initramfs...
[    6.689138] Freeing initrd memory: 10644K (ffff880036b26000 - ffff88003758b000)
[    6.721792] RAPL PMU detected, API unit is 2^-32 Joules, 4 fixed counters 10737418240 ms ovfl timer
[    6.781254] hw unit of domain pp0-core 2^-0 Joules
[    6.860742] hw unit of domain package 2^-0 Joules
[    6.903672] hw unit of domain dram 2^-0 Joules
[    6.918525] hw unit of domain pp1-gpu 2^-0 Joules
[    694502] laorm rtc_cmos: rgierd platform RTC device (no PNP device found)
[    .2313Scanning for low memory corruption every 60 seconds

[    7.402910] futex hash table entries: 512 (order: 3, 32768 bytes)
[    7.413600] audit: initializing netlink subsys (disabled)
[    7.426430] audit: type=2000 audit(1473824241.455:1): initialized
[    7.436021] Initialise system trusted keyring
[    7.446663] HugeTLBregistered 2 MB page size, pre-allocated 0 pages
[  751062] zbud: lde

[    812387] VFS: Disk quotas dquot_6.6.0
[    7.874350]VF Dquot-cache hash ab eri: 2 orer 0,09bys)[  8113]scReneTSclksrccabrion: 2599.110 MHz

[    9.051371] clocksoure:scmak: 0xffffffffffff x_cl: x26f31, x_idle_ns: 440795250513 ns

[   .0717sqsh: vesi 4 (0901/31) hiipLogh
[    9.051936] fuse init (API version 7.23)
[    9.052047] Key type big_key registered
[    9.052068] Allocating IMA MOK and blacklist keyrings.
[    9.052304] Key type asymmetric registered
[    9.052309] Asymmetric key parser 'x509' registered
[    9.052340] Block layer SCSI generic (bsg) driver version 0.4 loaded (major 249)
[    9.052360] io scheduler noop registered
[    9.052361] io scheduler deadline registered (default)
[    9.052385] io scheduler cfq registered
[    9.052469] pci_hotplug: PCI Hot Plug PCI Core version: 0.5
[    9.052474] pciehp: PCI Express Hot Plug Controller Driver version: 0.4
[    9.052790] ACPI: AC Adapter [AC] (on-line)
[    9.052846] input: Power Button as /devices/LNXSYSTM:00/LNXPWRBN:00/input/input0
[    9.052848] ACPI: Power Button [PWRF]
[    9.052913] input: Sleep Button as /devices/LNXSYSTM:00/LNXSLPBN:00/input/input1
[    9.052915] ACPI: Sleep Button [SLPF]
[    9.053042] GHES: HEST is not enabled!
[    9.053108] Serial: 8250/16550 driver, 32 ports, IRQ sharing enabled
[    9.739793] 00:02: ttyS0 at I/O 0x3f8 (irq = 4, base_baud = 115200) is a 16550A
[   10.400851] Linux agpgart interface v0.103
[   10.402401] ACPI: Battery Slot [BAT0] (battery present)
[   10.412320] brd: module loaded
[   10.413488] loop: module loaded
[   10.414027] scsi host0: ata_piix
[   10.414081] scsi host1: ata_piix
[   10.414108] ata1: PATA max UDMA/33 cmd 0x1f0 ctl 0x3f6 bmdma 0xd000 irq 14
[   10.414109] ata2: PATA max UDMA/33 cmd 0x170 ctl 0x376 bmdma 0xd008 irq 15
[   10.414175] libphy: Fixed MDIO Bus: probed
[   10.414176] tun: Universal TUN/TAP device driver, 1.6
[   10.414177] tun: (C) 1999-2004 Max Krasnyansky <maxk@qualcomm.com>
[   10.414454] PPP generic driver version 2.4.2
[   10.414507] ehci_hcd: USB 2.0 'Enhanced' Host Controller (EHCI) Driver
[   10.414509] ehci-pci: EHCI PCI platform driver
[   10.414524] ehci-platform: EHCI generic platform driver
[   10.414530] ohci_hcd: USB 1.1 'Open' Host Controller (OHCI) Driver
[   10.414532] ohci-pci: OHCI PCI platform driver
[   10.414538] ohci-platform: OHCI generic platform driver
[   10.414544] uhci_hcd: USB Universal Host Controller Interface driver
[   10.414593] i8042: PNP: PS/2 Controller [PNP0303:PS2K,PNP0f03:PS2M] at 0x60,0x64 irq 1,12
[   10.433275] serio: i8042 KBD port at 0x60,0x64 irq 1
[   10.433282] serio: i8042 AUX port at 0x60,0x64 irq 12
[   10.433422] mousedev: PS/2 mouse device common for all mice
[   10.433728] rtc_cmos rtc_cmos: rtc core: registered rtc_cmos as rtc0
[   10.433786] rtc_cmos rtc_cmos: alarms up to one day, 114 bytes nvram
[   10.433793] i2c /dev entries driver
[   10.433850] device-mapper: uevent: version 1.0.3
[   10.433905] device-mapper: ioctl: 4.34.0-ioctl (2015-10-28) initialised: dm-devel@redhat.com
[   10.433924] ledtrig-cpu: registered to indicate activity on CPUs
[   10.434179] NET: Registered protocol family 10
[   10.434324] NET: Registered protocol family 17
[   10.434338] Key type dns_resolver registered
[   10.457265] microcode: CPU0 sig=0x40651, pf=0x40, revision=0x0
[   10.457329] microcode: CPU1 sig=0x40651, pf=0x40, revision=0x0
[   10.457387] microcode: Microcode Update Driver: v2.01 <tigran@aivazian.fsnet.co.uk>, Peter Oruba
[   10.457510] registered taskstats version 1
[   10.457521] Loading compiled-in X.509 certificates
[   10.458120] Loaded X.509 cert 'Build time autogenerated kernel key: 181cd957879f68b474ab1d0c92722cd44e756f77'
[   10.458140] zswap: loaded using pool lzo/zbud
[   10.459815] Key type trusted registered
[   10.462090] Key type encrypted registered
[   10.462097] AppArmor: AppArmor sha1 policy hashing enabled
[   10.462100] ima: No TPM chip found, activating TPM-bypass!
[   10.462116] evm: HMAC attrs: 0x1
[   10.462350]   Magic number: 0:965:613
[   10.498819] rtc_cmos rtc_cmos: setting system clock to 2016-09-14 03:37:24 UTC (1473824244)
[   10.499231] BIOS EDD facility v0.16 2004-Jun-25, 0 devices found
[   10.499232] EDD information not available.
[   10.682279] input: AT Translated Set 2 keyboard as /devices/platform/i8042/serio0/input/input2
[   11.651388] Freeing unused kernel memory: 1480K (ffffffff81f42000 - ffffffff820b4000)
[   11.816252] Write protecting the kernel read-only data: 14336k
[   11.880191] Freeing unused kernel memory: 1832K (ffff880001836000 - ffff880001a00000)
[   11.889182] Freeing unused kernel memory: 152K (ffff880001dda000 - ffff880001e00000)
Loading, please wait...
starting version[   11.945470] random: systemd-udevd urandom read with 4 bits of entropy available
 229
[   12.018781] e1000: Intel(R) PRO/1000 Network Driver - version 7.3.21-k8-NAPI
[   12.059500] e1000: Copyright (c) 1999-2006 Intel Corporation.
[   12.080789] Fusion MPT base driver 3.04.20
[   12.083840] Copyright (c) 1999-2008 LSI Corporation
[   12.119355] Fusion MPT SPI Host driver 3.04.20
[   12.154217] mptbase: ioc0: Initiating bringup
[   12.229081] ioc0: LSI53C1030 A0: Capabilities={Initiator}
[   12.249058] AVX version of gcm_enc/dec engaged.
[   12.262452] AES CTR mode by8 optimization enabled
[   12.375807] input: ImExPS/2 Generic Explorer Mouse as /devices/platform/i8042/serio1/input/input4
[   12.475344] scsi host2: ioc0: LSI53C1030 A0, FwRev=00000000h, Ports=1, MaxQ=256, IRQ=20
[   12.932010] scsi 2:0:0:0: Direct-Access     VBOX     HARDDISK         1.0  PQ: 0 ANSI: 5
[   12.982205] scsi target2:0:0: Beginning Domain Validation
[   12.990074] scsi target2:0:0: Domain Validation skipping write tests
[   12.998869] scsi target2:0:0: Ending Domain Validation
[   13.015873] scsi target2:0:0: asynchronous
[   13.028395] scsi 2:0:1:0: Direct-Access     VBOX     HARDDISK         1.0  PQ: 0 ANSI: 5
[   13.032471] scsi target2:0:1: Beginning Domain Validation
[   13.035505] scsi target2:0:1: Domain Validation skipping write tests
[   13.048557] scsi target2:0:1: Ending Domain Validation
[   13.052140] scsi target2:0:1: asynchronous
[   13.144282] sd 2:0:0:0: Attached scsi generic sg0 type 0
[   13.157823] sd 2:0:0:0: [sda] 20971520 512-byte logical blocks: (10.7 GB/10.0 GiB)
[   13.193249] sd 2:0:1:0: [sdb] 20480 512-byte logical blocks: (10.5 MB/10.0 MiB)
[   13.206685] sd 2:0:1:0: Attached scsi generic sg1 type 0
[   13.219150] sd 2:0:1:0: [sdb] Write Protect is off
[   13.229086] sd 2:0:0:0: [sda] Write Protect is off
[   13.233509] sd 2:0:1:0: [sdb] Incomplete mode parameter data
[   13.239432] sd 2:0:1:0: [sdb] Assuming drive cache: write through
[   13.251942] sd 2:0:0:0: [sda] Incomplete mode parameter data
[   13.262933] sd 2:0:0:0: [sda] Assuming drive cache: write through
[   13.269077] sd 2:0:1:0: [sdb] Attached SCSI disk
[   13.290205]  sda: sda1
[   13.292382] sd 2:0:0:0: [sda] Attached SCSI disk
[   13.304842] e1000 0000:00:03.0 eth0: (PCI:33MHz:32-bit) 02:50:1b:09:58:23
[   13.304849] e1000 0000:00:03.0 eth0: Intel(R) PRO/1000 Network Connection
[   13.329542] e1000 0000:00:03.0 enp0s3: renamed from eth0
[   15.192582] floppy0: no floppy controllers found
Begin: Loading e[   16.615666] md: linear personality registered for level -1
ssential drivers[   16.700449] md: multipath personality registered for level -4
 ... [   16.777738] md: raid0 personality registered for level 0
[   16.816188] md: raid1 personality registered for level 1
[   16.924274] raid6: sse2x1   gen()  5528 MB/s
[   17.004695] raid6: sse2x1   xor()  6889 MB/s
[   17.128554] raid6: sse2x2   gen()  9771 MB/s
[   17.216382] raid6: sse2x2   xor()  5504 MB/s
[   17.289202] raid6: sse2x4   gen()  9506 MB/s
[   17.372197] raid6: sse2x4   xor()  8288 MB/s
[   17.394344] raid6: using algorithm sse2x2 gen() 9771 MB/s
[   17.395650] raid6: .... xor() 5504 MB/s, rmw enabled
[   17.422520] raid6: using ssse3x2 recovery algorithm
[   17.475581] xor: automatically using best checksumming function:
[   17.632935]    avx       : 37898.000 MB/sec
[   17.687680] async_tx: api initialized (async)
[   17.727823] md: raid6 personality registered for level 6
[   17.780648] md: raid5 personality registered for level 5
[   17.836142] md: raid4 personality registered for level 4
[   17.902024] md: raid10 personality registered for level 10
done.
Begin: Running /scripts/init-premount ... done.
Begin: Mounting root file system ... Begin: Ru[   18.010971] Btrfs loaded
nning /scripts/local-top ... done.
Begin: Running /scripts/local-premount ... Scanning for Btrf[   18.128409] EXT4-fs (sda1): mounted filesystem with ordered data mode. Opts: (null)
s filesystems
done.
Warning: fsck not present, so skipping root file system
done.
Begin: Running /scripts/local-bottom ... done.
Begin: Running /scripts/init-bottom ... Warning: overlayroot: debug is busted
done.
[   1.394 ste[1: systemd 22 rni inysem mode. +P +DI+SLIX MA+APPARMOR +SMACK+SYSVINIT +UTMP +LIBCRYPTSETUP +GCRYPT +GNUTLS AC+X-L +CCP LK +FULSKM -N)
[   19.82558syted[: teediralzatn acle.

[   20.413392] systemd[1]: Detected architecture x86-64.

Welcome to [1mUbuntu 16.04.1 LTS[0m!

[   20.450496] systemd[1]: Set hostname to <ubuntu-xenial>.
[   20.620637] systemd[1]: Listening on udev Kernel Socket.
[[0;32m  OK  [0m] Listening on udev Kernel Socket.
[ 206604] systemd[1]: Listening on Journal Socket (/dev/log).

[[0;32m  OK  [0m] Listening on Journal Socket (/dev/log).
[  20.821605] syte[1 Cated slice User andSeioSle.
[[0;32m  OK  [0m] Created slice User and Session Slice.
[   2.228 sstd[: stening on Deice-mapper event daemon FIFOs.

[[0;32m  OK  [0m] Listening on Device-mapper event daemon FIFOs.
[   21.6309] systemd[1]:eached target User and Group Name Lookups.
[[0;32m  OK  [0m] Reached target User and Group Name Lookups.
[   21.864970] systemd[1]: Started Forward Password Requests to Wall Directory Watch.
[[0;32m  OK  [0m] Started Forward Password Requests to Wall Directory Watch.
[  21.942626] systemd[1]: Listening on LVM2 poll daemon sockt.

[[0;32m  OK  [0m] Listening on LVM2 poll daemon socket.
[  2.065998]sytemd[1]: istening on udev Control Socket.

[[0;32m  OK  [0m] Listening on udev Control Socket.
[   22.258427] systemd[1]: Listening on Journal Socket.
[[0;32m  OK  [0m] Listening on Journal Socket.
[   22.275159] systemd[1]: Reached target Encrypted Volumes.
[[0;32m  OK  [0m] Reached target Encrypted Volumes.
[   22.282490] systemd[1]: Listening on /dev/initctl Compatibility Named Pipe.
[[0;32m  OK  [0m] Listening on /dev/initctl Compatibility Named Pipe.
[ 22325277] systemd[1]: Listening on yslo Ske

[[0;32m  OK  [0m] Listening on Syslog Socket.
[   22.62950] systemd[1]: etp atount Arbitrary Executable File Formats File System Automount Point.

[[0;32m  OK  [0m] Set up automount Arbitrary Executab...ats File System Automount Point.
[   22.922591] systemd[1]: Created slice System Slice.
[[0;32m  OK  [0m] Created slice System Slice.
[   23.041340] systemd[1]: Mounting POSIX Message Queue File System...
         Mounting POSIX Message Queue File System...
[   23.104953] systemd[1]: Starting Remount Root and Kernel File Systems...
         Starting Remount Root and Kernel File Systems...
[   23.114086] systemd[1]: Created slice system-serial\x2dgetty.slice.
[   23.118214] EXT4-fs (sda1): re-mounted. Opts: (null)
[[0;32m  OK  [0m] Created slice system-serial\x2dgetty.slice.
[   23.172571] systemd[1]: Mounting Debug File System...
         Mounting Debug File System...
[   23.264882] systemd[1]: Starting Uncomplicated firewall...
         Starting Uncomplicated firewall...
[   23.294888] systemd[1]: Starting Create list of required static device nodes for the current kernel...
         Starting Create list of required st... nodes for the current kernel...
[   23.385138] systemd[1]: Starting Load Kernel Modules...
         Starting Load Kernel Modules...
[   23.412416] Loading iSCSI transport class v2.0-870.
[   23.413711] systemd[1]: Starting Nameserver information manager...
         [   23.434379] random: nonblocking pool is initialized
Starting Nameserver information manager...
[   23.473112] systemd[1]: Reached target Slices.
[[0;32m  OK  [0m] Reached target Slices.
[   23.481264] iscsi: registered transport (tcp)
[   23.529696] systemd[1]: Listening on Journal Audit Socket.
[[0;32m  OK  [0m] Listening on Journal Audit Socket.
[   23.580589] systemd[1]: Starting Journal Service...
         Starting Journal Service...
[   23.602459] systemd[1]: Mounting Huge Pages File System...
         Mounting Huge Pa[   23.615129] iscsi: registered transport (iser)
ges File System...
[   23.623920] systemd[1]: Reached target Swap.
[[0;32m  OK  [0m] Reached target Swap.
[   23677170] systemd[1]: Liening on LVM2 mada em sck.
[[0;32m  OK  [0m] Listening on LVM2 metadata daemon socket.
[   24.116478] systemd[1]: Starting Monitoring of LVM2 mirrors, snapshots etc. using dmeventd or progress polling...
         Starting Monitoring of LVM2 mirrors... dmeventd or progress polling...
[   24.172970] systemd[1]: Starting Set console keymap...
         Starting Set console keymap...
[   24.206905] systemd[1]: Mounted Huge Pages File System.
[[0;32m  OK  [0m] Mounted Huge Pages File System.
[   24.214254] systemd[1]: Mounted Debug File System.
[[0;32m  OK  [0m] Mounted Debug File System.
[   24.277202] systemd[1]: Mounted POSIX Message Queue File System.
[[0;32m  OK  [0m] Mounted POSIX Message Queue File System.
[   24.349317] systemd[1]: Started Journal Service.
[[0;32m  OK  [0m] Started Journal Service.
[[0;32m  OK  [0m] Started Remount Root and Kernel File Systems.
[[0;32m  OK  [0m] Started Uncomplicated firewall.
[[0;32m  OK  [0m] Started Create list of required sta...ce nodes for the current kernel.
[[0;32m  OK  [0m] Started Load Kernel Modules.
[[0;32m  OK  [0m] Started Set console keymap.
[[0;32m  OK  [0m] Started Nameserver information manager.
[[0;32m  OK  [0m] Started LVM2 metadata daemon.
         Mounting FUSE Control File System...
         Starting Apply Kernel Variables...
         Starting Create Static Device Nodes in /dev...
         Starting udev Coldplug all Devices...
         Starting Load/Save Random Seed...
         Starting Flush Journal to Persistent Storage...
[[0;32m  OK  [0m] Mounted FUSE Control File System.
[[0;32m  OK  [0m] Started Apply Kernel Variables.
[[0;32m  OK  [0m] Started Create Static Device Nodes in /dev.
[[0;32m  OK  [0m] Started Monitoring of LVM2 mirrors,...ng dmeventd or progress polling.
[[0;32m  OK  [0m] Started Load/Save Random Seed.
[[0;32m  OK  [0m] Started udev Coldplug all Devices.
[[0;32m  OK  [0m] Started Flush Journal to Persistent Storage.
         Starting udev Kernel Device Manager...
[[0;32m  OK  [0m] Started udev Kernel Device Manager.
[[0;32m  OK  [0m] Reached target Local File Systems (Pre).
[[0;32m  OK  [0m] Reached target Local File Systems.
         Starting Enable support for additional executable binary formats...
         Starting Set console font and keymap...
         Starting Tell Plymouth To Write Out Runtime Data...
         Starting LSB: AppArmor initialization...
         Starting Create Volatile Files and Directories...
         Starting Initial cloud-init job (pre-networking)...
[[0;32m  OK  [0m] Started Dispatch Password Requests to Console Directory Watch.
[[0;32m  OK  [0m] Started Tell Plymouth To Write Out Runtime Data.
[[0;32m  OK  [0m] Started Create Volatile Files and Directories.
[[0;32m  OK  [0m] Started Set console font and keymap.
         Mounting Arbitrary Executable File Formats File System...
[[0;32m  OK  [0m] Created slice system-getty.slice.
[[0;32m  OK  [0m] Reached target System Time Synchronized.
         Starting Update UTMP about System Boot/Shutdown...
[[0;32m  OK  [0m] Mounted Arbitrary Executable File Formats File System.
[[0;32m  OK  [0m] Started LSB: AppArmor initialization.
[[0;32m  OK  [0m] Started Enable support for additional executable binary formats.
[[0;32m  OK  [0m] Started Update UTMP about System Boot/Shutdown.
[[0;32m  OK  [0m] Reached target System Initialization.
[[0;32m  OK  [0m] Started Daily apt activities.
[[0;32m  OK  [0m] Listening on ACPID Listen Socket.
         Starting Socket activation for snappy daemon.
         Starting LXD - unix socket.
[[0;32m  OK  [0m] Started Timer to automatically refresh installed snaps.
[[0;32m  OK  [0m] Started Trigger resolvconf update for networkd DNS.
[[0;32m  OK  [0m] Listening on RPCbind Server Activation Socket.
[[0;32m  OK  [0m] Started ACPI Events Check.
[[0;32m  OK  [0m] Reached target Paths.
[[0;32m  OK  [0m] Listening on UUID daemon activation socket.
[[0;32m  OK  [0m] Started Daily Cleanup of Temporary Directories.
[[0;32m  OK  [0m] Reached target Timers.
[[0;32m  OK  [0m] Listening on D-Bus System Message Bus Socket.
[[0;32m  OK  [0m] Listening on Socket activation for snappy daemon.
[[0;32m  OK  [0m] Listening on LXD - unix socket.
[[0;32m  OK  [0m] Found device /dev/ttyS0.
[[0;32m  OK  [0m] Reached target Sockets.
[[0;32m  OK  [0m] Reached target Basic System.
         Starting vboxadd.service...
         Starting LSB: MD monitoring daemon...
         Starting Accounts Service...
         Starting vboxadd-x11.service...
[[0;32m  OK  [0m] Started ACPI event daemon.
[[0;32m  OK  [0m] Started Regular background program processing daemon.
         Starting LSB: Record successful boot for GRUB...
         Starting LXD - container startup/shutdown...
[[0;32m  OK  [0m] Started Deferred execution scheduler.
         Starting Login Service...
[[0;32m  OK  [0m] Started FUSE filesystem for LXC.
[[0;32m  OK  [0m] Started D-Bus System Message Bus.
         Starting System Logging Service...
[[0;32m  OK  [0m] Started Snappy daemon.
[[0;32m  OK  [0m] Started System Logging Service.
[   22.317933] cloud-init[1229]: Cloud-init v. 0.7.7 running 'init-local' at Wed, 14 Sep 2016 03:37:40 +0000. Up 21.89 seconds.
[[0;32m  OK  [0m] Started vboxadd.service.
[[0;32m  OK  [0m] Started vboxadd-x11.service.
[[0;32m  OK  [0m] Started Initial cloud-init job (pre-networking).
[[0;32m  OK  [0m] Started LSB: Record successful boot for GRUB.
[[0;32m  OK  [0m] Started LSB: MD monitoring daemon.
[[0;32m  OK  [0m] Started Login Service.
         Starting Authenticate and Authorize Users to Run Privileged Tasks...
[[0;32m  OK  [0m] Listening on Load/Save RF Kill Switch Status /dev/rfkill Watch.
[[0;32m  OK  [0m] Reached target Network (Pre).
[[0;32m  OK  [0m] Started ifup for enp0s3.
         Starting Raise network interfaces...
         Starting vboxadd-service.service...
[[0;32m  OK  [0m] Started vboxadd-service.service.
[[0;32m  OK  [0m] Started Authenticate and Authorize Users to Run Privileged Tasks.
[[0;32m  OK  [0m] Started Accounts Service.
[[0;32m  OK  [0m] Started Raise network interfaces.
         Starting Initial cloud-init job (metadata service crawler)...
[[0;32m  OK  [0m] Reached target Network.
         Starting Automatically refresh installed snaps...
[   24.624617] cloud-init[2204]: Cloud-init v. 0.7.7 running 'init' at Wed, 14 Sep 2016 03:37:43 +0000. Up 24.36 seconds.
[   24.704569] cloud-init[2204]: ci-info: +++++++++++++++++++++++++++++++++++++Net device info++++++++++++++++++++++++++++++++++++++
[   24.704874] cloud-init[2204]: ci-info: +--------+------+----------------------------+---------------+-------+-------------------+
[[0;32m  OK  [0m] Started Initial cloud-init job (metadata service crawler).
[   24.705097] cloud-init[2204]: ci-info: | Device |  Up  |          Address           |      Mask     | Scope |     Hw-Address    |
[[   24.856667] cloud-init[2204]: ci-info: +--------+------+----------------------------+---------------+-------+-------------------+
[   24.857352] cloud-init[2204]: ci-info: |   lo   | True |         127.0.0.1          |   255.0.0.0   |   .   |         .         |
[0;32m  OK  [0m] Reached target Network is Online.
[   24.857690] cloud-init[2204]: ci-info: |   lo   | True |          ::1/128           |       .       |  host |         .         |
[   25.112446] cloud-init[2204]: ci-info: | enp0s3 | True |         10.0.2.15          | 255.255.255.0 |   .   | 02:50:1b:09:58:23 |
[   25.112750] cloud-init[2204]: ci-info: | enp0s3 | True | fe80::50:1bff:fe09:5823/64 |       .       |  link | 02:50:1b:09:58:23 |
         Starting OpenBSD Secure Shell server...
[   25.112902] cloud-init[2204]: ci-info: +--------+------+----------------------------+---------------+-------+-------------------+
[   25.424121] cloud-init[2204]: ci-info: +++++++++++++++++++++++++++Route IPv4 info++++++++++++++++++++++++++++
[   25.424624] cloud-init[2204]: ci-info: +-------+-------------+----------+---------------+-----------+-------+
         Starting iSCSI initiator daemon (iscsid)...
[   25.424760] cloud-init[2204]: ci-info: | Route | Destination | Gateway  |    Genmask    | Interface | Flags |
[   25.768706] cloud-init[2204]: ci-info: +-------+-------------+----------+---------------+-----------+-------+
[   25.769039] cloud-init[2204]: ci-info: |   0   |   0.0.0.0   | 10.0.2.2 |    0.0.0.0    |   enp0s3  |   UG  |
         Starting /etc/rc.local Compatibility...
[   25.769303] cloud-init[2204]: ci-info: |   1   |   10.0.2.0  | 0.0.0.0  | 255.255.255.0 |   enp0s3  |   U   |
[   25.881456] cloud-init[2204]: ci-info: +-------+-------------+----------+---------------+-----------+-------+
[[0;32m  OK  [0m] Reached target Cloud-config availability.
         Starting Apply the settings specified in cloud-config...
[[0;32m  OK  [0m] Started OpenBSD Secure Shell server.
[[0;32m  OK  [0m] Started /etc/rc.local Compatibility.
[[0;32m  OK  [0m] Started iSCSI initiator daemon (iscsid).
         Starting Login to default iSCSI targets...
[[0;32m  OK  [0m] Started Login to default iSCSI targets.
[[0;32m  OK  [0m] Reached target Remote File Systems (Pre).
[[0;32m  OK  [0m] Reached target Remote File Systems.
         Starting LSB: Set the CPU Frequency Scaling governor to "ondemand"...
         Starting LSB: automatic crash report generation...
         Starting Permit User Sessions...
         Starting LSB: daemon to balance interrupts for SMP systems...
[[0;32m  OK  [0m] Started Permit User Sessions.
         Starting Hold until boot process finishes up...
         Starting Terminate Plymouth Boot Screen...
[   26.433971] cloud-init[2263]: Cloud-init v. 0.7.7 running 'modules:config' at Wed, 14 Sep 2016 03:37:45 +0000. Up 26.31 seconds.
[[0;32m  OK  [0m] Started Automatically refresh installed snaps.
[[0;32m  OK  [0m] Started Apply the settings specified in cloud-config.
[[0;32m  OK  [0m] Started LSB: Set the CPU Frequency Scaling governor to "ondemand".
[[0;32m  OK  [0m] Started LSB: automatic crash report generation.
[[0;32m  OK  [0m] Started LSB: daemon to balance interrupts for SMP systems.
[[0;32m  OK  [0m] Started Hold until boot process finishes up.
[[0;32m  OK  [0m] Started Terminate Plymouth Boot Screen.
[[0;32m  OK  [0m] Started Serial Getty on ttyS0.
[[0;32m  OK  [0m] Started Getty on tty1.
[[0;32m  OK  [0m] Reached target Login Prompts.
         Starting Set console scheme...
         Starting Execute cloud user/final scripts...
[[0;32m  OK  [0m] Started Set console scheme.
[   27.503495] cloud-init[2339]: Cloud-init v. 0.7.7 running 'modules:final' at Wed, 14 Sep 2016 03:37:46 +0000. Up 27.39 seconds.
[   27.532758] cloud-init[2339]: Cloud-init v. 0.7.7 finished at Wed, 14 Sep 2016 03:37:46 +0000. Datasource DataSourceNoCloud [seed=/dev/sdb][dsmode=net].  Up 27.49 seconds
[[0;32m  OK  [0m] Started Execute cloud user/final scripts.
[[0;32m  OK  [0m] Reached target Cloud-init target.
[[0;32m  OK  [0m] Created slice User Slice of ubuntu.
         Starting User Manager for UID 1000...
[[0;32m  OK  [0m] Started User Manager for UID 1000.
[[0;32m  OK  [0m] Started Session 1 of user ubuntu.

Ubuntu 16.04.1 LTS ubuntu-xenial ttyS0

ubuntu-xenial login: [[0;32m  OK  [         Stopping LSB: Record successful boot for GRUB...
         Stopping System Logging Service...
         Stopping D-Bus System Message Bus...
[[0;32m  OK  [0m] Stopped target System Time Synchronized.
         Stopping Getty on tty1...
         Stopping LSB: automatic crash report generation...
         Stopping vboxadd-service.service...
[[0;32m  OK  [0m] Stopped target Cloud-config availability.
         Stopping Session 5 of user ubuntu.
         Stopping LSB: Set the CPU Frequency Scaling governor to "ondemand"...
         Starting Unattended Upgrades Shutdown...
[[0;32m  OK  [0m] Stopped Daily Cleanup of Temporary Directories.
[[0;32m  OK  [0m] Unmounted /var/lib/lxcfs.
[[0;32m  OK  [0m] Stopped Accounts Service.
[[0;32m  OK  [0m] Stopped ACPI event daemon.
[[0;32m  OK  [0m] Stopped Regular background program processing daemon.
[[0;32m  OK  [0m] Stopped Deferred execution scheduler.
[[0;32m  OK  [0m] Stopped System Logging Service.
[[0;32m  OK  [0m] Stopped Snappy daemon.
[[0;32m  OK  [0m] Stopped Authenticate and Authorize Users to Run Privileged Tasks.
[[0;32m  OK  [0m] Stopped OpenBSD Secure Shell server.
[[0;32m  OK  [0m] Stopped Serial Getty on ttyS0.
[[0;32m  OK  [0m] Stopped Getty on tty1.
[[0;32m  OK  [0m] Stopped User Manager for UID 1000.
[[0;32m  OK  [0m] Stopped vboxadd-x11.service.
[[0;32m  OK  [0m] Stopped D-Bus System Message Bus.
[[0;32m  OK  [0m] Stopped vboxadd-service.service.
[[0;32m  OK  [0m] Stopped Session 5 of user ubuntu.
[[0;32m  OK  [0m] Started Unattended Upgrades Shutdown.
[[0;32m  OK  [0m] Stopped FUSE filesystem for LXC.
[[0;32m  OK  [0m] Stopped LSB: MD monitoring daemon.
[[0;32m  OK  [0m] Stopped LSB: daemon to balance interrupts for SMP systems.
[[0;32m  OK  [0m] Stopped LSB: Record successful boot for GRUB.
[[0;32m  OK  [0m] Stopped LSB: Set the CPU Frequency Scaling governor to "ondemand".
[[0;32m  OK  [0m] Stopped LSB: automatic crash report generation.
         Stopping vboxadd.service...
[[0;32m  OK  [0m] Removed slice User Slice of ubuntu.
         Stopping Login Service...
[[0;32m  OK  [0m] Removed slice system-getty.slice.
         Stopping Permit User Sessions...
[[0;32m  OK  [0m] Removed slice system-serial\x2dgetty.slice.
[[0;32m  OK  [0m] Stopped /etc/rc.local Compatibility.
[[0;32m  OK  [0m] Unmounted /vagrant.
[[0;32m  OK  [0m] Stopped Login Service.
[[0;32m  OK  [0m] Stopped vboxadd.service.
[[0;32m  OK  [0m] Stopped Permit User Sessions.
[[0;32m  OK  [0m] Stopped target Remote File Systems.
[[0;32m  OK  [0m] Stopped target Remote File Systems (Pre).
         Stopping Login to default iSCSI targets...
[[0;32m  OK  [0m] Stopped target User and Group Name Lookups.
[[0;32m  OK  [0m] Stopped Login to default iSCSI targets.
         Stopping iSCSI initiator daemon (iscsid)...
[[0;32m  OK  [0m] Stopped iSCSI initiator daemon (iscsid).
[[0;32m  OK  [0m] Stopped target Network is Online.
[[0;32m  OK  [0m] Stopped Initial cloud-init job (metadata service crawler).
[[0;32m  OK  [0m] Stopped target Basic System.
[[0;32m  OK  [0m] Stopped target Sockets.
[[0;32m  OK  [0m] Closed UUID daemon activation socket.
[[0;32m  OK  [0m] Closed ACPID Listen Socket.
[[0;32m  OK  [0m] Closed D-Bus System Message Bus Socket.
[[0;32m  OK  [0m] Closed Socket activation for snappy daemon.
[[0;32m  OK  [0m] Closed LXD - unix socket.
[[0;32m  OK  [0m] Closed RPCbind Server Activation Socket.
[[0;32m  OK  [0m] Closed Syslog Socket.
[[0;32m  OK  [0m] Stopped target Slices.
[[0;32m  OK  [0m] Removed slice User and Session Slice.
[[0;32m  OK  [0m] Stopped target Paths.
[[0;32m  OK  [0m] Stopped ACPI Events Check.
[[0;32m  OK  [0m] Stopped Dispatch Password Requests to Console Directory Watch.
[[0;32m  OK  [0m] Stopped Trigger resolvconf update for networkd DNS.
[[0;32m  OK  [0m] Stopped target System Initialization.
         Stopping Load/Save Random Seed...
[[0;32m  OK  [0m] Stopped target Swap.
[[0;32m  OK  [0m] Stopped target Encrypted Volumes.
         Stopping Update UTMP about System Boot/Shutdown...
[[0;32m  OK  [0m] Stopped Forward Password Requests to Wall Directory Watch.
[[0;32m  OK  [0m] Stopped target Network.
         Stopping Raise network interfaces...
[[0;32m  OK  [0m] Stopped Load/Save Random Seed.
[[0;32m  OK  [0m] Stopped Update UTMP about System Boot/Shutdown.
[[0;32m  OK  [0m] Stopped Create Volatile Files and Directories.
[[0;32m  OK  [0m] Stopped Raise network interfaces.
[[0;32m  OK  [0m] Stopped Apply Kernel Variables.
[[0;32m  OK  [0m] Stopped Load Kernel Modules.
[[0;32m  OK  [0m] Stopped target Network (Pre).
[[0;32m  OK  [0m] Stopped Initial cloud-init job (pre-networking).
[[0;32m  OK  [0m] Stopped target Local File Systems.
         Unmounting /run/user/1000...
         Unmounting /run/lxcfs/controllers/perf_event...
         Unmounting /run/lxcfs/controllers/devices...
         Unmounting /run/lxcfs/controllers/memory...
         Unmounting /run/lxcfs/controllers/hugetlb...
         Unmounting /run/lxcfs/controllers/net_cls,net_prio...
         Unmounting /run/lxcfs/controllers/blkio...
         Unmounting /run/lxcfs/controllers/pids...
         Unmounting /run/lxcfs/controllers/cpu,cpuacct...
         Unmounting /run/lxcfs/controllers/cpuset...
         Unmounting /run/lxcfs/controllers/name=systemd...
         Unmounting /run/lxcfs/controllers/freezer...
[[0;32m  OK  [0m] Unmounted /run/user/1000.
[[0;32m  OK  [0m] Unmounted /run/lxcfs/controllers/perf_event.
[[0;32m  OK  [0m] Unmounted /run/lxcfs/controllers/devices.
[[0;32m  OK  [0m] Unmounted /run/lxcfs/controllers/memory.
[[0;32m  OK  [0m] Unmounted /run/lxcfs/controllers/hugetlb.
[[0;32m  OK  [0m] Unmounted /run/lxcfs/controllers/net_cls,net_prio.
[[0;32m  OK  [0m] Unmounted /run/lxcfs/controllers/blkio.
[[0;32m  OK  [0m] Unmounted /run/lxcfs/controllers/pids.
[[0;32m  OK  [0m] Unmounted /run/lxcfs/controllers/cpu,cpuacct.
[[0;32m  OK  [0m] Unmounted /run/lxcfs/controllers/cpuset.
[[0;32m  OK  [0m] Unmounted /run/lxcfs/controllers/name=systemd.
[[0;32m  OK  [0m] Unmounted /run/lxcfs/controllers/freezer.
         Unmounting /run/lxcfs/controllers...
[[0;32m  OK  [0m] Unmounted /run/lxcfs/controllers.
[[0;32m  OK  [0m] Reached target Unmount All Filesystems.
[[0;32m  OK  [0m] Stopped target Local File Systems (Pre).
         Stopping Monitoring of LVM2 mirrors... dmeventd or progress polling...
[[0;32m  OK  [0m] Stopped Create Static Device Nodes in /dev.
[[0;32m  OK  [0m] Stopped Remount Root and Kernel File Systems.
[[0;32m  OK  [0m] Reached target Shutdown.
[ 2640.879446] reboot: Power down
